<!doctype html public "-//w3c//dtd html 4.0 transitional//en">
<html><head>
<title>Static Call Graph - [.\keil_output\iflash_nxp_lpcxpresso_1549\freertos_project.axf]</title></head>
<body><HR>
<H1>Static Call Graph for image .\keil_output\iflash_nxp_lpcxpresso_1549\freertos_project.axf</H1><HR>
<BR><P>#&#060CALLGRAPH&#062# ARM Linker, 5060061: Last Updated: Tue Dec 01 13:36:18 2015
<BR><P>
<H3>Maximum Stack Usage =        224 bytes + Unknown(Functions without stacksize, Cycles, Untraceable Function Pointers)</H3><H3>
Call chain for Maximum Stack Depth:</H3>
prvTimerTask &rArr; prvProcessReceivedCommands &rArr; prvSampleTimeNow &rArr; prvSwitchTimerLists &rArr; xTimerGenericCommand &rArr; xQueueGenericSend &rArr; xTaskResumeAll &rArr; xTaskIncrementTick
<P>
<H3>
Functions with no stack information
</H3><UL>
 <LI><a href="#[7e]">__user_initial_stackheap</a>
</UL>
</UL>
<P>
<H3>
Mutually Recursive functions
</H3> <LI><a href="#[a]">NMI_Handler</a>&nbsp;&nbsp;&nbsp;&rArr;&nbsp;&nbsp;&nbsp;<a href="#[a]">NMI_Handler</a><BR>
 <LI><a href="#[b]">HardFault_Handler</a>&nbsp;&nbsp;&nbsp;&rArr;&nbsp;&nbsp;&nbsp;<a href="#[b]">HardFault_Handler</a><BR>
 <LI><a href="#[37]">ACMP0_IRQHandler</a>&nbsp;&nbsp;&nbsp;&rArr;&nbsp;&nbsp;&nbsp;<a href="#[37]">ACMP0_IRQHandler</a><BR>
</UL>
<P>
<H3>
Function Pointers
</H3><UL>
 <LI><a href="#[37]">ACMP0_IRQHandler</a> from keil_freertos_startup_lpc15xx.o(.text) referenced from keil_freertos_startup_lpc15xx.o(RESET)
 <LI><a href="#[38]">ACMP1_IRQHandler</a> from keil_freertos_startup_lpc15xx.o(.text) referenced from keil_freertos_startup_lpc15xx.o(RESET)
 <LI><a href="#[39]">ACMP2_IRQHandler</a> from keil_freertos_startup_lpc15xx.o(.text) referenced from keil_freertos_startup_lpc15xx.o(RESET)
 <LI><a href="#[3a]">ACMP3_IRQHandler</a> from keil_freertos_startup_lpc15xx.o(.text) referenced from keil_freertos_startup_lpc15xx.o(RESET)
 <LI><a href="#[2e]">ADC0A_IRQHandler</a> from keil_freertos_startup_lpc15xx.o(.text) referenced from keil_freertos_startup_lpc15xx.o(RESET)
 <LI><a href="#[2f]">ADC0B_IRQHandler</a> from keil_freertos_startup_lpc15xx.o(.text) referenced from keil_freertos_startup_lpc15xx.o(RESET)
 <LI><a href="#[31]">ADC0_OVR_IRQHandler</a> from keil_freertos_startup_lpc15xx.o(.text) referenced from keil_freertos_startup_lpc15xx.o(RESET)
 <LI><a href="#[30]">ADC0_THCMP_IRQHandler</a> from keil_freertos_startup_lpc15xx.o(.text) referenced from keil_freertos_startup_lpc15xx.o(RESET)
 <LI><a href="#[32]">ADC1A_IRQHandler</a> from keil_freertos_startup_lpc15xx.o(.text) referenced from keil_freertos_startup_lpc15xx.o(RESET)
 <LI><a href="#[33]">ADC1B_IRQHandler</a> from keil_freertos_startup_lpc15xx.o(.text) referenced from keil_freertos_startup_lpc15xx.o(RESET)
 <LI><a href="#[35]">ADC1_OVR_IRQHandler</a> from keil_freertos_startup_lpc15xx.o(.text) referenced from keil_freertos_startup_lpc15xx.o(RESET)
 <LI><a href="#[34]">ADC1_THCMP_IRQHandler</a> from keil_freertos_startup_lpc15xx.o(.text) referenced from keil_freertos_startup_lpc15xx.o(RESET)
 <LI><a href="#[10]">BOD_IRQHandler</a> from keil_freertos_startup_lpc15xx.o(.text) referenced from keil_freertos_startup_lpc15xx.o(RESET)
 <LI><a href="#[2a]">CAN_IRQHandler</a> from keil_freertos_startup_lpc15xx.o(.text) referenced from keil_freertos_startup_lpc15xx.o(RESET)
 <LI><a href="#[36]">DAC_IRQHandler</a> from keil_freertos_startup_lpc15xx.o(.text) referenced from keil_freertos_startup_lpc15xx.o(RESET)
 <LI><a href="#[13]">DMA_IRQHandler</a> from keil_freertos_startup_lpc15xx.o(.text) referenced from keil_freertos_startup_lpc15xx.o(RESET)
 <LI><a href="#[12]">EEPROM_IRQHandler</a> from keil_freertos_startup_lpc15xx.o(.text) referenced from keil_freertos_startup_lpc15xx.o(RESET)
 <LI><a href="#[11]">FMC_IRQHandler</a> from keil_freertos_startup_lpc15xx.o(.text) referenced from keil_freertos_startup_lpc15xx.o(RESET)
 <LI><a href="#[14]">GINT0_IRQHandler</a> from keil_freertos_startup_lpc15xx.o(.text) referenced from keil_freertos_startup_lpc15xx.o(RESET)
 <LI><a href="#[15]">GINT1_IRQHandler</a> from keil_freertos_startup_lpc15xx.o(.text) referenced from keil_freertos_startup_lpc15xx.o(RESET)
 <LI><a href="#[b]">HardFault_Handler</a> from keil_freertos_startup_lpc15xx.o(.text) referenced from keil_freertos_startup_lpc15xx.o(RESET)
 <LI><a href="#[27]">I2C0_IRQHandler</a> from i2c_slave_interrupt.o(i.I2C0_IRQHandler) referenced from keil_freertos_startup_lpc15xx.o(RESET)
 <LI><a href="#[23]">MRT_IRQHandler</a> from keil_freertos_startup_lpc15xx.o(.text) referenced from keil_freertos_startup_lpc15xx.o(RESET)
 <LI><a href="#[a]">NMI_Handler</a> from keil_freertos_startup_lpc15xx.o(.text) referenced from keil_freertos_startup_lpc15xx.o(RESET)
 <LI><a href="#[16]">PIN_INT0_IRQHandler</a> from keil_freertos_startup_lpc15xx.o(.text) referenced from keil_freertos_startup_lpc15xx.o(RESET)
 <LI><a href="#[17]">PIN_INT1_IRQHandler</a> from keil_freertos_startup_lpc15xx.o(.text) referenced from keil_freertos_startup_lpc15xx.o(RESET)
 <LI><a href="#[18]">PIN_INT2_IRQHandler</a> from keil_freertos_startup_lpc15xx.o(.text) referenced from keil_freertos_startup_lpc15xx.o(RESET)
 <LI><a href="#[19]">PIN_INT3_IRQHandler</a> from keil_freertos_startup_lpc15xx.o(.text) referenced from keil_freertos_startup_lpc15xx.o(RESET)
 <LI><a href="#[1a]">PIN_INT4_IRQHandler</a> from keil_freertos_startup_lpc15xx.o(.text) referenced from keil_freertos_startup_lpc15xx.o(RESET)
 <LI><a href="#[1b]">PIN_INT5_IRQHandler</a> from keil_freertos_startup_lpc15xx.o(.text) referenced from keil_freertos_startup_lpc15xx.o(RESET)
 <LI><a href="#[1c]">PIN_INT6_IRQHandler</a> from keil_freertos_startup_lpc15xx.o(.text) referenced from keil_freertos_startup_lpc15xx.o(RESET)
 <LI><a href="#[1d]">PIN_INT7_IRQHandler</a> from keil_freertos_startup_lpc15xx.o(.text) referenced from keil_freertos_startup_lpc15xx.o(RESET)
 <LI><a href="#[d]">PendSV_Handler</a> from port.o(.emb_text) referenced from keil_freertos_startup_lpc15xx.o(RESET)
 <LI><a href="#[3b]">QEI_IRQHandler</a> from keil_freertos_startup_lpc15xx.o(.text) referenced from keil_freertos_startup_lpc15xx.o(RESET)
 <LI><a href="#[1e]">RIT_IRQHandler</a> from keil_freertos_startup_lpc15xx.o(.text) referenced from keil_freertos_startup_lpc15xx.o(RESET)
 <LI><a href="#[3c]">RTC_ALARM_IRQHandler</a> from keil_freertos_startup_lpc15xx.o(.text) referenced from keil_freertos_startup_lpc15xx.o(RESET)
 <LI><a href="#[3d]">RTC_WAKE_IRQHandler</a> from keil_freertos_startup_lpc15xx.o(.text) referenced from keil_freertos_startup_lpc15xx.o(RESET)
 <LI><a href="#[9]">Reset_Handler</a> from keil_freertos_startup_lpc15xx.o(.text) referenced from keil_freertos_startup_lpc15xx.o(RESET)
 <LI><a href="#[1f]">SCT0_IRQHandler</a> from sct_capture.o(i.SCT0_IRQHandler) referenced from keil_freertos_startup_lpc15xx.o(RESET)
 <LI><a href="#[20]">SCT1_IRQHandler</a> from keil_freertos_startup_lpc15xx.o(.text) referenced from keil_freertos_startup_lpc15xx.o(RESET)
 <LI><a href="#[21]">SCT2_IRQHandler</a> from keil_freertos_startup_lpc15xx.o(.text) referenced from keil_freertos_startup_lpc15xx.o(RESET)
 <LI><a href="#[22]">SCT3_IRQHandler</a> from keil_freertos_startup_lpc15xx.o(.text) referenced from keil_freertos_startup_lpc15xx.o(RESET)
 <LI><a href="#[28]">SPI0_IRQHandler</a> from keil_freertos_startup_lpc15xx.o(.text) referenced from keil_freertos_startup_lpc15xx.o(RESET)
 <LI><a href="#[29]">SPI1_IRQHandler</a> from keil_freertos_startup_lpc15xx.o(.text) referenced from keil_freertos_startup_lpc15xx.o(RESET)
 <LI><a href="#[c]">SVC_Handler</a> from port.o(.emb_text) referenced from keil_freertos_startup_lpc15xx.o(RESET)
 <LI><a href="#[e]">SysTick_Handler</a> from port.o(i.SysTick_Handler) referenced from keil_freertos_startup_lpc15xx.o(RESET)
 <LI><a href="#[3e]">SystemInit</a> from sysinit_1.o(i.SystemInit) referenced from keil_freertos_startup_lpc15xx.o(.text)
 <LI><a href="#[24]">UART0_IRQHandler</a> from keil_freertos_startup_lpc15xx.o(.text) referenced from keil_freertos_startup_lpc15xx.o(RESET)
 <LI><a href="#[25]">UART1_IRQHandler</a> from keil_freertos_startup_lpc15xx.o(.text) referenced from keil_freertos_startup_lpc15xx.o(RESET)
 <LI><a href="#[26]">UART2_IRQHandler</a> from keil_freertos_startup_lpc15xx.o(.text) referenced from keil_freertos_startup_lpc15xx.o(RESET)
 <LI><a href="#[2d]">USBWakeup_IRQHandler</a> from keil_freertos_startup_lpc15xx.o(.text) referenced from keil_freertos_startup_lpc15xx.o(RESET)
 <LI><a href="#[2c]">USB_FIQHandler</a> from keil_freertos_startup_lpc15xx.o(.text) referenced from keil_freertos_startup_lpc15xx.o(RESET)
 <LI><a href="#[2b]">USB_IRQHandler</a> from keil_freertos_startup_lpc15xx.o(.text) referenced from keil_freertos_startup_lpc15xx.o(RESET)
 <LI><a href="#[f]">WDT_IRQHandler</a> from keil_freertos_startup_lpc15xx.o(.text) referenced from keil_freertos_startup_lpc15xx.o(RESET)
 <LI><a href="#[4c]">__main</a> from __main.o(!!!main) referenced from keil_freertos_startup_lpc15xx.o(.text)
 <LI><a href="#[41]">_printf_input_char</a> from _printf_char_common.o(.text) referenced from _printf_char_common.o(.text)
 <LI><a href="#[40]">fputc</a> from board.o(i.fputc) referenced from _printf_char_file.o(.text)
 <LI><a href="#[42]">i2C_slave_Task</a> from i2c_slave_interrupt.o(i.i2C_slave_Task) referenced from freertos_project_main.o(i.main)
 <LI><a href="#[4b]">processSlaveTransferDone</a> from i2c_slave_interrupt.o(i.processSlaveTransferDone) referenced from i2c_slave_interrupt.o(.constdata)
 <LI><a href="#[4a]">processSlaveTransferRecv</a> from i2c_slave_interrupt.o(i.processSlaveTransferRecv) referenced from i2c_slave_interrupt.o(.constdata)
 <LI><a href="#[49]">processSlaveTransferSend</a> from i2c_slave_interrupt.o(i.processSlaveTransferSend) referenced from i2c_slave_interrupt.o(.constdata)
 <LI><a href="#[48]">processSlaveTransferStart</a> from i2c_slave_interrupt.o(i.processSlaveTransferStart) referenced from i2c_slave_interrupt.o(.constdata)
 <LI><a href="#[46]">prvIdleTask</a> from tasks.o(i.prvIdleTask) referenced from tasks.o(i.vTaskStartScheduler)
 <LI><a href="#[45]">prvTaskExitError</a> from port.o(i.prvTaskExitError) referenced from port.o(i.pxPortInitialiseStack)
 <LI><a href="#[47]">prvTimerTask</a> from timers.o(i.prvTimerTask) referenced from timers.o(i.xTimerCreateTimerTask)
 <LI><a href="#[43]">pwm_task</a> from motor_control.o(i.pwm_task) referenced from freertos_project_main.o(i.main)
 <LI><a href="#[44]">vUARTTask</a> from freertos_project_main.o(i.vUARTTask) referenced from freertos_project_main.o(i.main)
</UL>
<P>
<H3>
Global Symbols
</H3>
<P><STRONG><a name="[4c]"></a>__main</STRONG> (Thumb, 8 bytes, Stack size 0 bytes, __main.o(!!!main))
<BR><BR>[Calls]<UL><LI><a href="#[4d]">&gt;&gt;</a>&nbsp;&nbsp;&nbsp;__scatterload
<LI><a href="#[4e]">&gt;&gt;</a>&nbsp;&nbsp;&nbsp;__rt_entry
</UL>

<P><STRONG><a name="[4d]"></a>__scatterload</STRONG> (Thumb, 0 bytes, Stack size unknown bytes, __scatter.o(!!!scatter))
<BR><BR>[Called By]<UL><LI><a href="#[4c]">&gt;&gt;</a>&nbsp;&nbsp;&nbsp;__main
</UL>

<P><STRONG><a name="[4f]"></a>__scatterload_rt2</STRONG> (Thumb, 44 bytes, Stack size unknown bytes, __scatter.o(!!!scatter), UNUSED)
<BR><BR>[Calls]<UL><LI><a href="#[4e]">&gt;&gt;</a>&nbsp;&nbsp;&nbsp;__rt_entry
</UL>

<P><STRONG><a name="[10d]"></a>__scatterload_rt2_thumb_only</STRONG> (Thumb, 0 bytes, Stack size unknown bytes, __scatter.o(!!!scatter), UNUSED)

<P><STRONG><a name="[10e]"></a>__scatterload_null</STRONG> (Thumb, 0 bytes, Stack size unknown bytes, __scatter.o(!!!scatter), UNUSED)

<P><STRONG><a name="[50]"></a>__scatterload_copy</STRONG> (Thumb, 26 bytes, Stack size unknown bytes, __scatter_copy.o(!!handler_copy), UNUSED)
<BR><BR>[Calls]<UL><LI><a href="#[50]">&gt;&gt;</a>&nbsp;&nbsp;&nbsp;__scatterload_copy
</UL>
<BR>[Called By]<UL><LI><a href="#[50]">&gt;&gt;</a>&nbsp;&nbsp;&nbsp;__scatterload_copy
</UL>

<P><STRONG><a name="[10f]"></a>__scatterload_zeroinit</STRONG> (Thumb, 28 bytes, Stack size unknown bytes, __scatter_zi.o(!!handler_zi), UNUSED)

<P><STRONG><a name="[51]"></a>_printf_d</STRONG> (Thumb, 0 bytes, Stack size unknown bytes, _printf_d.o(.ARM.Collect$$_printf_percent$$00000009))
<BR><BR>[Stack]<UL><LI>Max Depth = 56 + Unknown Stack Size
<LI>Call Chain = _printf_d &rArr; _printf_int_dec &rArr; _printf_int_common
</UL>
<BR>[Calls]<UL><LI><a href="#[52]">&gt;&gt;</a>&nbsp;&nbsp;&nbsp;_printf_int_dec
</UL>

<P><STRONG><a name="[6e]"></a>_printf_percent</STRONG> (Thumb, 0 bytes, Stack size unknown bytes, _printf_percent.o(.ARM.Collect$$_printf_percent$$00000000))
<BR><BR>[Called By]<UL><LI><a href="#[6c]">&gt;&gt;</a>&nbsp;&nbsp;&nbsp;__printf
</UL>

<P><STRONG><a name="[53]"></a>_printf_u</STRONG> (Thumb, 0 bytes, Stack size unknown bytes, _printf_u.o(.ARM.Collect$$_printf_percent$$0000000A))
<BR><BR>[Stack]<UL><LI>Max Depth = 56 + Unknown Stack Size
<LI>Call Chain = _printf_u &rArr; _printf_int_dec &rArr; _printf_int_common
</UL>
<BR>[Calls]<UL><LI><a href="#[52]">&gt;&gt;</a>&nbsp;&nbsp;&nbsp;_printf_int_dec
</UL>

<P><STRONG><a name="[54]"></a>_printf_x</STRONG> (Thumb, 0 bytes, Stack size unknown bytes, _printf_x.o(.ARM.Collect$$_printf_percent$$0000000C))
<BR><BR>[Stack]<UL><LI>Max Depth = 48 + Unknown Stack Size
<LI>Call Chain = _printf_x &rArr; _printf_int_hex &rArr; _printf_int_common
</UL>
<BR>[Calls]<UL><LI><a href="#[55]">&gt;&gt;</a>&nbsp;&nbsp;&nbsp;_printf_int_hex
</UL>

<P><STRONG><a name="[110]"></a>_printf_percent_end</STRONG> (Thumb, 0 bytes, Stack size unknown bytes, _printf_percent_end.o(.ARM.Collect$$_printf_percent$$00000017))

<P><STRONG><a name="[5b]"></a>__rt_lib_init</STRONG> (Thumb, 0 bytes, Stack size unknown bytes, libinit.o(.ARM.Collect$$libinit$$00000000))
<BR><BR>[Called By]<UL><LI><a href="#[5a]">&gt;&gt;</a>&nbsp;&nbsp;&nbsp;__rt_entry_li
</UL>

<P><STRONG><a name="[111]"></a>__rt_lib_init_fp_1</STRONG> (Thumb, 0 bytes, Stack size unknown bytes, libinit2.o(.ARM.Collect$$libinit$$00000002))

<P><STRONG><a name="[56]"></a>__rt_lib_init_heap_2</STRONG> (Thumb, 0 bytes, Stack size unknown bytes, libinit2.o(.ARM.Collect$$libinit$$00000005))
<BR><BR>[Stack]<UL><LI>Max Depth = 64 + Unknown Stack Size
<LI>Call Chain = __rt_lib_init_heap_2 &rArr; _init_alloc &rArr; __rt_SIGRTMEM &rArr; __rt_SIGRTMEM_inner &rArr; __default_signal_display &rArr; _ttywrch
</UL>
<BR>[Calls]<UL><LI><a href="#[57]">&gt;&gt;</a>&nbsp;&nbsp;&nbsp;_init_alloc
</UL>

<P><STRONG><a name="[112]"></a>__rt_lib_init_preinit_1</STRONG> (Thumb, 0 bytes, Stack size unknown bytes, libinit2.o(.ARM.Collect$$libinit$$00000004))

<P><STRONG><a name="[113]"></a>__rt_lib_init_alloca_1</STRONG> (Thumb, 0 bytes, Stack size unknown bytes, libinit2.o(.ARM.Collect$$libinit$$0000002E))

<P><STRONG><a name="[114]"></a>__rt_lib_init_argv_1</STRONG> (Thumb, 0 bytes, Stack size unknown bytes, libinit2.o(.ARM.Collect$$libinit$$0000002C))

<P><STRONG><a name="[115]"></a>__rt_lib_init_atexit_1</STRONG> (Thumb, 0 bytes, Stack size unknown bytes, libinit2.o(.ARM.Collect$$libinit$$0000001B))

<P><STRONG><a name="[116]"></a>__rt_lib_init_clock_1</STRONG> (Thumb, 0 bytes, Stack size unknown bytes, libinit2.o(.ARM.Collect$$libinit$$00000021))

<P><STRONG><a name="[117]"></a>__rt_lib_init_cpp_1</STRONG> (Thumb, 0 bytes, Stack size unknown bytes, libinit2.o(.ARM.Collect$$libinit$$00000032))

<P><STRONG><a name="[118]"></a>__rt_lib_init_exceptions_1</STRONG> (Thumb, 0 bytes, Stack size unknown bytes, libinit2.o(.ARM.Collect$$libinit$$00000030))

<P><STRONG><a name="[119]"></a>__rt_lib_init_fp_trap_1</STRONG> (Thumb, 0 bytes, Stack size unknown bytes, libinit2.o(.ARM.Collect$$libinit$$0000001F))

<P><STRONG><a name="[11a]"></a>__rt_lib_init_getenv_1</STRONG> (Thumb, 0 bytes, Stack size unknown bytes, libinit2.o(.ARM.Collect$$libinit$$00000023))

<P><STRONG><a name="[11b]"></a>__rt_lib_init_heap_1</STRONG> (Thumb, 0 bytes, Stack size unknown bytes, libinit2.o(.ARM.Collect$$libinit$$0000000A))

<P><STRONG><a name="[11c]"></a>__rt_lib_init_lc_collate_1</STRONG> (Thumb, 0 bytes, Stack size unknown bytes, libinit2.o(.ARM.Collect$$libinit$$00000011))

<P><STRONG><a name="[11d]"></a>__rt_lib_init_lc_ctype_1</STRONG> (Thumb, 0 bytes, Stack size unknown bytes, libinit2.o(.ARM.Collect$$libinit$$00000013))

<P><STRONG><a name="[11e]"></a>__rt_lib_init_lc_monetary_1</STRONG> (Thumb, 0 bytes, Stack size unknown bytes, libinit2.o(.ARM.Collect$$libinit$$00000015))

<P><STRONG><a name="[11f]"></a>__rt_lib_init_lc_numeric_1</STRONG> (Thumb, 0 bytes, Stack size unknown bytes, libinit2.o(.ARM.Collect$$libinit$$00000017))

<P><STRONG><a name="[120]"></a>__rt_lib_init_lc_time_1</STRONG> (Thumb, 0 bytes, Stack size unknown bytes, libinit2.o(.ARM.Collect$$libinit$$00000019))

<P><STRONG><a name="[121]"></a>__rt_lib_init_rand_1</STRONG> (Thumb, 0 bytes, Stack size unknown bytes, libinit2.o(.ARM.Collect$$libinit$$0000000E))

<P><STRONG><a name="[122]"></a>__rt_lib_init_return</STRONG> (Thumb, 0 bytes, Stack size unknown bytes, libinit2.o(.ARM.Collect$$libinit$$00000033))

<P><STRONG><a name="[123]"></a>__rt_lib_init_signal_1</STRONG> (Thumb, 0 bytes, Stack size unknown bytes, libinit2.o(.ARM.Collect$$libinit$$0000001D))

<P><STRONG><a name="[124]"></a>__rt_lib_init_stdio_1</STRONG> (Thumb, 0 bytes, Stack size unknown bytes, libinit2.o(.ARM.Collect$$libinit$$00000025))

<P><STRONG><a name="[125]"></a>__rt_lib_init_user_alloc_1</STRONG> (Thumb, 0 bytes, Stack size unknown bytes, libinit2.o(.ARM.Collect$$libinit$$0000000C))

<P><STRONG><a name="[60]"></a>__rt_lib_shutdown</STRONG> (Thumb, 0 bytes, Stack size unknown bytes, libshutdown.o(.ARM.Collect$$libshutdown$$00000000))
<BR><BR>[Called By]<UL><LI><a href="#[5f]">&gt;&gt;</a>&nbsp;&nbsp;&nbsp;__rt_exit_ls
</UL>

<P><STRONG><a name="[126]"></a>__rt_lib_shutdown_cpp_1</STRONG> (Thumb, 0 bytes, Stack size unknown bytes, libshutdown2.o(.ARM.Collect$$libshutdown$$00000002))

<P><STRONG><a name="[127]"></a>__rt_lib_shutdown_fp_trap_1</STRONG> (Thumb, 0 bytes, Stack size unknown bytes, libshutdown2.o(.ARM.Collect$$libshutdown$$00000007))

<P><STRONG><a name="[128]"></a>__rt_lib_shutdown_heap_1</STRONG> (Thumb, 0 bytes, Stack size unknown bytes, libshutdown2.o(.ARM.Collect$$libshutdown$$0000000F))

<P><STRONG><a name="[129]"></a>__rt_lib_shutdown_return</STRONG> (Thumb, 0 bytes, Stack size unknown bytes, libshutdown2.o(.ARM.Collect$$libshutdown$$00000010))

<P><STRONG><a name="[12a]"></a>__rt_lib_shutdown_signal_1</STRONG> (Thumb, 0 bytes, Stack size unknown bytes, libshutdown2.o(.ARM.Collect$$libshutdown$$0000000A))

<P><STRONG><a name="[12b]"></a>__rt_lib_shutdown_stdio_1</STRONG> (Thumb, 0 bytes, Stack size unknown bytes, libshutdown2.o(.ARM.Collect$$libshutdown$$00000004))

<P><STRONG><a name="[12c]"></a>__rt_lib_shutdown_user_alloc_1</STRONG> (Thumb, 0 bytes, Stack size unknown bytes, libshutdown2.o(.ARM.Collect$$libshutdown$$0000000C))

<P><STRONG><a name="[4e]"></a>__rt_entry</STRONG> (Thumb, 0 bytes, Stack size unknown bytes, __rtentry.o(.ARM.Collect$$rtentry$$00000000))
<BR><BR>[Called By]<UL><LI><a href="#[4f]">&gt;&gt;</a>&nbsp;&nbsp;&nbsp;__scatterload_rt2
<LI><a href="#[4c]">&gt;&gt;</a>&nbsp;&nbsp;&nbsp;__main
</UL>

<P><STRONG><a name="[12d]"></a>__rt_entry_presh_1</STRONG> (Thumb, 0 bytes, Stack size unknown bytes, __rtentry2.o(.ARM.Collect$$rtentry$$00000002))

<P><STRONG><a name="[58]"></a>__rt_entry_sh</STRONG> (Thumb, 0 bytes, Stack size unknown bytes, __rtentry4.o(.ARM.Collect$$rtentry$$00000004))
<BR><BR>[Stack]<UL><LI>Max Depth = 8 + Unknown Stack Size
<LI>Call Chain = __rt_entry_sh &rArr; __user_setup_stackheap
</UL>
<BR>[Calls]<UL><LI><a href="#[59]">&gt;&gt;</a>&nbsp;&nbsp;&nbsp;__user_setup_stackheap
</UL>

<P><STRONG><a name="[5a]"></a>__rt_entry_li</STRONG> (Thumb, 0 bytes, Stack size unknown bytes, __rtentry2.o(.ARM.Collect$$rtentry$$0000000A))
<BR><BR>[Calls]<UL><LI><a href="#[5b]">&gt;&gt;</a>&nbsp;&nbsp;&nbsp;__rt_lib_init
</UL>

<P><STRONG><a name="[12e]"></a>__rt_entry_postsh_1</STRONG> (Thumb, 0 bytes, Stack size unknown bytes, __rtentry2.o(.ARM.Collect$$rtentry$$00000009))

<P><STRONG><a name="[5c]"></a>__rt_entry_main</STRONG> (Thumb, 0 bytes, Stack size unknown bytes, __rtentry2.o(.ARM.Collect$$rtentry$$0000000D))
<BR><BR>[Stack]<UL><LI>Max Depth = 208 + Unknown Stack Size
<LI>Call Chain = __rt_entry_main &rArr; main &rArr; vTaskStartScheduler &rArr; xTimerCreateTimerTask &rArr; xTaskGenericCreate &rArr; prvAllocateTCBAndStack &rArr; pvPortMalloc &rArr; malloc &rArr; __Heap_Full &rArr; __Heap_ProvideMemory &rArr; free
</UL>
<BR>[Calls]<UL><LI><a href="#[5d]">&gt;&gt;</a>&nbsp;&nbsp;&nbsp;main
<LI><a href="#[5e]">&gt;&gt;</a>&nbsp;&nbsp;&nbsp;exit
</UL>

<P><STRONG><a name="[12f]"></a>__rt_entry_postli_1</STRONG> (Thumb, 0 bytes, Stack size unknown bytes, __rtentry2.o(.ARM.Collect$$rtentry$$0000000C))

<P><STRONG><a name="[7f]"></a>__rt_exit</STRONG> (Thumb, 0 bytes, Stack size unknown bytes, rtexit.o(.ARM.Collect$$rtexit$$00000000))
<BR><BR>[Called By]<UL><LI><a href="#[5e]">&gt;&gt;</a>&nbsp;&nbsp;&nbsp;exit
</UL>

<P><STRONG><a name="[5f]"></a>__rt_exit_ls</STRONG> (Thumb, 0 bytes, Stack size unknown bytes, rtexit2.o(.ARM.Collect$$rtexit$$00000003))
<BR><BR>[Calls]<UL><LI><a href="#[60]">&gt;&gt;</a>&nbsp;&nbsp;&nbsp;__rt_lib_shutdown
</UL>

<P><STRONG><a name="[130]"></a>__rt_exit_prels_1</STRONG> (Thumb, 0 bytes, Stack size unknown bytes, rtexit2.o(.ARM.Collect$$rtexit$$00000002))

<P><STRONG><a name="[61]"></a>__rt_exit_exit</STRONG> (Thumb, 0 bytes, Stack size unknown bytes, rtexit2.o(.ARM.Collect$$rtexit$$00000004))
<BR><BR>[Calls]<UL><LI><a href="#[62]">&gt;&gt;</a>&nbsp;&nbsp;&nbsp;_sys_exit
</UL>

<P><STRONG><a name="[c]"></a>SVC_Handler</STRONG> (Thumb, 32 bytes, Stack size 0 bytes, port.o(.emb_text))
<BR>[Address Reference Count : 1]<UL><LI> keil_freertos_startup_lpc15xx.o(RESET)
</UL>
<P><STRONG><a name="[104]"></a>__asm___6_port_c_39a90d8d__prvStartFirstTask</STRONG> (Thumb, 24 bytes, Stack size 0 bytes, port.o(.emb_text))
<BR><BR>[Called By]<UL><LI><a href="#[101]">&gt;&gt;</a>&nbsp;&nbsp;&nbsp;xPortStartScheduler
</UL>

<P><STRONG><a name="[d]"></a>PendSV_Handler</STRONG> (Thumb, 64 bytes, Stack size 0 bytes, port.o(.emb_text))
<BR><BR>[Stack]<UL><LI>Max Depth = 20<LI>Call Chain = PendSV_Handler &rArr; vTaskSwitchContext &rArr; Board_LED_Toggle
</UL>
<BR>[Calls]<UL><LI><a href="#[63]">&gt;&gt;</a>&nbsp;&nbsp;&nbsp;vTaskSwitchContext
</UL>
<BR>[Address Reference Count : 1]<UL><LI> keil_freertos_startup_lpc15xx.o(RESET)
</UL>
<P><STRONG><a name="[bb]"></a>ulPortSetInterruptMask</STRONG> (Thumb, 14 bytes, Stack size 0 bytes, port.o(.emb_text))
<BR><BR>[Called By]<UL><LI><a href="#[ba]">&gt;&gt;</a>&nbsp;&nbsp;&nbsp;xQueueGenericSendFromISR
<LI><a href="#[c6]">&gt;&gt;</a>&nbsp;&nbsp;&nbsp;vTaskStartScheduler
<LI><a href="#[e]">&gt;&gt;</a>&nbsp;&nbsp;&nbsp;SysTick_Handler
<LI><a href="#[45]">&gt;&gt;</a>&nbsp;&nbsp;&nbsp;prvTaskExitError
<LI><a href="#[cd]">&gt;&gt;</a>&nbsp;&nbsp;&nbsp;vPortEnterCritical
</UL>

<P><STRONG><a name="[bd]"></a>vPortClearInterruptMask</STRONG> (Thumb, 6 bytes, Stack size 0 bytes, port.o(.emb_text))
<BR><BR>[Called By]<UL><LI><a href="#[ba]">&gt;&gt;</a>&nbsp;&nbsp;&nbsp;xQueueGenericSendFromISR
<LI><a href="#[e]">&gt;&gt;</a>&nbsp;&nbsp;&nbsp;SysTick_Handler
<LI><a href="#[d0]">&gt;&gt;</a>&nbsp;&nbsp;&nbsp;vPortExitCritical
</UL>

<P><STRONG><a name="[131]"></a>vPortGetIPSR</STRONG> (Thumb, 6 bytes, Stack size 0 bytes, port.o(.emb_text), UNUSED)

<P><STRONG><a name="[9]"></a>Reset_Handler</STRONG> (Thumb, 8 bytes, Stack size 0 bytes, keil_freertos_startup_lpc15xx.o(.text))
<BR>[Address Reference Count : 1]<UL><LI> keil_freertos_startup_lpc15xx.o(RESET)
</UL>
<P><STRONG><a name="[132]"></a>_maybe_terminate_alloc</STRONG> (Thumb, 0 bytes, Stack size 0 bytes, maybetermalloc1.o(.emb_text), UNUSED)

<P><STRONG><a name="[a]"></a>NMI_Handler</STRONG> (Thumb, 2 bytes, Stack size 0 bytes, keil_freertos_startup_lpc15xx.o(.text))
<BR><BR>[Calls]<UL><LI><a href="#[a]">&gt;&gt;</a>&nbsp;&nbsp;&nbsp;NMI_Handler
</UL>
<BR>[Called By]<UL><LI><a href="#[a]">&gt;&gt;</a>&nbsp;&nbsp;&nbsp;NMI_Handler
</UL>
<BR>[Address Reference Count : 1]<UL><LI> keil_freertos_startup_lpc15xx.o(RESET)
</UL>
<P><STRONG><a name="[b]"></a>HardFault_Handler</STRONG> (Thumb, 2 bytes, Stack size 0 bytes, keil_freertos_startup_lpc15xx.o(.text))
<BR><BR>[Calls]<UL><LI><a href="#[b]">&gt;&gt;</a>&nbsp;&nbsp;&nbsp;HardFault_Handler
</UL>
<BR>[Called By]<UL><LI><a href="#[b]">&gt;&gt;</a>&nbsp;&nbsp;&nbsp;HardFault_Handler
</UL>
<BR>[Address Reference Count : 1]<UL><LI> keil_freertos_startup_lpc15xx.o(RESET)
</UL>
<P><STRONG><a name="[64]"></a>Reserved_IRQHandler</STRONG> (Thumb, 2 bytes, Stack size 0 bytes, keil_freertos_startup_lpc15xx.o(.text), UNUSED)
<BR><BR>[Calls]<UL><LI><a href="#[64]">&gt;&gt;</a>&nbsp;&nbsp;&nbsp;Reserved_IRQHandler
</UL>
<BR>[Called By]<UL><LI><a href="#[64]">&gt;&gt;</a>&nbsp;&nbsp;&nbsp;Reserved_IRQHandler
</UL>

<P><STRONG><a name="[37]"></a>ACMP0_IRQHandler</STRONG> (Thumb, 0 bytes, Stack size 0 bytes, keil_freertos_startup_lpc15xx.o(.text))
<BR><BR>[Calls]<UL><LI><a href="#[37]">&gt;&gt;</a>&nbsp;&nbsp;&nbsp;ACMP0_IRQHandler
</UL>
<BR>[Called By]<UL><LI><a href="#[37]">&gt;&gt;</a>&nbsp;&nbsp;&nbsp;ACMP0_IRQHandler
</UL>
<BR>[Address Reference Count : 1]<UL><LI> keil_freertos_startup_lpc15xx.o(RESET)
</UL>
<P><STRONG><a name="[38]"></a>ACMP1_IRQHandler</STRONG> (Thumb, 0 bytes, Stack size 0 bytes, keil_freertos_startup_lpc15xx.o(.text))
<BR>[Address Reference Count : 1]<UL><LI> keil_freertos_startup_lpc15xx.o(RESET)
</UL>
<P><STRONG><a name="[39]"></a>ACMP2_IRQHandler</STRONG> (Thumb, 0 bytes, Stack size 0 bytes, keil_freertos_startup_lpc15xx.o(.text))
<BR>[Address Reference Count : 1]<UL><LI> keil_freertos_startup_lpc15xx.o(RESET)
</UL>
<P><STRONG><a name="[3a]"></a>ACMP3_IRQHandler</STRONG> (Thumb, 0 bytes, Stack size 0 bytes, keil_freertos_startup_lpc15xx.o(.text))
<BR>[Address Reference Count : 1]<UL><LI> keil_freertos_startup_lpc15xx.o(RESET)
</UL>
<P><STRONG><a name="[2e]"></a>ADC0A_IRQHandler</STRONG> (Thumb, 0 bytes, Stack size 0 bytes, keil_freertos_startup_lpc15xx.o(.text))
<BR>[Address Reference Count : 1]<UL><LI> keil_freertos_startup_lpc15xx.o(RESET)
</UL>
<P><STRONG><a name="[2f]"></a>ADC0B_IRQHandler</STRONG> (Thumb, 0 bytes, Stack size 0 bytes, keil_freertos_startup_lpc15xx.o(.text))
<BR>[Address Reference Count : 1]<UL><LI> keil_freertos_startup_lpc15xx.o(RESET)
</UL>
<P><STRONG><a name="[31]"></a>ADC0_OVR_IRQHandler</STRONG> (Thumb, 0 bytes, Stack size 0 bytes, keil_freertos_startup_lpc15xx.o(.text))
<BR>[Address Reference Count : 1]<UL><LI> keil_freertos_startup_lpc15xx.o(RESET)
</UL>
<P><STRONG><a name="[30]"></a>ADC0_THCMP_IRQHandler</STRONG> (Thumb, 0 bytes, Stack size 0 bytes, keil_freertos_startup_lpc15xx.o(.text))
<BR>[Address Reference Count : 1]<UL><LI> keil_freertos_startup_lpc15xx.o(RESET)
</UL>
<P><STRONG><a name="[32]"></a>ADC1A_IRQHandler</STRONG> (Thumb, 0 bytes, Stack size 0 bytes, keil_freertos_startup_lpc15xx.o(.text))
<BR>[Address Reference Count : 1]<UL><LI> keil_freertos_startup_lpc15xx.o(RESET)
</UL>
<P><STRONG><a name="[33]"></a>ADC1B_IRQHandler</STRONG> (Thumb, 0 bytes, Stack size 0 bytes, keil_freertos_startup_lpc15xx.o(.text))
<BR>[Address Reference Count : 1]<UL><LI> keil_freertos_startup_lpc15xx.o(RESET)
</UL>
<P><STRONG><a name="[35]"></a>ADC1_OVR_IRQHandler</STRONG> (Thumb, 0 bytes, Stack size 0 bytes, keil_freertos_startup_lpc15xx.o(.text))
<BR>[Address Reference Count : 1]<UL><LI> keil_freertos_startup_lpc15xx.o(RESET)
</UL>
<P><STRONG><a name="[34]"></a>ADC1_THCMP_IRQHandler</STRONG> (Thumb, 0 bytes, Stack size 0 bytes, keil_freertos_startup_lpc15xx.o(.text))
<BR>[Address Reference Count : 1]<UL><LI> keil_freertos_startup_lpc15xx.o(RESET)
</UL>
<P><STRONG><a name="[10]"></a>BOD_IRQHandler</STRONG> (Thumb, 0 bytes, Stack size 0 bytes, keil_freertos_startup_lpc15xx.o(.text))
<BR>[Address Reference Count : 1]<UL><LI> keil_freertos_startup_lpc15xx.o(RESET)
</UL>
<P><STRONG><a name="[2a]"></a>CAN_IRQHandler</STRONG> (Thumb, 0 bytes, Stack size 0 bytes, keil_freertos_startup_lpc15xx.o(.text))
<BR>[Address Reference Count : 1]<UL><LI> keil_freertos_startup_lpc15xx.o(RESET)
</UL>
<P><STRONG><a name="[36]"></a>DAC_IRQHandler</STRONG> (Thumb, 0 bytes, Stack size 0 bytes, keil_freertos_startup_lpc15xx.o(.text))
<BR>[Address Reference Count : 1]<UL><LI> keil_freertos_startup_lpc15xx.o(RESET)
</UL>
<P><STRONG><a name="[13]"></a>DMA_IRQHandler</STRONG> (Thumb, 0 bytes, Stack size 0 bytes, keil_freertos_startup_lpc15xx.o(.text))
<BR>[Address Reference Count : 1]<UL><LI> keil_freertos_startup_lpc15xx.o(RESET)
</UL>
<P><STRONG><a name="[12]"></a>EEPROM_IRQHandler</STRONG> (Thumb, 0 bytes, Stack size 0 bytes, keil_freertos_startup_lpc15xx.o(.text))
<BR>[Address Reference Count : 1]<UL><LI> keil_freertos_startup_lpc15xx.o(RESET)
</UL>
<P><STRONG><a name="[11]"></a>FMC_IRQHandler</STRONG> (Thumb, 0 bytes, Stack size 0 bytes, keil_freertos_startup_lpc15xx.o(.text))
<BR>[Address Reference Count : 1]<UL><LI> keil_freertos_startup_lpc15xx.o(RESET)
</UL>
<P><STRONG><a name="[14]"></a>GINT0_IRQHandler</STRONG> (Thumb, 0 bytes, Stack size 0 bytes, keil_freertos_startup_lpc15xx.o(.text))
<BR>[Address Reference Count : 1]<UL><LI> keil_freertos_startup_lpc15xx.o(RESET)
</UL>
<P><STRONG><a name="[15]"></a>GINT1_IRQHandler</STRONG> (Thumb, 0 bytes, Stack size 0 bytes, keil_freertos_startup_lpc15xx.o(.text))
<BR>[Address Reference Count : 1]<UL><LI> keil_freertos_startup_lpc15xx.o(RESET)
</UL>
<P><STRONG><a name="[23]"></a>MRT_IRQHandler</STRONG> (Thumb, 0 bytes, Stack size 0 bytes, keil_freertos_startup_lpc15xx.o(.text))
<BR>[Address Reference Count : 1]<UL><LI> keil_freertos_startup_lpc15xx.o(RESET)
</UL>
<P><STRONG><a name="[16]"></a>PIN_INT0_IRQHandler</STRONG> (Thumb, 0 bytes, Stack size 0 bytes, keil_freertos_startup_lpc15xx.o(.text))
<BR>[Address Reference Count : 1]<UL><LI> keil_freertos_startup_lpc15xx.o(RESET)
</UL>
<P><STRONG><a name="[17]"></a>PIN_INT1_IRQHandler</STRONG> (Thumb, 0 bytes, Stack size 0 bytes, keil_freertos_startup_lpc15xx.o(.text))
<BR>[Address Reference Count : 1]<UL><LI> keil_freertos_startup_lpc15xx.o(RESET)
</UL>
<P><STRONG><a name="[18]"></a>PIN_INT2_IRQHandler</STRONG> (Thumb, 0 bytes, Stack size 0 bytes, keil_freertos_startup_lpc15xx.o(.text))
<BR>[Address Reference Count : 1]<UL><LI> keil_freertos_startup_lpc15xx.o(RESET)
</UL>
<P><STRONG><a name="[19]"></a>PIN_INT3_IRQHandler</STRONG> (Thumb, 0 bytes, Stack size 0 bytes, keil_freertos_startup_lpc15xx.o(.text))
<BR>[Address Reference Count : 1]<UL><LI> keil_freertos_startup_lpc15xx.o(RESET)
</UL>
<P><STRONG><a name="[1a]"></a>PIN_INT4_IRQHandler</STRONG> (Thumb, 0 bytes, Stack size 0 bytes, keil_freertos_startup_lpc15xx.o(.text))
<BR>[Address Reference Count : 1]<UL><LI> keil_freertos_startup_lpc15xx.o(RESET)
</UL>
<P><STRONG><a name="[1b]"></a>PIN_INT5_IRQHandler</STRONG> (Thumb, 0 bytes, Stack size 0 bytes, keil_freertos_startup_lpc15xx.o(.text))
<BR>[Address Reference Count : 1]<UL><LI> keil_freertos_startup_lpc15xx.o(RESET)
</UL>
<P><STRONG><a name="[1c]"></a>PIN_INT6_IRQHandler</STRONG> (Thumb, 0 bytes, Stack size 0 bytes, keil_freertos_startup_lpc15xx.o(.text))
<BR>[Address Reference Count : 1]<UL><LI> keil_freertos_startup_lpc15xx.o(RESET)
</UL>
<P><STRONG><a name="[1d]"></a>PIN_INT7_IRQHandler</STRONG> (Thumb, 0 bytes, Stack size 0 bytes, keil_freertos_startup_lpc15xx.o(.text))
<BR>[Address Reference Count : 1]<UL><LI> keil_freertos_startup_lpc15xx.o(RESET)
</UL>
<P><STRONG><a name="[3b]"></a>QEI_IRQHandler</STRONG> (Thumb, 0 bytes, Stack size 0 bytes, keil_freertos_startup_lpc15xx.o(.text))
<BR>[Address Reference Count : 1]<UL><LI> keil_freertos_startup_lpc15xx.o(RESET)
</UL>
<P><STRONG><a name="[1e]"></a>RIT_IRQHandler</STRONG> (Thumb, 0 bytes, Stack size 0 bytes, keil_freertos_startup_lpc15xx.o(.text))
<BR>[Address Reference Count : 1]<UL><LI> keil_freertos_startup_lpc15xx.o(RESET)
</UL>
<P><STRONG><a name="[3c]"></a>RTC_ALARM_IRQHandler</STRONG> (Thumb, 0 bytes, Stack size 0 bytes, keil_freertos_startup_lpc15xx.o(.text))
<BR>[Address Reference Count : 1]<UL><LI> keil_freertos_startup_lpc15xx.o(RESET)
</UL>
<P><STRONG><a name="[3d]"></a>RTC_WAKE_IRQHandler</STRONG> (Thumb, 0 bytes, Stack size 0 bytes, keil_freertos_startup_lpc15xx.o(.text))
<BR>[Address Reference Count : 1]<UL><LI> keil_freertos_startup_lpc15xx.o(RESET)
</UL>
<P><STRONG><a name="[20]"></a>SCT1_IRQHandler</STRONG> (Thumb, 0 bytes, Stack size 0 bytes, keil_freertos_startup_lpc15xx.o(.text))
<BR>[Address Reference Count : 1]<UL><LI> keil_freertos_startup_lpc15xx.o(RESET)
</UL>
<P><STRONG><a name="[21]"></a>SCT2_IRQHandler</STRONG> (Thumb, 0 bytes, Stack size 0 bytes, keil_freertos_startup_lpc15xx.o(.text))
<BR>[Address Reference Count : 1]<UL><LI> keil_freertos_startup_lpc15xx.o(RESET)
</UL>
<P><STRONG><a name="[22]"></a>SCT3_IRQHandler</STRONG> (Thumb, 0 bytes, Stack size 0 bytes, keil_freertos_startup_lpc15xx.o(.text))
<BR>[Address Reference Count : 1]<UL><LI> keil_freertos_startup_lpc15xx.o(RESET)
</UL>
<P><STRONG><a name="[28]"></a>SPI0_IRQHandler</STRONG> (Thumb, 0 bytes, Stack size 0 bytes, keil_freertos_startup_lpc15xx.o(.text))
<BR>[Address Reference Count : 1]<UL><LI> keil_freertos_startup_lpc15xx.o(RESET)
</UL>
<P><STRONG><a name="[29]"></a>SPI1_IRQHandler</STRONG> (Thumb, 0 bytes, Stack size 0 bytes, keil_freertos_startup_lpc15xx.o(.text))
<BR>[Address Reference Count : 1]<UL><LI> keil_freertos_startup_lpc15xx.o(RESET)
</UL>
<P><STRONG><a name="[24]"></a>UART0_IRQHandler</STRONG> (Thumb, 0 bytes, Stack size 0 bytes, keil_freertos_startup_lpc15xx.o(.text))
<BR>[Address Reference Count : 1]<UL><LI> keil_freertos_startup_lpc15xx.o(RESET)
</UL>
<P><STRONG><a name="[25]"></a>UART1_IRQHandler</STRONG> (Thumb, 0 bytes, Stack size 0 bytes, keil_freertos_startup_lpc15xx.o(.text))
<BR>[Address Reference Count : 1]<UL><LI> keil_freertos_startup_lpc15xx.o(RESET)
</UL>
<P><STRONG><a name="[26]"></a>UART2_IRQHandler</STRONG> (Thumb, 0 bytes, Stack size 0 bytes, keil_freertos_startup_lpc15xx.o(.text))
<BR>[Address Reference Count : 1]<UL><LI> keil_freertos_startup_lpc15xx.o(RESET)
</UL>
<P><STRONG><a name="[2d]"></a>USBWakeup_IRQHandler</STRONG> (Thumb, 0 bytes, Stack size 0 bytes, keil_freertos_startup_lpc15xx.o(.text))
<BR>[Address Reference Count : 1]<UL><LI> keil_freertos_startup_lpc15xx.o(RESET)
</UL>
<P><STRONG><a name="[2c]"></a>USB_FIQHandler</STRONG> (Thumb, 0 bytes, Stack size 0 bytes, keil_freertos_startup_lpc15xx.o(.text))
<BR>[Address Reference Count : 1]<UL><LI> keil_freertos_startup_lpc15xx.o(RESET)
</UL>
<P><STRONG><a name="[2b]"></a>USB_IRQHandler</STRONG> (Thumb, 0 bytes, Stack size 0 bytes, keil_freertos_startup_lpc15xx.o(.text))
<BR>[Address Reference Count : 1]<UL><LI> keil_freertos_startup_lpc15xx.o(RESET)
</UL>
<P><STRONG><a name="[f]"></a>WDT_IRQHandler</STRONG> (Thumb, 0 bytes, Stack size 0 bytes, keil_freertos_startup_lpc15xx.o(.text))
<BR>[Address Reference Count : 1]<UL><LI> keil_freertos_startup_lpc15xx.o(RESET)
</UL>
<P><STRONG><a name="[7e]"></a>__user_initial_stackheap</STRONG> (Thumb, 0 bytes, Stack size unknown bytes, keil_freertos_startup_lpc15xx.o(.text))
<BR><BR>[Called By]<UL><LI><a href="#[59]">&gt;&gt;</a>&nbsp;&nbsp;&nbsp;__user_setup_stackheap
</UL>

<P><STRONG><a name="[65]"></a>malloc</STRONG> (Thumb, 94 bytes, Stack size 16 bytes, h1_alloc.o(.text))
<BR><BR>[Stack]<UL><LI>Max Depth = 48<LI>Call Chain = malloc &rArr; __Heap_Full &rArr; __Heap_ProvideMemory &rArr; free
</UL>
<BR>[Calls]<UL><LI><a href="#[67]">&gt;&gt;</a>&nbsp;&nbsp;&nbsp;__Heap_Full
<LI><a href="#[66]">&gt;&gt;</a>&nbsp;&nbsp;&nbsp;__rt_heap_descriptor
</UL>
<BR>[Called By]<UL><LI><a href="#[ca]">&gt;&gt;</a>&nbsp;&nbsp;&nbsp;pvPortMalloc
</UL>

<P><STRONG><a name="[68]"></a>free</STRONG> (Thumb, 78 bytes, Stack size 16 bytes, h1_free.o(.text))
<BR><BR>[Stack]<UL><LI>Max Depth = 16<LI>Call Chain = free
</UL>
<BR>[Calls]<UL><LI><a href="#[66]">&gt;&gt;</a>&nbsp;&nbsp;&nbsp;__rt_heap_descriptor
</UL>
<BR>[Called By]<UL><LI><a href="#[cb]">&gt;&gt;</a>&nbsp;&nbsp;&nbsp;vPortFree
<LI><a href="#[73]">&gt;&gt;</a>&nbsp;&nbsp;&nbsp;__Heap_ProvideMemory
</UL>

<P><STRONG><a name="[a1]"></a>__aeabi_uldivmod</STRONG> (Thumb, 0 bytes, Stack size 48 bytes, lludivv7m.o(.text))
<BR><BR>[Stack]<UL><LI>Max Depth = 48<LI>Call Chain = __aeabi_uldivmod
</UL>
<BR>[Called By]<UL><LI><a href="#[86]">&gt;&gt;</a>&nbsp;&nbsp;&nbsp;Chip_Clock_SetUARTBaseClockRate
<LI><a href="#[a0]">&gt;&gt;</a>&nbsp;&nbsp;&nbsp;Chip_Clock_GetUARTBaseClockRate
</UL>

<P><STRONG><a name="[133]"></a>_ll_udiv</STRONG> (Thumb, 238 bytes, Stack size 48 bytes, lludivv7m.o(.text), UNUSED)

<P><STRONG><a name="[69]"></a>__2printf</STRONG> (Thumb, 20 bytes, Stack size 24 bytes, noretval__2printf.o(.text))
<BR><BR>[Stack]<UL><LI>Max Depth = 144 + Unknown Stack Size
<LI>Call Chain = __2printf &rArr; _printf_char_file &rArr; _printf_char_common &rArr; __printf
</UL>
<BR>[Calls]<UL><LI><a href="#[6a]">&gt;&gt;</a>&nbsp;&nbsp;&nbsp;_printf_char_file
</UL>
<BR>[Called By]<UL><LI><a href="#[b4]">&gt;&gt;</a>&nbsp;&nbsp;&nbsp;InfraRed_init
<LI><a href="#[43]">&gt;&gt;</a>&nbsp;&nbsp;&nbsp;pwm_task
<LI><a href="#[c0]">&gt;&gt;</a>&nbsp;&nbsp;&nbsp;i2c_setup
<LI><a href="#[42]">&gt;&gt;</a>&nbsp;&nbsp;&nbsp;i2C_slave_Task
<LI><a href="#[5d]">&gt;&gt;</a>&nbsp;&nbsp;&nbsp;main
<LI><a href="#[44]">&gt;&gt;</a>&nbsp;&nbsp;&nbsp;vUARTTask
</UL>

<P><STRONG><a name="[52]"></a>_printf_int_dec</STRONG> (Thumb, 104 bytes, Stack size 24 bytes, _printf_dec.o(.text))
<BR><BR>[Stack]<UL><LI>Max Depth = 56<LI>Call Chain = _printf_int_dec &rArr; _printf_int_common
</UL>
<BR>[Calls]<UL><LI><a href="#[6b]">&gt;&gt;</a>&nbsp;&nbsp;&nbsp;_printf_int_common
</UL>
<BR>[Called By]<UL><LI><a href="#[53]">&gt;&gt;</a>&nbsp;&nbsp;&nbsp;_printf_u
<LI><a href="#[51]">&gt;&gt;</a>&nbsp;&nbsp;&nbsp;_printf_d
</UL>

<P><STRONG><a name="[55]"></a>_printf_int_hex</STRONG> (Thumb, 84 bytes, Stack size 16 bytes, _printf_hex_int.o(.text))
<BR><BR>[Stack]<UL><LI>Max Depth = 48<LI>Call Chain = _printf_int_hex &rArr; _printf_int_common
</UL>
<BR>[Calls]<UL><LI><a href="#[6b]">&gt;&gt;</a>&nbsp;&nbsp;&nbsp;_printf_int_common
</UL>
<BR>[Called By]<UL><LI><a href="#[54]">&gt;&gt;</a>&nbsp;&nbsp;&nbsp;_printf_x
</UL>

<P><STRONG><a name="[134]"></a>_printf_longlong_hex</STRONG> (Thumb, 0 bytes, Stack size 16 bytes, _printf_hex_int.o(.text), UNUSED)

<P><STRONG><a name="[6c]"></a>__printf</STRONG> (Thumb, 308 bytes, Stack size 40 bytes, __printf_flags_wp.o(.text))
<BR><BR>[Stack]<UL><LI>Max Depth = 40 + Unknown Stack Size
<LI>Call Chain = __printf
</UL>
<BR>[Calls]<UL><LI><a href="#[6e]">&gt;&gt;</a>&nbsp;&nbsp;&nbsp;_printf_percent
<LI><a href="#[6d]">&gt;&gt;</a>&nbsp;&nbsp;&nbsp;_is_digit
</UL>
<BR>[Called By]<UL><LI><a href="#[77]">&gt;&gt;</a>&nbsp;&nbsp;&nbsp;_printf_char_common
</UL>

<P><STRONG><a name="[d7]"></a>__aeabi_memcpy</STRONG> (Thumb, 0 bytes, Stack size 0 bytes, rt_memcpy_v6.o(.text))
<BR><BR>[Called By]<UL><LI><a href="#[d8]">&gt;&gt;</a>&nbsp;&nbsp;&nbsp;prvCopyDataToQueue
<LI><a href="#[d6]">&gt;&gt;</a>&nbsp;&nbsp;&nbsp;prvCopyDataFromQueue
</UL>

<P><STRONG><a name="[6f]"></a>__rt_memcpy</STRONG> (Thumb, 138 bytes, Stack size 0 bytes, rt_memcpy_v6.o(.text), UNUSED)
<BR><BR>[Calls]<UL><LI><a href="#[70]">&gt;&gt;</a>&nbsp;&nbsp;&nbsp;__aeabi_memcpy4
</UL>

<P><STRONG><a name="[135]"></a>_memcpy_lastbytes</STRONG> (Thumb, 0 bytes, Stack size unknown bytes, rt_memcpy_v6.o(.text), UNUSED)

<P><STRONG><a name="[71]"></a>__aeabi_memset</STRONG> (Thumb, 16 bytes, Stack size 0 bytes, aeabi_memset.o(.text))
<BR><BR>[Calls]<UL><LI><a href="#[72]">&gt;&gt;</a>&nbsp;&nbsp;&nbsp;_memset
</UL>
<BR>[Called By]<UL><LI><a href="#[c9]">&gt;&gt;</a>&nbsp;&nbsp;&nbsp;prvAllocateTCBAndStack
</UL>

<P><STRONG><a name="[136]"></a>__use_two_region_memory</STRONG> (Thumb, 2 bytes, Stack size 0 bytes, heapauxi.o(.text), UNUSED)

<P><STRONG><a name="[2]"></a>__rt_heap_escrow</STRONG> (Thumb, 2 bytes, Stack size 0 bytes, heapauxi.o(.text), UNUSED)

<P><STRONG><a name="[1]"></a>__rt_heap_expand</STRONG> (Thumb, 2 bytes, Stack size 0 bytes, heapauxi.o(.text), UNUSED)

<P><STRONG><a name="[66]"></a>__rt_heap_descriptor</STRONG> (Thumb, 8 bytes, Stack size 0 bytes, rt_heap_descriptor_intlibspace.o(.text))
<BR><BR>[Called By]<UL><LI><a href="#[68]">&gt;&gt;</a>&nbsp;&nbsp;&nbsp;free
<LI><a href="#[65]">&gt;&gt;</a>&nbsp;&nbsp;&nbsp;malloc
<LI><a href="#[57]">&gt;&gt;</a>&nbsp;&nbsp;&nbsp;_init_alloc
</UL>

<P><STRONG><a name="[137]"></a>__use_no_heap</STRONG> (Thumb, 2 bytes, Stack size 0 bytes, hguard.o(.text), UNUSED)

<P><STRONG><a name="[138]"></a>__heap$guard</STRONG> (Thumb, 2 bytes, Stack size 0 bytes, hguard.o(.text), UNUSED)

<P><STRONG><a name="[7]"></a>_terminate_user_alloc</STRONG> (Thumb, 2 bytes, Stack size 0 bytes, init_alloc.o(.text), UNUSED)

<P><STRONG><a name="[5]"></a>_init_user_alloc</STRONG> (Thumb, 2 bytes, Stack size 0 bytes, init_alloc.o(.text), UNUSED)

<P><STRONG><a name="[67]"></a>__Heap_Full</STRONG> (Thumb, 34 bytes, Stack size 16 bytes, init_alloc.o(.text))
<BR><BR>[Stack]<UL><LI>Max Depth = 32<LI>Call Chain = __Heap_Full &rArr; __Heap_ProvideMemory &rArr; free
</UL>
<BR>[Calls]<UL><LI><a href="#[73]">&gt;&gt;</a>&nbsp;&nbsp;&nbsp;__Heap_ProvideMemory
</UL>
<BR>[Called By]<UL><LI><a href="#[65]">&gt;&gt;</a>&nbsp;&nbsp;&nbsp;malloc
</UL>

<P><STRONG><a name="[74]"></a>__Heap_Broken</STRONG> (Thumb, 6 bytes, Stack size 0 bytes, init_alloc.o(.text), UNUSED)
<BR><BR>[Calls]<UL><LI><a href="#[75]">&gt;&gt;</a>&nbsp;&nbsp;&nbsp;__rt_SIGRTMEM
</UL>

<P><STRONG><a name="[57]"></a>_init_alloc</STRONG> (Thumb, 94 bytes, Stack size 24 bytes, init_alloc.o(.text))
<BR><BR>[Stack]<UL><LI>Max Depth = 64<LI>Call Chain = _init_alloc &rArr; __rt_SIGRTMEM &rArr; __rt_SIGRTMEM_inner &rArr; __default_signal_display &rArr; _ttywrch
</UL>
<BR>[Calls]<UL><LI><a href="#[75]">&gt;&gt;</a>&nbsp;&nbsp;&nbsp;__rt_SIGRTMEM
<LI><a href="#[73]">&gt;&gt;</a>&nbsp;&nbsp;&nbsp;__Heap_ProvideMemory
<LI><a href="#[76]">&gt;&gt;</a>&nbsp;&nbsp;&nbsp;__Heap_Initialize
<LI><a href="#[66]">&gt;&gt;</a>&nbsp;&nbsp;&nbsp;__rt_heap_descriptor
</UL>
<BR>[Called By]<UL><LI><a href="#[56]">&gt;&gt;</a>&nbsp;&nbsp;&nbsp;__rt_lib_init_heap_2
</UL>

<P><STRONG><a name="[76]"></a>__Heap_Initialize</STRONG> (Thumb, 10 bytes, Stack size 0 bytes, h1_init.o(.text))
<BR><BR>[Called By]<UL><LI><a href="#[57]">&gt;&gt;</a>&nbsp;&nbsp;&nbsp;_init_alloc
</UL>

<P><STRONG><a name="[3]"></a>__Heap_DescSize</STRONG> (Thumb, 4 bytes, Stack size 0 bytes, h1_init.o(.text), UNUSED)

<P><STRONG><a name="[6b]"></a>_printf_int_common</STRONG> (Thumb, 178 bytes, Stack size 32 bytes, _printf_intcommon.o(.text))
<BR><BR>[Stack]<UL><LI>Max Depth = 32<LI>Call Chain = _printf_int_common
</UL>
<BR>[Called By]<UL><LI><a href="#[55]">&gt;&gt;</a>&nbsp;&nbsp;&nbsp;_printf_int_hex
<LI><a href="#[52]">&gt;&gt;</a>&nbsp;&nbsp;&nbsp;_printf_int_dec
</UL>

<P><STRONG><a name="[6a]"></a>_printf_char_file</STRONG> (Thumb, 32 bytes, Stack size 16 bytes, _printf_char_file.o(.text))
<BR><BR>[Stack]<UL><LI>Max Depth = 120 + Unknown Stack Size
<LI>Call Chain = _printf_char_file &rArr; _printf_char_common &rArr; __printf
</UL>
<BR>[Calls]<UL><LI><a href="#[78]">&gt;&gt;</a>&nbsp;&nbsp;&nbsp;ferror
<LI><a href="#[77]">&gt;&gt;</a>&nbsp;&nbsp;&nbsp;_printf_char_common
</UL>
<BR>[Called By]<UL><LI><a href="#[69]">&gt;&gt;</a>&nbsp;&nbsp;&nbsp;__2printf
</UL>

<P><STRONG><a name="[70]"></a>__aeabi_memcpy4</STRONG> (Thumb, 0 bytes, Stack size 8 bytes, rt_memcpy_w.o(.text), UNUSED)
<BR><BR>[Called By]<UL><LI><a href="#[6f]">&gt;&gt;</a>&nbsp;&nbsp;&nbsp;__rt_memcpy
</UL>

<P><STRONG><a name="[139]"></a>__aeabi_memcpy8</STRONG> (Thumb, 0 bytes, Stack size 8 bytes, rt_memcpy_w.o(.text), UNUSED)

<P><STRONG><a name="[13a]"></a>__rt_memcpy_w</STRONG> (Thumb, 100 bytes, Stack size 8 bytes, rt_memcpy_w.o(.text), UNUSED)

<P><STRONG><a name="[13b]"></a>_memcpy_lastbytes_aligned</STRONG> (Thumb, 0 bytes, Stack size unknown bytes, rt_memcpy_w.o(.text), UNUSED)

<P><STRONG><a name="[13c]"></a>__aeabi_memclr</STRONG> (Thumb, 0 bytes, Stack size 0 bytes, rt_memclr.o(.text), UNUSED)

<P><STRONG><a name="[79]"></a>__rt_memclr</STRONG> (Thumb, 68 bytes, Stack size 0 bytes, rt_memclr.o(.text), UNUSED)
<BR><BR>[Calls]<UL><LI><a href="#[7a]">&gt;&gt;</a>&nbsp;&nbsp;&nbsp;_memset_w
</UL>

<P><STRONG><a name="[72]"></a>_memset</STRONG> (Thumb, 0 bytes, Stack size unknown bytes, rt_memclr.o(.text))
<BR><BR>[Called By]<UL><LI><a href="#[71]">&gt;&gt;</a>&nbsp;&nbsp;&nbsp;__aeabi_memset
</UL>

<P><STRONG><a name="[13d]"></a>__user_libspace</STRONG> (Thumb, 8 bytes, Stack size 0 bytes, libspace.o(.text), UNUSED)

<P><STRONG><a name="[7d]"></a>__user_perproc_libspace</STRONG> (Thumb, 0 bytes, Stack size 0 bytes, libspace.o(.text))
<BR><BR>[Called By]<UL><LI><a href="#[59]">&gt;&gt;</a>&nbsp;&nbsp;&nbsp;__user_setup_stackheap
</UL>

<P><STRONG><a name="[13e]"></a>__user_perthread_libspace</STRONG> (Thumb, 0 bytes, Stack size 0 bytes, libspace.o(.text), UNUSED)

<P><STRONG><a name="[73]"></a>__Heap_ProvideMemory</STRONG> (Thumb, 52 bytes, Stack size 0 bytes, h1_extend.o(.text))
<BR><BR>[Stack]<UL><LI>Max Depth = 16<LI>Call Chain = __Heap_ProvideMemory &rArr; free
</UL>
<BR>[Calls]<UL><LI><a href="#[68]">&gt;&gt;</a>&nbsp;&nbsp;&nbsp;free
</UL>
<BR>[Called By]<UL><LI><a href="#[57]">&gt;&gt;</a>&nbsp;&nbsp;&nbsp;_init_alloc
<LI><a href="#[67]">&gt;&gt;</a>&nbsp;&nbsp;&nbsp;__Heap_Full
</UL>

<P><STRONG><a name="[77]"></a>_printf_char_common</STRONG> (Thumb, 32 bytes, Stack size 64 bytes, _printf_char_common.o(.text))
<BR><BR>[Stack]<UL><LI>Max Depth = 104 + Unknown Stack Size
<LI>Call Chain = _printf_char_common &rArr; __printf
</UL>
<BR>[Calls]<UL><LI><a href="#[6c]">&gt;&gt;</a>&nbsp;&nbsp;&nbsp;__printf
</UL>
<BR>[Called By]<UL><LI><a href="#[6a]">&gt;&gt;</a>&nbsp;&nbsp;&nbsp;_printf_char_file
</UL>

<P><STRONG><a name="[75]"></a>__rt_SIGRTMEM</STRONG> (Thumb, 14 bytes, Stack size 8 bytes, defsig_rtmem_outer.o(.text))
<BR><BR>[Stack]<UL><LI>Max Depth = 40<LI>Call Chain = __rt_SIGRTMEM &rArr; __rt_SIGRTMEM_inner &rArr; __default_signal_display &rArr; _ttywrch
</UL>
<BR>[Calls]<UL><LI><a href="#[7b]">&gt;&gt;</a>&nbsp;&nbsp;&nbsp;__rt_SIGRTMEM_inner
<LI><a href="#[7c]">&gt;&gt;</a>&nbsp;&nbsp;&nbsp;__sig_exit
</UL>
<BR>[Called By]<UL><LI><a href="#[57]">&gt;&gt;</a>&nbsp;&nbsp;&nbsp;_init_alloc
<LI><a href="#[74]">&gt;&gt;</a>&nbsp;&nbsp;&nbsp;__Heap_Broken
</UL>

<P><STRONG><a name="[13f]"></a>__aeabi_memclr4</STRONG> (Thumb, 0 bytes, Stack size 4 bytes, rt_memclr_w.o(.text), UNUSED)

<P><STRONG><a name="[140]"></a>__aeabi_memclr8</STRONG> (Thumb, 0 bytes, Stack size 4 bytes, rt_memclr_w.o(.text), UNUSED)

<P><STRONG><a name="[141]"></a>__rt_memclr_w</STRONG> (Thumb, 78 bytes, Stack size 4 bytes, rt_memclr_w.o(.text), UNUSED)

<P><STRONG><a name="[7a]"></a>_memset_w</STRONG> (Thumb, 0 bytes, Stack size unknown bytes, rt_memclr_w.o(.text), UNUSED)
<BR><BR>[Called By]<UL><LI><a href="#[79]">&gt;&gt;</a>&nbsp;&nbsp;&nbsp;__rt_memclr
</UL>

<P><STRONG><a name="[142]"></a>__I$use$semihosting</STRONG> (Thumb, 0 bytes, Stack size 0 bytes, use_no_semi.o(.text), UNUSED)

<P><STRONG><a name="[143]"></a>__use_no_semihosting_swi</STRONG> (Thumb, 2 bytes, Stack size 0 bytes, use_no_semi.o(.text), UNUSED)

<P><STRONG><a name="[144]"></a>__semihosting_library_function</STRONG> (Thumb, 0 bytes, Stack size 8 bytes, indicate_semi.o(.text), UNUSED)

<P><STRONG><a name="[59]"></a>__user_setup_stackheap</STRONG> (Thumb, 74 bytes, Stack size 8 bytes, sys_stackheap_outer.o(.text))
<BR><BR>[Stack]<UL><LI>Max Depth = 8 + Unknown Stack Size
<LI>Call Chain = __user_setup_stackheap
</UL>
<BR>[Calls]<UL><LI><a href="#[7e]">&gt;&gt;</a>&nbsp;&nbsp;&nbsp;__user_initial_stackheap
<LI><a href="#[7d]">&gt;&gt;</a>&nbsp;&nbsp;&nbsp;__user_perproc_libspace
</UL>
<BR>[Called By]<UL><LI><a href="#[58]">&gt;&gt;</a>&nbsp;&nbsp;&nbsp;__rt_entry_sh
</UL>

<P><STRONG><a name="[5e]"></a>exit</STRONG> (Thumb, 18 bytes, Stack size 8 bytes, exit.o(.text))
<BR><BR>[Stack]<UL><LI>Max Depth = 8 + Unknown Stack Size
<LI>Call Chain = exit
</UL>
<BR>[Calls]<UL><LI><a href="#[7f]">&gt;&gt;</a>&nbsp;&nbsp;&nbsp;__rt_exit
</UL>
<BR>[Called By]<UL><LI><a href="#[5c]">&gt;&gt;</a>&nbsp;&nbsp;&nbsp;__rt_entry_main
</UL>

<P><STRONG><a name="[7c]"></a>__sig_exit</STRONG> (Thumb, 10 bytes, Stack size 0 bytes, defsig_exit.o(.text))
<BR><BR>[Calls]<UL><LI><a href="#[62]">&gt;&gt;</a>&nbsp;&nbsp;&nbsp;_sys_exit
</UL>
<BR>[Called By]<UL><LI><a href="#[75]">&gt;&gt;</a>&nbsp;&nbsp;&nbsp;__rt_SIGRTMEM
</UL>

<P><STRONG><a name="[7b]"></a>__rt_SIGRTMEM_inner</STRONG> (Thumb, 22 bytes, Stack size 8 bytes, defsig_rtmem_inner.o(.text))
<BR><BR>[Stack]<UL><LI>Max Depth = 32<LI>Call Chain = __rt_SIGRTMEM_inner &rArr; __default_signal_display &rArr; _ttywrch
</UL>
<BR>[Calls]<UL><LI><a href="#[80]">&gt;&gt;</a>&nbsp;&nbsp;&nbsp;__default_signal_display
</UL>
<BR>[Called By]<UL><LI><a href="#[75]">&gt;&gt;</a>&nbsp;&nbsp;&nbsp;__rt_SIGRTMEM
</UL>

<P><STRONG><a name="[80]"></a>__default_signal_display</STRONG> (Thumb, 50 bytes, Stack size 16 bytes, defsig_general.o(.text))
<BR><BR>[Stack]<UL><LI>Max Depth = 24<LI>Call Chain = __default_signal_display &rArr; _ttywrch
</UL>
<BR>[Calls]<UL><LI><a href="#[81]">&gt;&gt;</a>&nbsp;&nbsp;&nbsp;_ttywrch
</UL>
<BR>[Called By]<UL><LI><a href="#[7b]">&gt;&gt;</a>&nbsp;&nbsp;&nbsp;__rt_SIGRTMEM_inner
</UL>

<P><STRONG><a name="[81]"></a>_ttywrch</STRONG> (Thumb, 14 bytes, Stack size 8 bytes, sys_wrch.o(.text))
<BR><BR>[Stack]<UL><LI>Max Depth = 8<LI>Call Chain = _ttywrch
</UL>
<BR>[Called By]<UL><LI><a href="#[80]">&gt;&gt;</a>&nbsp;&nbsp;&nbsp;__default_signal_display
</UL>

<P><STRONG><a name="[82]"></a>Board_Debug_Init</STRONG> (Thumb, 126 bytes, Stack size 8 bytes, board.o(i.Board_Debug_Init))
<BR><BR>[Stack]<UL><LI>Max Depth = 136<LI>Call Chain = Board_Debug_Init &rArr; Chip_Clock_SetUARTBaseClockRate &rArr; Chip_Clock_GetUARTBaseClockRate &rArr; __aeabi_uldivmod
</UL>
<BR>[Calls]<UL><LI><a href="#[86]">&gt;&gt;</a>&nbsp;&nbsp;&nbsp;Chip_Clock_SetUARTBaseClockRate
<LI><a href="#[85]">&gt;&gt;</a>&nbsp;&nbsp;&nbsp;Chip_Clock_GetMainClockRate
<LI><a href="#[88]">&gt;&gt;</a>&nbsp;&nbsp;&nbsp;Chip_UART_SetBaud
<LI><a href="#[87]">&gt;&gt;</a>&nbsp;&nbsp;&nbsp;Chip_UART_Init
<LI><a href="#[84]">&gt;&gt;</a>&nbsp;&nbsp;&nbsp;Chip_SWM_MovablePortPinAssign
<LI><a href="#[83]">&gt;&gt;</a>&nbsp;&nbsp;&nbsp;Chip_IOCON_PinMuxSet
</UL>
<BR>[Called By]<UL><LI><a href="#[89]">&gt;&gt;</a>&nbsp;&nbsp;&nbsp;Board_Init
</UL>

<P><STRONG><a name="[89]"></a>Board_Init</STRONG> (Thumb, 20 bytes, Stack size 8 bytes, board.o(i.Board_Init))
<BR><BR>[Stack]<UL><LI>Max Depth = 144<LI>Call Chain = Board_Init &rArr; Board_Debug_Init &rArr; Chip_Clock_SetUARTBaseClockRate &rArr; Chip_Clock_GetUARTBaseClockRate &rArr; __aeabi_uldivmod
</UL>
<BR>[Calls]<UL><LI><a href="#[8a]">&gt;&gt;</a>&nbsp;&nbsp;&nbsp;Chip_GPIO_Init
<LI><a href="#[82]">&gt;&gt;</a>&nbsp;&nbsp;&nbsp;Board_Debug_Init
<LI><a href="#[8b]">&gt;&gt;</a>&nbsp;&nbsp;&nbsp;Board_LED_Init
</UL>
<BR>[Called By]<UL><LI><a href="#[c3]">&gt;&gt;</a>&nbsp;&nbsp;&nbsp;prvSetupHardware
</UL>

<P><STRONG><a name="[102]"></a>Board_LED_Toggle</STRONG> (Thumb, 30 bytes, Stack size 12 bytes, board.o(i.Board_LED_Toggle))
<BR><BR>[Stack]<UL><LI>Max Depth = 12<LI>Call Chain = Board_LED_Toggle
</UL>
<BR>[Called By]<UL><LI><a href="#[63]">&gt;&gt;</a>&nbsp;&nbsp;&nbsp;vTaskSwitchContext
</UL>

<P><STRONG><a name="[8d]"></a>Board_SetupClocking</STRONG> (Thumb, 66 bytes, Stack size 8 bytes, board_sysinit.o(i.Board_SetupClocking))
<BR><BR>[Stack]<UL><LI>Max Depth = 32<LI>Call Chain = Board_SetupClocking &rArr; Chip_SetupXtalClocking &rArr; Chip_Clock_SetMainClockSource
</UL>
<BR>[Calls]<UL><LI><a href="#[8f]">&gt;&gt;</a>&nbsp;&nbsp;&nbsp;Chip_SYSCTL_PowerUp
<LI><a href="#[8e]">&gt;&gt;</a>&nbsp;&nbsp;&nbsp;Chip_SetupXtalClocking
</UL>
<BR>[Called By]<UL><LI><a href="#[96]">&gt;&gt;</a>&nbsp;&nbsp;&nbsp;Board_SystemInit
</UL>

<P><STRONG><a name="[90]"></a>Board_SetupMuxing</STRONG> (Thumb, 90 bytes, Stack size 24 bytes, board_sysinit.o(i.Board_SetupMuxing))
<BR><BR>[Stack]<UL><LI>Max Depth = 44<LI>Call Chain = Board_SetupMuxing &rArr; Chip_SWM_MovablePinAssign
</UL>
<BR>[Calls]<UL><LI><a href="#[95]">&gt;&gt;</a>&nbsp;&nbsp;&nbsp;Chip_SWM_MovablePinAssign
<LI><a href="#[91]">&gt;&gt;</a>&nbsp;&nbsp;&nbsp;Chip_Clock_EnablePeriphClock
<LI><a href="#[93]">&gt;&gt;</a>&nbsp;&nbsp;&nbsp;Chip_SYSCTL_DeassertPeriphReset
<LI><a href="#[92]">&gt;&gt;</a>&nbsp;&nbsp;&nbsp;Chip_SYSCTL_AssertPeriphReset
<LI><a href="#[94]">&gt;&gt;</a>&nbsp;&nbsp;&nbsp;Chip_IOCON_SetPinMuxing
</UL>
<BR>[Called By]<UL><LI><a href="#[96]">&gt;&gt;</a>&nbsp;&nbsp;&nbsp;Board_SystemInit
</UL>

<P><STRONG><a name="[96]"></a>Board_SystemInit</STRONG> (Thumb, 18 bytes, Stack size 8 bytes, board_sysinit.o(i.Board_SystemInit))
<BR><BR>[Stack]<UL><LI>Max Depth = 52<LI>Call Chain = Board_SystemInit &rArr; Board_SetupMuxing &rArr; Chip_SWM_MovablePinAssign
</UL>
<BR>[Calls]<UL><LI><a href="#[90]">&gt;&gt;</a>&nbsp;&nbsp;&nbsp;Board_SetupMuxing
<LI><a href="#[8d]">&gt;&gt;</a>&nbsp;&nbsp;&nbsp;Board_SetupClocking
</UL>
<BR>[Called By]<UL><LI><a href="#[3e]">&gt;&gt;</a>&nbsp;&nbsp;&nbsp;SystemInit
</UL>

<P><STRONG><a name="[97]"></a>Board_UARTPutChar</STRONG> (Thumb, 14 bytes, Stack size 8 bytes, board.o(i.Board_UARTPutChar))
<BR><BR>[Stack]<UL><LI>Max Depth = 64<LI>Call Chain = Board_UARTPutChar &rArr; Chip_UART_SendBlocking &rArr; Chip_UART_Send
</UL>
<BR>[Calls]<UL><LI><a href="#[98]">&gt;&gt;</a>&nbsp;&nbsp;&nbsp;Chip_UART_SendBlocking
</UL>
<BR>[Called By]<UL><LI><a href="#[40]">&gt;&gt;</a>&nbsp;&nbsp;&nbsp;fputc
</UL>

<P><STRONG><a name="[f3]"></a>Chip_Clock_DisablePeriphClock</STRONG> (Thumb, 50 bytes, Stack size 8 bytes, clock_15xx.o(i.Chip_Clock_DisablePeriphClock))
<BR><BR>[Stack]<UL><LI>Max Depth = 8<LI>Call Chain = Chip_Clock_DisablePeriphClock
</UL>
<BR>[Called By]<UL><LI><a href="#[f0]">&gt;&gt;</a>&nbsp;&nbsp;&nbsp;pwm_setup_pin
</UL>

<P><STRONG><a name="[91]"></a>Chip_Clock_EnablePeriphClock</STRONG> (Thumb, 50 bytes, Stack size 8 bytes, clock_15xx.o(i.Chip_Clock_EnablePeriphClock))
<BR><BR>[Stack]<UL><LI>Max Depth = 8<LI>Call Chain = Chip_Clock_EnablePeriphClock
</UL>
<BR>[Called By]<UL><LI><a href="#[a5]">&gt;&gt;</a>&nbsp;&nbsp;&nbsp;Chip_I2C_Init
<LI><a href="#[f0]">&gt;&gt;</a>&nbsp;&nbsp;&nbsp;pwm_setup_pin
<LI><a href="#[a8]">&gt;&gt;</a>&nbsp;&nbsp;&nbsp;Chip_SCT_Init
<LI><a href="#[90]">&gt;&gt;</a>&nbsp;&nbsp;&nbsp;Board_SetupMuxing
<LI><a href="#[87]">&gt;&gt;</a>&nbsp;&nbsp;&nbsp;Chip_UART_Init
<LI><a href="#[8a]">&gt;&gt;</a>&nbsp;&nbsp;&nbsp;Chip_GPIO_Init
</UL>

<P><STRONG><a name="[85]"></a>Chip_Clock_GetMainClockRate</STRONG> (Thumb, 24 bytes, Stack size 8 bytes, clock_15xx.o(i.Chip_Clock_GetMainClockRate))
<BR><BR>[Stack]<UL><LI>Max Depth = 32<LI>Call Chain = Chip_Clock_GetMainClockRate &rArr; Chip_Clock_GetMain_B_ClockRate &rArr; Chip_Clock_GetSystemPLLOutClockRate &rArr; Chip_Clock_GetSystemPLLInClockRate
</UL>
<BR>[Calls]<UL><LI><a href="#[9a]">&gt;&gt;</a>&nbsp;&nbsp;&nbsp;Chip_Clock_GetMain_B_ClockRate
<LI><a href="#[99]">&gt;&gt;</a>&nbsp;&nbsp;&nbsp;Chip_Clock_GetMain_A_ClockRate
</UL>
<BR>[Called By]<UL><LI><a href="#[a4]">&gt;&gt;</a>&nbsp;&nbsp;&nbsp;Chip_I2CM_SetBusSpeed
<LI><a href="#[9d]">&gt;&gt;</a>&nbsp;&nbsp;&nbsp;Chip_Clock_GetSystemClockRate
<LI><a href="#[86]">&gt;&gt;</a>&nbsp;&nbsp;&nbsp;Chip_Clock_SetUARTBaseClockRate
<LI><a href="#[a0]">&gt;&gt;</a>&nbsp;&nbsp;&nbsp;Chip_Clock_GetUARTBaseClockRate
<LI><a href="#[82]">&gt;&gt;</a>&nbsp;&nbsp;&nbsp;Board_Debug_Init
</UL>

<P><STRONG><a name="[99]"></a>Chip_Clock_GetMain_A_ClockRate</STRONG> (Thumb, 56 bytes, Stack size 0 bytes, clock_15xx.o(i.Chip_Clock_GetMain_A_ClockRate))
<BR><BR>[Called By]<UL><LI><a href="#[9a]">&gt;&gt;</a>&nbsp;&nbsp;&nbsp;Chip_Clock_GetMain_B_ClockRate
<LI><a href="#[85]">&gt;&gt;</a>&nbsp;&nbsp;&nbsp;Chip_Clock_GetMainClockRate
</UL>

<P><STRONG><a name="[9a]"></a>Chip_Clock_GetMain_B_ClockRate</STRONG> (Thumb, 68 bytes, Stack size 8 bytes, clock_15xx.o(i.Chip_Clock_GetMain_B_ClockRate))
<BR><BR>[Stack]<UL><LI>Max Depth = 24<LI>Call Chain = Chip_Clock_GetMain_B_ClockRate &rArr; Chip_Clock_GetSystemPLLOutClockRate &rArr; Chip_Clock_GetSystemPLLInClockRate
</UL>
<BR>[Calls]<UL><LI><a href="#[9c]">&gt;&gt;</a>&nbsp;&nbsp;&nbsp;Chip_Clock_GetSystemPLLOutClockRate
<LI><a href="#[9b]">&gt;&gt;</a>&nbsp;&nbsp;&nbsp;Chip_Clock_GetSystemPLLInClockRate
<LI><a href="#[99]">&gt;&gt;</a>&nbsp;&nbsp;&nbsp;Chip_Clock_GetMain_A_ClockRate
</UL>
<BR>[Called By]<UL><LI><a href="#[85]">&gt;&gt;</a>&nbsp;&nbsp;&nbsp;Chip_Clock_GetMainClockRate
</UL>

<P><STRONG><a name="[9d]"></a>Chip_Clock_GetSystemClockRate</STRONG> (Thumb, 16 bytes, Stack size 8 bytes, clock_15xx.o(i.Chip_Clock_GetSystemClockRate))
<BR><BR>[Stack]<UL><LI>Max Depth = 40<LI>Call Chain = Chip_Clock_GetSystemClockRate &rArr; Chip_Clock_GetMainClockRate &rArr; Chip_Clock_GetMain_B_ClockRate &rArr; Chip_Clock_GetSystemPLLOutClockRate &rArr; Chip_Clock_GetSystemPLLInClockRate
</UL>
<BR>[Calls]<UL><LI><a href="#[85]">&gt;&gt;</a>&nbsp;&nbsp;&nbsp;Chip_Clock_GetMainClockRate
</UL>
<BR>[Called By]<UL><LI><a href="#[a6]">&gt;&gt;</a>&nbsp;&nbsp;&nbsp;Chip_SCTPWM_SetRate
<LI><a href="#[b4]">&gt;&gt;</a>&nbsp;&nbsp;&nbsp;InfraRed_init
<LI><a href="#[be]">&gt;&gt;</a>&nbsp;&nbsp;&nbsp;SystemCoreClockUpdate
</UL>

<P><STRONG><a name="[9b]"></a>Chip_Clock_GetSystemPLLInClockRate</STRONG> (Thumb, 12 bytes, Stack size 8 bytes, clock_15xx.o(i.Chip_Clock_GetSystemPLLInClockRate))
<BR><BR>[Stack]<UL><LI>Max Depth = 8<LI>Call Chain = Chip_Clock_GetSystemPLLInClockRate
</UL>
<BR>[Calls]<UL><LI><a href="#[9e]">&gt;&gt;</a>&nbsp;&nbsp;&nbsp;Chip_Clock_GetPLLInClockRate
</UL>
<BR>[Called By]<UL><LI><a href="#[9c]">&gt;&gt;</a>&nbsp;&nbsp;&nbsp;Chip_Clock_GetSystemPLLOutClockRate
<LI><a href="#[9a]">&gt;&gt;</a>&nbsp;&nbsp;&nbsp;Chip_Clock_GetMain_B_ClockRate
</UL>

<P><STRONG><a name="[9c]"></a>Chip_Clock_GetSystemPLLOutClockRate</STRONG> (Thumb, 20 bytes, Stack size 8 bytes, clock_15xx.o(i.Chip_Clock_GetSystemPLLOutClockRate))
<BR><BR>[Stack]<UL><LI>Max Depth = 16<LI>Call Chain = Chip_Clock_GetSystemPLLOutClockRate &rArr; Chip_Clock_GetSystemPLLInClockRate
</UL>
<BR>[Calls]<UL><LI><a href="#[9b]">&gt;&gt;</a>&nbsp;&nbsp;&nbsp;Chip_Clock_GetSystemPLLInClockRate
<LI><a href="#[9f]">&gt;&gt;</a>&nbsp;&nbsp;&nbsp;Chip_Clock_GetPLLFreq
</UL>
<BR>[Called By]<UL><LI><a href="#[9a]">&gt;&gt;</a>&nbsp;&nbsp;&nbsp;Chip_Clock_GetMain_B_ClockRate
</UL>

<P><STRONG><a name="[a0]"></a>Chip_Clock_GetUARTBaseClockRate</STRONG> (Thumb, 94 bytes, Stack size 40 bytes, clock_15xx.o(i.Chip_Clock_GetUARTBaseClockRate))
<BR><BR>[Stack]<UL><LI>Max Depth = 88<LI>Call Chain = Chip_Clock_GetUARTBaseClockRate &rArr; __aeabi_uldivmod
</UL>
<BR>[Calls]<UL><LI><a href="#[85]">&gt;&gt;</a>&nbsp;&nbsp;&nbsp;Chip_Clock_GetMainClockRate
<LI><a href="#[a1]">&gt;&gt;</a>&nbsp;&nbsp;&nbsp;__aeabi_uldivmod
</UL>
<BR>[Called By]<UL><LI><a href="#[86]">&gt;&gt;</a>&nbsp;&nbsp;&nbsp;Chip_Clock_SetUARTBaseClockRate
<LI><a href="#[88]">&gt;&gt;</a>&nbsp;&nbsp;&nbsp;Chip_UART_SetBaud
</UL>

<P><STRONG><a name="[a2]"></a>Chip_Clock_SetMainClockSource</STRONG> (Thumb, 36 bytes, Stack size 16 bytes, clock_15xx.o(i.Chip_Clock_SetMainClockSource))
<BR><BR>[Stack]<UL><LI>Max Depth = 16<LI>Call Chain = Chip_Clock_SetMainClockSource
</UL>
<BR>[Calls]<UL><LI><a href="#[a3]">&gt;&gt;</a>&nbsp;&nbsp;&nbsp;Chip_Clock_SetMain_B_ClockSource
</UL>
<BR>[Called By]<UL><LI><a href="#[8e]">&gt;&gt;</a>&nbsp;&nbsp;&nbsp;Chip_SetupXtalClocking
</UL>

<P><STRONG><a name="[86]"></a>Chip_Clock_SetUARTBaseClockRate</STRONG> (Thumb, 108 bytes, Stack size 40 bytes, clock_15xx.o(i.Chip_Clock_SetUARTBaseClockRate))
<BR><BR>[Stack]<UL><LI>Max Depth = 128<LI>Call Chain = Chip_Clock_SetUARTBaseClockRate &rArr; Chip_Clock_GetUARTBaseClockRate &rArr; __aeabi_uldivmod
</UL>
<BR>[Calls]<UL><LI><a href="#[a0]">&gt;&gt;</a>&nbsp;&nbsp;&nbsp;Chip_Clock_GetUARTBaseClockRate
<LI><a href="#[85]">&gt;&gt;</a>&nbsp;&nbsp;&nbsp;Chip_Clock_GetMainClockRate
<LI><a href="#[a1]">&gt;&gt;</a>&nbsp;&nbsp;&nbsp;__aeabi_uldivmod
</UL>
<BR>[Called By]<UL><LI><a href="#[82]">&gt;&gt;</a>&nbsp;&nbsp;&nbsp;Board_Debug_Init
</UL>

<P><STRONG><a name="[8a]"></a>Chip_GPIO_Init</STRONG> (Thumb, 46 bytes, Stack size 16 bytes, gpio_15xx.o(i.Chip_GPIO_Init))
<BR><BR>[Stack]<UL><LI>Max Depth = 24<LI>Call Chain = Chip_GPIO_Init &rArr; Chip_Clock_EnablePeriphClock
</UL>
<BR>[Calls]<UL><LI><a href="#[91]">&gt;&gt;</a>&nbsp;&nbsp;&nbsp;Chip_Clock_EnablePeriphClock
<LI><a href="#[93]">&gt;&gt;</a>&nbsp;&nbsp;&nbsp;Chip_SYSCTL_DeassertPeriphReset
<LI><a href="#[92]">&gt;&gt;</a>&nbsp;&nbsp;&nbsp;Chip_SYSCTL_AssertPeriphReset
</UL>
<BR>[Called By]<UL><LI><a href="#[89]">&gt;&gt;</a>&nbsp;&nbsp;&nbsp;Board_Init
</UL>

<P><STRONG><a name="[a4]"></a>Chip_I2CM_SetBusSpeed</STRONG> (Thumb, 56 bytes, Stack size 16 bytes, i2cm_15xx.o(i.Chip_I2CM_SetBusSpeed))
<BR><BR>[Stack]<UL><LI>Max Depth = 48<LI>Call Chain = Chip_I2CM_SetBusSpeed &rArr; Chip_Clock_GetMainClockRate &rArr; Chip_Clock_GetMain_B_ClockRate &rArr; Chip_Clock_GetSystemPLLOutClockRate &rArr; Chip_Clock_GetSystemPLLInClockRate
</UL>
<BR>[Calls]<UL><LI><a href="#[85]">&gt;&gt;</a>&nbsp;&nbsp;&nbsp;Chip_Clock_GetMainClockRate
</UL>
<BR>[Called By]<UL><LI><a href="#[c1]">&gt;&gt;</a>&nbsp;&nbsp;&nbsp;setupI2CMaster
</UL>

<P><STRONG><a name="[b3]"></a>Chip_I2CS_XferHandler</STRONG> (Thumb, 158 bytes, Stack size 24 bytes, i2cs_15xx.o(i.Chip_I2CS_XferHandler))
<BR><BR>[Stack]<UL><LI>Max Depth = 24<LI>Call Chain = Chip_I2CS_XferHandler
</UL>
<BR>[Called By]<UL><LI><a href="#[27]">&gt;&gt;</a>&nbsp;&nbsp;&nbsp;I2C0_IRQHandler
</UL>

<P><STRONG><a name="[a5]"></a>Chip_I2C_Init</STRONG> (Thumb, 28 bytes, Stack size 16 bytes, i2c_common_15xx.o(i.Chip_I2C_Init))
<BR><BR>[Stack]<UL><LI>Max Depth = 24<LI>Call Chain = Chip_I2C_Init &rArr; Chip_Clock_EnablePeriphClock
</UL>
<BR>[Calls]<UL><LI><a href="#[91]">&gt;&gt;</a>&nbsp;&nbsp;&nbsp;Chip_Clock_EnablePeriphClock
<LI><a href="#[93]">&gt;&gt;</a>&nbsp;&nbsp;&nbsp;Chip_SYSCTL_DeassertPeriphReset
<LI><a href="#[92]">&gt;&gt;</a>&nbsp;&nbsp;&nbsp;Chip_SYSCTL_AssertPeriphReset
</UL>
<BR>[Called By]<UL><LI><a href="#[c1]">&gt;&gt;</a>&nbsp;&nbsp;&nbsp;setupI2CMaster
</UL>

<P><STRONG><a name="[94]"></a>Chip_IOCON_SetPinMuxing</STRONG> (Thumb, 48 bytes, Stack size 20 bytes, iocon_15xx.o(i.Chip_IOCON_SetPinMuxing))
<BR><BR>[Stack]<UL><LI>Max Depth = 20<LI>Call Chain = Chip_IOCON_SetPinMuxing
</UL>
<BR>[Called By]<UL><LI><a href="#[90]">&gt;&gt;</a>&nbsp;&nbsp;&nbsp;Board_SetupMuxing
</UL>

<P><STRONG><a name="[f1]"></a>Chip_SCTPWM_SetOutPin</STRONG> (Thumb, 84 bytes, Stack size 16 bytes, sct_pwm_15xx.o(i.Chip_SCTPWM_SetOutPin))
<BR><BR>[Stack]<UL><LI>Max Depth = 16<LI>Call Chain = Chip_SCTPWM_SetOutPin
</UL>
<BR>[Called By]<UL><LI><a href="#[c4]">&gt;&gt;</a>&nbsp;&nbsp;&nbsp;pwm_init
</UL>

<P><STRONG><a name="[a6]"></a>Chip_SCTPWM_SetRate</STRONG> (Thumb, 90 bytes, Stack size 16 bytes, sct_pwm_15xx.o(i.Chip_SCTPWM_SetRate))
<BR><BR>[Stack]<UL><LI>Max Depth = 56<LI>Call Chain = Chip_SCTPWM_SetRate &rArr; Chip_Clock_GetSystemClockRate &rArr; Chip_Clock_GetMainClockRate &rArr; Chip_Clock_GetMain_B_ClockRate &rArr; Chip_Clock_GetSystemPLLOutClockRate &rArr; Chip_Clock_GetSystemPLLInClockRate
</UL>
<BR>[Calls]<UL><LI><a href="#[9d]">&gt;&gt;</a>&nbsp;&nbsp;&nbsp;Chip_Clock_GetSystemClockRate
<LI><a href="#[a7]">&gt;&gt;</a>&nbsp;&nbsp;&nbsp;Chip_SCT_SetControl
</UL>
<BR>[Called By]<UL><LI><a href="#[c4]">&gt;&gt;</a>&nbsp;&nbsp;&nbsp;pwm_init
</UL>

<P><STRONG><a name="[a8]"></a>Chip_SCT_Init</STRONG> (Thumb, 44 bytes, Stack size 16 bytes, sct_15xx.o(i.Chip_SCT_Init))
<BR><BR>[Stack]<UL><LI>Max Depth = 24<LI>Call Chain = Chip_SCT_Init &rArr; Chip_Clock_EnablePeriphClock
</UL>
<BR>[Calls]<UL><LI><a href="#[91]">&gt;&gt;</a>&nbsp;&nbsp;&nbsp;Chip_Clock_EnablePeriphClock
<LI><a href="#[93]">&gt;&gt;</a>&nbsp;&nbsp;&nbsp;Chip_SYSCTL_DeassertPeriphReset
<LI><a href="#[92]">&gt;&gt;</a>&nbsp;&nbsp;&nbsp;Chip_SYSCTL_AssertPeriphReset
</UL>
<BR>[Called By]<UL><LI><a href="#[b4]">&gt;&gt;</a>&nbsp;&nbsp;&nbsp;InfraRed_init
<LI><a href="#[c4]">&gt;&gt;</a>&nbsp;&nbsp;&nbsp;pwm_init
</UL>

<P><STRONG><a name="[b8]"></a>Chip_SWM_EnableFixedPin</STRONG> (Thumb, 28 bytes, Stack size 8 bytes, swm_15xx.o(i.Chip_SWM_EnableFixedPin))
<BR><BR>[Stack]<UL><LI>Max Depth = 8<LI>Call Chain = Chip_SWM_EnableFixedPin
</UL>
<BR>[Called By]<UL><LI><a href="#[b6]">&gt;&gt;</a>&nbsp;&nbsp;&nbsp;Init_I2C_PinMux
</UL>

<P><STRONG><a name="[95]"></a>Chip_SWM_MovablePinAssign</STRONG> (Thumb, 36 bytes, Stack size 20 bytes, swm_15xx.o(i.Chip_SWM_MovablePinAssign))
<BR><BR>[Stack]<UL><LI>Max Depth = 20<LI>Call Chain = Chip_SWM_MovablePinAssign
</UL>
<BR>[Called By]<UL><LI><a href="#[f0]">&gt;&gt;</a>&nbsp;&nbsp;&nbsp;pwm_setup_pin
<LI><a href="#[90]">&gt;&gt;</a>&nbsp;&nbsp;&nbsp;Board_SetupMuxing
<LI><a href="#[84]">&gt;&gt;</a>&nbsp;&nbsp;&nbsp;Chip_SWM_MovablePortPinAssign
</UL>

<P><STRONG><a name="[92]"></a>Chip_SYSCTL_AssertPeriphReset</STRONG> (Thumb, 40 bytes, Stack size 0 bytes, sysctl_15xx.o(i.Chip_SYSCTL_AssertPeriphReset))
<BR><BR>[Called By]<UL><LI><a href="#[a5]">&gt;&gt;</a>&nbsp;&nbsp;&nbsp;Chip_I2C_Init
<LI><a href="#[a8]">&gt;&gt;</a>&nbsp;&nbsp;&nbsp;Chip_SCT_Init
<LI><a href="#[a9]">&gt;&gt;</a>&nbsp;&nbsp;&nbsp;Chip_SYSCTL_PeriphReset
<LI><a href="#[90]">&gt;&gt;</a>&nbsp;&nbsp;&nbsp;Board_SetupMuxing
<LI><a href="#[8a]">&gt;&gt;</a>&nbsp;&nbsp;&nbsp;Chip_GPIO_Init
</UL>

<P><STRONG><a name="[93]"></a>Chip_SYSCTL_DeassertPeriphReset</STRONG> (Thumb, 40 bytes, Stack size 0 bytes, sysctl_15xx.o(i.Chip_SYSCTL_DeassertPeriphReset))
<BR><BR>[Called By]<UL><LI><a href="#[a5]">&gt;&gt;</a>&nbsp;&nbsp;&nbsp;Chip_I2C_Init
<LI><a href="#[a8]">&gt;&gt;</a>&nbsp;&nbsp;&nbsp;Chip_SCT_Init
<LI><a href="#[a9]">&gt;&gt;</a>&nbsp;&nbsp;&nbsp;Chip_SYSCTL_PeriphReset
<LI><a href="#[90]">&gt;&gt;</a>&nbsp;&nbsp;&nbsp;Board_SetupMuxing
<LI><a href="#[8a]">&gt;&gt;</a>&nbsp;&nbsp;&nbsp;Chip_GPIO_Init
</UL>

<P><STRONG><a name="[ab]"></a>Chip_SYSCTL_PowerDown</STRONG> (Thumb, 26 bytes, Stack size 0 bytes, sysctl_15xx.o(i.Chip_SYSCTL_PowerDown))
<BR><BR>[Called By]<UL><LI><a href="#[8e]">&gt;&gt;</a>&nbsp;&nbsp;&nbsp;Chip_SetupXtalClocking
</UL>

<P><STRONG><a name="[8f]"></a>Chip_SYSCTL_PowerUp</STRONG> (Thumb, 26 bytes, Stack size 0 bytes, sysctl_15xx.o(i.Chip_SYSCTL_PowerUp))
<BR><BR>[Called By]<UL><LI><a href="#[8e]">&gt;&gt;</a>&nbsp;&nbsp;&nbsp;Chip_SetupXtalClocking
<LI><a href="#[8d]">&gt;&gt;</a>&nbsp;&nbsp;&nbsp;Board_SetupClocking
</UL>

<P><STRONG><a name="[8e]"></a>Chip_SetupXtalClocking</STRONG> (Thumb, 96 bytes, Stack size 8 bytes, sysinit_15xx.o(i.Chip_SetupXtalClocking))
<BR><BR>[Stack]<UL><LI>Max Depth = 24<LI>Call Chain = Chip_SetupXtalClocking &rArr; Chip_Clock_SetMainClockSource
</UL>
<BR>[Calls]<UL><LI><a href="#[8f]">&gt;&gt;</a>&nbsp;&nbsp;&nbsp;Chip_SYSCTL_PowerUp
<LI><a href="#[a2]">&gt;&gt;</a>&nbsp;&nbsp;&nbsp;Chip_Clock_SetMainClockSource
<LI><a href="#[ae]">&gt;&gt;</a>&nbsp;&nbsp;&nbsp;Chip_FMC_SetFLASHAccess
<LI><a href="#[ac]">&gt;&gt;</a>&nbsp;&nbsp;&nbsp;Chip_Clock_SetupSystemPLL
<LI><a href="#[aa]">&gt;&gt;</a>&nbsp;&nbsp;&nbsp;Chip_Clock_SetSystemPLLSource
<LI><a href="#[ad]">&gt;&gt;</a>&nbsp;&nbsp;&nbsp;Chip_Clock_SetSysClockDiv
<LI><a href="#[ab]">&gt;&gt;</a>&nbsp;&nbsp;&nbsp;Chip_SYSCTL_PowerDown
</UL>
<BR>[Called By]<UL><LI><a href="#[8d]">&gt;&gt;</a>&nbsp;&nbsp;&nbsp;Board_SetupClocking
</UL>

<P><STRONG><a name="[87]"></a>Chip_UART_Init</STRONG> (Thumb, 52 bytes, Stack size 16 bytes, uart_15xx.o(i.Chip_UART_Init))
<BR><BR>[Stack]<UL><LI>Max Depth = 24<LI>Call Chain = Chip_UART_Init &rArr; Chip_Clock_EnablePeriphClock
</UL>
<BR>[Calls]<UL><LI><a href="#[91]">&gt;&gt;</a>&nbsp;&nbsp;&nbsp;Chip_Clock_EnablePeriphClock
<LI><a href="#[af]">&gt;&gt;</a>&nbsp;&nbsp;&nbsp;getUARTClockID
<LI><a href="#[a9]">&gt;&gt;</a>&nbsp;&nbsp;&nbsp;Chip_SYSCTL_PeriphReset
</UL>
<BR>[Called By]<UL><LI><a href="#[82]">&gt;&gt;</a>&nbsp;&nbsp;&nbsp;Board_Debug_Init
</UL>

<P><STRONG><a name="[b0]"></a>Chip_UART_Send</STRONG> (Thumb, 52 bytes, Stack size 24 bytes, uart_15xx.o(i.Chip_UART_Send))
<BR><BR>[Stack]<UL><LI>Max Depth = 24<LI>Call Chain = Chip_UART_Send
</UL>
<BR>[Calls]<UL><LI><a href="#[b1]">&gt;&gt;</a>&nbsp;&nbsp;&nbsp;Chip_UART_SendByte
<LI><a href="#[b2]">&gt;&gt;</a>&nbsp;&nbsp;&nbsp;Chip_UART_GetStatus
</UL>
<BR>[Called By]<UL><LI><a href="#[98]">&gt;&gt;</a>&nbsp;&nbsp;&nbsp;Chip_UART_SendBlocking
</UL>

<P><STRONG><a name="[98]"></a>Chip_UART_SendBlocking</STRONG> (Thumb, 44 bytes, Stack size 32 bytes, uart_15xx.o(i.Chip_UART_SendBlocking))
<BR><BR>[Stack]<UL><LI>Max Depth = 56<LI>Call Chain = Chip_UART_SendBlocking &rArr; Chip_UART_Send
</UL>
<BR>[Calls]<UL><LI><a href="#[b0]">&gt;&gt;</a>&nbsp;&nbsp;&nbsp;Chip_UART_Send
</UL>
<BR>[Called By]<UL><LI><a href="#[97]">&gt;&gt;</a>&nbsp;&nbsp;&nbsp;Board_UARTPutChar
</UL>

<P><STRONG><a name="[88]"></a>Chip_UART_SetBaud</STRONG> (Thumb, 22 bytes, Stack size 16 bytes, uart_15xx.o(i.Chip_UART_SetBaud))
<BR><BR>[Stack]<UL><LI>Max Depth = 104<LI>Call Chain = Chip_UART_SetBaud &rArr; Chip_Clock_GetUARTBaseClockRate &rArr; __aeabi_uldivmod
</UL>
<BR>[Calls]<UL><LI><a href="#[a0]">&gt;&gt;</a>&nbsp;&nbsp;&nbsp;Chip_Clock_GetUARTBaseClockRate
</UL>
<BR>[Called By]<UL><LI><a href="#[82]">&gt;&gt;</a>&nbsp;&nbsp;&nbsp;Board_Debug_Init
</UL>

<P><STRONG><a name="[27]"></a>I2C0_IRQHandler</STRONG> (Thumb, 38 bytes, Stack size 8 bytes, i2c_slave_interrupt.o(i.I2C0_IRQHandler))
<BR><BR>[Stack]<UL><LI>Max Depth = 32<LI>Call Chain = I2C0_IRQHandler &rArr; Chip_I2CS_XferHandler
</UL>
<BR>[Calls]<UL><LI><a href="#[b3]">&gt;&gt;</a>&nbsp;&nbsp;&nbsp;Chip_I2CS_XferHandler
</UL>
<BR>[Address Reference Count : 1]<UL><LI> keil_freertos_startup_lpc15xx.o(RESET)
</UL>
<P><STRONG><a name="[b4]"></a>InfraRed_init</STRONG> (Thumb, 298 bytes, Stack size 8 bytes, sct_capture.o(i.InfraRed_init))
<BR><BR>[Stack]<UL><LI>Max Depth = 152 + Unknown Stack Size
<LI>Call Chain = InfraRed_init &rArr; __2printf &rArr; _printf_char_file &rArr; _printf_char_common &rArr; __printf
</UL>
<BR>[Calls]<UL><LI><a href="#[b5]">&gt;&gt;</a>&nbsp;&nbsp;&nbsp;xQueueGenericCreate
<LI><a href="#[a8]">&gt;&gt;</a>&nbsp;&nbsp;&nbsp;Chip_SCT_Init
<LI><a href="#[9d]">&gt;&gt;</a>&nbsp;&nbsp;&nbsp;Chip_Clock_GetSystemClockRate
<LI><a href="#[69]">&gt;&gt;</a>&nbsp;&nbsp;&nbsp;__2printf
</UL>
<BR>[Called By]<UL><LI><a href="#[c4]">&gt;&gt;</a>&nbsp;&nbsp;&nbsp;pwm_init
</UL>

<P><STRONG><a name="[1f]"></a>SCT0_IRQHandler</STRONG> (Thumb, 296 bytes, Stack size 8 bytes, sct_capture.o(i.SCT0_IRQHandler))
<BR><BR>[Stack]<UL><LI>Max Depth = 72<LI>Call Chain = SCT0_IRQHandler &rArr; xQueueGenericSendFromISR &rArr; prvCopyDataToQueue &rArr; vTaskPriorityDisinherit
</UL>
<BR>[Calls]<UL><LI><a href="#[ba]">&gt;&gt;</a>&nbsp;&nbsp;&nbsp;xQueueGenericSendFromISR
<LI><a href="#[b9]">&gt;&gt;</a>&nbsp;&nbsp;&nbsp;Chip_SCT_ClearEventFlag
</UL>
<BR>[Address Reference Count : 1]<UL><LI> keil_freertos_startup_lpc15xx.o(RESET)
</UL>
<P><STRONG><a name="[e]"></a>SysTick_Handler</STRONG> (Thumb, 28 bytes, Stack size 8 bytes, port.o(i.SysTick_Handler))
<BR><BR>[Stack]<UL><LI>Max Depth = 32<LI>Call Chain = SysTick_Handler &rArr; xTaskIncrementTick
</UL>
<BR>[Calls]<UL><LI><a href="#[bc]">&gt;&gt;</a>&nbsp;&nbsp;&nbsp;xTaskIncrementTick
<LI><a href="#[bd]">&gt;&gt;</a>&nbsp;&nbsp;&nbsp;vPortClearInterruptMask
<LI><a href="#[bb]">&gt;&gt;</a>&nbsp;&nbsp;&nbsp;ulPortSetInterruptMask
</UL>
<BR>[Address Reference Count : 1]<UL><LI> keil_freertos_startup_lpc15xx.o(RESET)
</UL>
<P><STRONG><a name="[be]"></a>SystemCoreClockUpdate</STRONG> (Thumb, 12 bytes, Stack size 8 bytes, chip_15xx.o(i.SystemCoreClockUpdate))
<BR><BR>[Stack]<UL><LI>Max Depth = 48<LI>Call Chain = SystemCoreClockUpdate &rArr; Chip_Clock_GetSystemClockRate &rArr; Chip_Clock_GetMainClockRate &rArr; Chip_Clock_GetMain_B_ClockRate &rArr; Chip_Clock_GetSystemPLLOutClockRate &rArr; Chip_Clock_GetSystemPLLInClockRate
</UL>
<BR>[Calls]<UL><LI><a href="#[9d]">&gt;&gt;</a>&nbsp;&nbsp;&nbsp;Chip_Clock_GetSystemClockRate
</UL>
<BR>[Called By]<UL><LI><a href="#[c3]">&gt;&gt;</a>&nbsp;&nbsp;&nbsp;prvSetupHardware
</UL>

<P><STRONG><a name="[3e]"></a>SystemInit</STRONG> (Thumb, 8 bytes, Stack size 8 bytes, sysinit_1.o(i.SystemInit))
<BR><BR>[Stack]<UL><LI>Max Depth = 60<LI>Call Chain = SystemInit &rArr; Board_SystemInit &rArr; Board_SetupMuxing &rArr; Chip_SWM_MovablePinAssign
</UL>
<BR>[Calls]<UL><LI><a href="#[96]">&gt;&gt;</a>&nbsp;&nbsp;&nbsp;Board_SystemInit
</UL>
<BR>[Address Reference Count : 1]<UL><LI> keil_freertos_startup_lpc15xx.o(.text)
</UL>
<P><STRONG><a name="[6d]"></a>_is_digit</STRONG> (Thumb, 14 bytes, Stack size 0 bytes, __printf_wp.o(i._is_digit))
<BR><BR>[Called By]<UL><LI><a href="#[6c]">&gt;&gt;</a>&nbsp;&nbsp;&nbsp;__printf
</UL>

<P><STRONG><a name="[62]"></a>_sys_exit</STRONG> (Thumb, 6 bytes, Stack size 0 bytes, board.o(i._sys_exit))
<BR><BR>[Called By]<UL><LI><a href="#[61]">&gt;&gt;</a>&nbsp;&nbsp;&nbsp;__rt_exit_exit
<LI><a href="#[7c]">&gt;&gt;</a>&nbsp;&nbsp;&nbsp;__sig_exit
</UL>

<P><STRONG><a name="[f9]"></a>eTaskConfirmSleepModeStatus</STRONG> (Thumb, 22 bytes, Stack size 0 bytes, tasks.o(i.eTaskConfirmSleepModeStatus))
<BR><BR>[Called By]<UL><LI><a href="#[dd]">&gt;&gt;</a>&nbsp;&nbsp;&nbsp;vPortSuppressTicksAndSleep
</UL>

<P><STRONG><a name="[78]"></a>ferror</STRONG> (Thumb, 8 bytes, Stack size 0 bytes, board.o(i.ferror))
<BR><BR>[Called By]<UL><LI><a href="#[6a]">&gt;&gt;</a>&nbsp;&nbsp;&nbsp;_printf_char_file
</UL>

<P><STRONG><a name="[40]"></a>fputc</STRONG> (Thumb, 20 bytes, Stack size 16 bytes, board.o(i.fputc))
<BR><BR>[Stack]<UL><LI>Max Depth = 80<LI>Call Chain = fputc &rArr; Board_UARTPutChar &rArr; Chip_UART_SendBlocking &rArr; Chip_UART_Send
</UL>
<BR>[Calls]<UL><LI><a href="#[97]">&gt;&gt;</a>&nbsp;&nbsp;&nbsp;Board_UARTPutChar
</UL>
<BR>[Address Reference Count : 1]<UL><LI> _printf_char_file.o(.text)
</UL>
<P><STRONG><a name="[42]"></a>i2C_slave_Task</STRONG> (Thumb, 32 bytes, Stack size 0 bytes, i2c_slave_interrupt.o(i.i2C_slave_Task))
<BR><BR>[Stack]<UL><LI>Max Depth = 144 + Unknown Stack Size
<LI>Call Chain = i2C_slave_Task &rArr; __2printf &rArr; _printf_char_file &rArr; _printf_char_common &rArr; __printf
</UL>
<BR>[Calls]<UL><LI><a href="#[bf]">&gt;&gt;</a>&nbsp;&nbsp;&nbsp;xQueueGenericReceive
<LI><a href="#[69]">&gt;&gt;</a>&nbsp;&nbsp;&nbsp;__2printf
</UL>
<BR>[Address Reference Count : 1]<UL><LI> freertos_project_main.o(i.main)
</UL>
<P><STRONG><a name="[c0]"></a>i2c_setup</STRONG> (Thumb, 56 bytes, Stack size 8 bytes, i2c_slave_interrupt.o(i.i2c_setup))
<BR><BR>[Stack]<UL><LI>Max Depth = 152 + Unknown Stack Size
<LI>Call Chain = i2c_setup &rArr; __2printf &rArr; _printf_char_file &rArr; _printf_char_common &rArr; __printf
</UL>
<BR>[Calls]<UL><LI><a href="#[c2]">&gt;&gt;</a>&nbsp;&nbsp;&nbsp;setupI2CSlave
<LI><a href="#[c1]">&gt;&gt;</a>&nbsp;&nbsp;&nbsp;setupI2CMaster
<LI><a href="#[b6]">&gt;&gt;</a>&nbsp;&nbsp;&nbsp;Init_I2C_PinMux
<LI><a href="#[b5]">&gt;&gt;</a>&nbsp;&nbsp;&nbsp;xQueueGenericCreate
<LI><a href="#[69]">&gt;&gt;</a>&nbsp;&nbsp;&nbsp;__2printf
</UL>
<BR>[Called By]<UL><LI><a href="#[5d]">&gt;&gt;</a>&nbsp;&nbsp;&nbsp;main
</UL>

<P><STRONG><a name="[5d]"></a>main</STRONG> (Thumb, 138 bytes, Stack size 24 bytes, freertos_project_main.o(i.main))
<BR><BR>[Stack]<UL><LI>Max Depth = 208 + Unknown Stack Size
<LI>Call Chain = main &rArr; vTaskStartScheduler &rArr; xTimerCreateTimerTask &rArr; xTaskGenericCreate &rArr; prvAllocateTCBAndStack &rArr; pvPortMalloc &rArr; malloc &rArr; __Heap_Full &rArr; __Heap_ProvideMemory &rArr; free
</UL>
<BR>[Calls]<UL><LI><a href="#[c5]">&gt;&gt;</a>&nbsp;&nbsp;&nbsp;xTaskGenericCreate
<LI><a href="#[c6]">&gt;&gt;</a>&nbsp;&nbsp;&nbsp;vTaskStartScheduler
<LI><a href="#[c4]">&gt;&gt;</a>&nbsp;&nbsp;&nbsp;pwm_init
<LI><a href="#[c0]">&gt;&gt;</a>&nbsp;&nbsp;&nbsp;i2c_setup
<LI><a href="#[c3]">&gt;&gt;</a>&nbsp;&nbsp;&nbsp;prvSetupHardware
<LI><a href="#[69]">&gt;&gt;</a>&nbsp;&nbsp;&nbsp;__2printf
</UL>
<BR>[Called By]<UL><LI><a href="#[5c]">&gt;&gt;</a>&nbsp;&nbsp;&nbsp;__rt_entry_main
</UL>

<P><STRONG><a name="[ca]"></a>pvPortMalloc</STRONG> (Thumb, 24 bytes, Stack size 16 bytes, heap_3.o(i.pvPortMalloc))
<BR><BR>[Stack]<UL><LI>Max Depth = 64<LI>Call Chain = pvPortMalloc &rArr; malloc &rArr; __Heap_Full &rArr; __Heap_ProvideMemory &rArr; free
</UL>
<BR>[Calls]<UL><LI><a href="#[d3]">&gt;&gt;</a>&nbsp;&nbsp;&nbsp;xTaskResumeAll
<LI><a href="#[d2]">&gt;&gt;</a>&nbsp;&nbsp;&nbsp;vTaskSuspendAll
<LI><a href="#[65]">&gt;&gt;</a>&nbsp;&nbsp;&nbsp;malloc
</UL>
<BR>[Called By]<UL><LI><a href="#[b5]">&gt;&gt;</a>&nbsp;&nbsp;&nbsp;xQueueGenericCreate
<LI><a href="#[c9]">&gt;&gt;</a>&nbsp;&nbsp;&nbsp;prvAllocateTCBAndStack
</UL>

<P><STRONG><a name="[c4]"></a>pwm_init</STRONG> (Thumb, 98 bytes, Stack size 8 bytes, motor_control.o(i.pwm_init))
<BR><BR>[Stack]<UL><LI>Max Depth = 160 + Unknown Stack Size
<LI>Call Chain = pwm_init &rArr; InfraRed_init &rArr; __2printf &rArr; _printf_char_file &rArr; _printf_char_common &rArr; __printf
</UL>
<BR>[Calls]<UL><LI><a href="#[a6]">&gt;&gt;</a>&nbsp;&nbsp;&nbsp;Chip_SCTPWM_SetRate
<LI><a href="#[f1]">&gt;&gt;</a>&nbsp;&nbsp;&nbsp;Chip_SCTPWM_SetOutPin
<LI><a href="#[f0]">&gt;&gt;</a>&nbsp;&nbsp;&nbsp;pwm_setup_pin
<LI><a href="#[f2]">&gt;&gt;</a>&nbsp;&nbsp;&nbsp;Chip_SCTPWM_SetDutyCycle
<LI><a href="#[a8]">&gt;&gt;</a>&nbsp;&nbsp;&nbsp;Chip_SCT_Init
<LI><a href="#[b4]">&gt;&gt;</a>&nbsp;&nbsp;&nbsp;InfraRed_init
</UL>
<BR>[Called By]<UL><LI><a href="#[5d]">&gt;&gt;</a>&nbsp;&nbsp;&nbsp;main
</UL>

<P><STRONG><a name="[43]"></a>pwm_task</STRONG> (Thumb, 136 bytes, Stack size 8 bytes, motor_control.o(i.pwm_task))
<BR><BR>[Stack]<UL><LI>Max Depth = 152 + Unknown Stack Size
<LI>Call Chain = pwm_task &rArr; __2printf &rArr; _printf_char_file &rArr; _printf_char_common &rArr; __printf
</UL>
<BR>[Calls]<UL><LI><a href="#[bf]">&gt;&gt;</a>&nbsp;&nbsp;&nbsp;xQueueGenericReceive
<LI><a href="#[f4]">&gt;&gt;</a>&nbsp;&nbsp;&nbsp;speedIncrease
<LI><a href="#[f5]">&gt;&gt;</a>&nbsp;&nbsp;&nbsp;speedDecrease
<LI><a href="#[f2]">&gt;&gt;</a>&nbsp;&nbsp;&nbsp;Chip_SCTPWM_SetDutyCycle
<LI><a href="#[f6]">&gt;&gt;</a>&nbsp;&nbsp;&nbsp;Chip_SCTPWM_PercentageToTicks
<LI><a href="#[69]">&gt;&gt;</a>&nbsp;&nbsp;&nbsp;__2printf
</UL>
<BR>[Address Reference Count : 1]<UL><LI> freertos_project_main.o(i.main)
</UL>
<P><STRONG><a name="[10a]"></a>pxPortInitialiseStack</STRONG> (Thumb, 26 bytes, Stack size 0 bytes, port.o(i.pxPortInitialiseStack))
<BR><BR>[Called By]<UL><LI><a href="#[c5]">&gt;&gt;</a>&nbsp;&nbsp;&nbsp;xTaskGenericCreate
</UL>

<P><STRONG><a name="[d4]"></a>uxListRemove</STRONG> (Thumb, 40 bytes, Stack size 0 bytes, list.o(i.uxListRemove))
<BR><BR>[Called By]<UL><LI><a href="#[fc]">&gt;&gt;</a>&nbsp;&nbsp;&nbsp;vTaskDelay
<LI><a href="#[eb]">&gt;&gt;</a>&nbsp;&nbsp;&nbsp;prvSwitchTimerLists
<LI><a href="#[e6]">&gt;&gt;</a>&nbsp;&nbsp;&nbsp;prvProcessReceivedCommands
<LI><a href="#[e4]">&gt;&gt;</a>&nbsp;&nbsp;&nbsp;prvProcessExpiredTimer
<LI><a href="#[bc]">&gt;&gt;</a>&nbsp;&nbsp;&nbsp;xTaskIncrementTick
<LI><a href="#[d1]">&gt;&gt;</a>&nbsp;&nbsp;&nbsp;prvCheckTasksWaitingTermination
<LI><a href="#[d3]">&gt;&gt;</a>&nbsp;&nbsp;&nbsp;xTaskResumeAll
<LI><a href="#[ee]">&gt;&gt;</a>&nbsp;&nbsp;&nbsp;xTaskRemoveFromEventList
<LI><a href="#[ff]">&gt;&gt;</a>&nbsp;&nbsp;&nbsp;vTaskPriorityInherit
<LI><a href="#[d9]">&gt;&gt;</a>&nbsp;&nbsp;&nbsp;vTaskPriorityDisinherit
<LI><a href="#[fb]">&gt;&gt;</a>&nbsp;&nbsp;&nbsp;vTaskPlaceOnEventListRestricted
<LI><a href="#[fd]">&gt;&gt;</a>&nbsp;&nbsp;&nbsp;vTaskPlaceOnEventList
</UL>

<P><STRONG><a name="[db]"></a>vApplicationIdleHook</STRONG> (Thumb, 4 bytes, Stack size 0 bytes, freertoscommonhooks.o(i.vApplicationIdleHook))
<BR><BR>[Called By]<UL><LI><a href="#[46]">&gt;&gt;</a>&nbsp;&nbsp;&nbsp;prvIdleTask
[...]
<BR>[Address Reference Count : 1]<UL><LI> i2c_slave_interrupt.o(.constdata)
</UL>
<P><STRONG><a name="[c1]"></a>setupI2CMaster</STRONG> (Thumb, 46 bytes, Stack size 8 bytes, i2c_slave_interrupt.o(i.setupI2CMaster))
<BR><BR>[Stack]<UL><LI>Max Depth = 56<LI>Call Chain = setupI2CMaster &rArr; Chip_I2CM_SetBusSpeed &rArr; Chip_Clock_GetMainClockRate &rArr; Chip_Clock_GetMain_B_ClockRate &rArr; Chip_Clock_GetSystemPLLOutClockRate &rArr; Chip_Clock_GetSystemPLLInClockRate
</UL>
<BR>[Calls]<UL><LI><a href="#[a5]">&gt;&gt;</a>&nbsp;&nbsp;&nbsp;Chip_I2C_Init
<LI><a href="#[a4]">&gt;&gt;</a>&nbsp;&nbsp;&nbsp;Chip_I2CM_SetBusSpeed
</UL>
<BR>[Called By]<UL><LI><a href="#[c0]">&gt;&gt;</a>&nbsp;&nbsp;&nbsp;i2c_setup
</UL>

<P><STRONG><a name="[c2]"></a>setupI2CSlave</STRONG> (Thumb, 100 bytes, Stack size 8 bytes, i2c_slave_interrupt.o(i.setupI2CSlave))
<BR><BR>[Stack]<UL><LI>Max Depth = 16<LI>Call Chain = setupI2CSlave &rArr; Chip_I2CS_SetSlaveAddr
</UL>
<BR>[Calls]<UL><LI><a href="#[f7]">&gt;&gt;</a>&nbsp;&nbsp;&nbsp;Chip_I2CS_SetSlaveAddr
<LI><a href="#[f8]">&gt;&gt;</a>&nbsp;&nbsp;&nbsp;Chip_I2CS_EnableSlaveAddr
</UL>
<BR>[Called By]<UL><LI><a href="#[c0]">&gt;&gt;</a>&nbsp;&nbsp;&nbsp;i2c_setup
</UL>

<P><STRONG><a name="[d6]"></a>prvCopyDataFromQueue</STRONG> (Thumb, 42 bytes, Stack size 16 bytes, queue.o(i.prvCopyDataFromQueue))
<BR><BR>[Stack]<UL><LI>Max Depth = 16<LI>Call Chain = prvCopyDataFromQueue
</UL>
<BR>[Calls]<UL><LI><a href="#[d7]">&gt;&gt;</a>&nbsp;&nbsp;&nbsp;__aeabi_memcpy
</UL>
<BR>[Called By]<UL><LI><a href="#[bf]">&gt;&gt;</a>&nbsp;&nbsp;&nbsp;xQueueGenericReceive
</UL>

<P><STRONG><a name="[d8]"></a>prvCopyDataToQueue</STRONG> (Thumb, 118 bytes, Stack size 16 bytes, queue.o(i.prvCopyDataToQueue))
<BR><BR>[Stack]<UL><LI>Max Depth = 32<LI>Call Chain = prvCopyDataToQueue &rArr; vTaskPriorityDisinherit
</UL>
<BR>[Calls]<UL><LI><a href="#[d9]">&gt;&gt;</a>&nbsp;&nbsp;&nbsp;vTaskPriorityDisinherit
<LI><a href="#[d7]">&gt;&gt;</a>&nbsp;&nbsp;&nbsp;__aeabi_memcpy
</UL>
<BR>[Called By]<UL><LI><a href="#[ba]">&gt;&gt;</a>&nbsp;&nbsp;&nbsp;xQueueGenericSendFromISR
<LI><a href="#[109]">&gt;&gt;</a>&nbsp;&nbsp;&nbsp;xQueueGenericSend
</UL>

<P><STRONG><a name="[e2]"></a>prvIsQueueEmpty</STRONG> (Thumb, 26 bytes, Stack size 16 bytes, queue.o(i.prvIsQueueEmpty))
<BR><BR>[Stack]<UL><LI>Max Depth = 24<LI>Call Chain = prvIsQueueEmpty &rArr; vPortExitCritical
</UL>
<BR>[Calls]<UL><LI><a href="#[d0]">&gt;&gt;</a>&nbsp;&nbsp;&nbsp;vPortExitCritical
<LI><a href="#[cd]">&gt;&gt;</a>&nbsp;&nbsp;&nbsp;vPortEnterCritical
</UL>
<BR>[Called By]<UL><LI><a href="#[bf]">&gt;&gt;</a>&nbsp;&nbsp;&nbsp;xQueueGenericReceive
</UL>

<P><STRONG><a name="[e3]"></a>prvIsQueueFull</STRONG> (Thumb, 30 bytes, Stack size 16 bytes, queue.o(i.prvIsQueueFull))
<BR><BR>[Stack]<UL><LI>Max Depth = 24<LI>Call Chain = prvIsQueueFull &rArr; vPortExitCritical
</UL>
<BR>[Calls]<UL><LI><a href="#[d0]">&gt;&gt;</a>&nbsp;&nbsp;&nbsp;vPortExitCritical
<LI><a href="#[cd]">&gt;&gt;</a>&nbsp;&nbsp;&nbsp;vPortEnterCritical
</UL>
<BR>[Called By]<UL><LI><a href="#[109]">&gt;&gt;</a>&nbsp;&nbsp;&nbsp;xQueueGenericSend
</UL>

<P><STRONG><a name="[ed]"></a>prvUnlockQueue</STRONG> (Thumb, 126 bytes, Stack size 8 bytes, queue.o(i.prvUnlockQueue))
<BR><BR>[Stack]<UL><LI>Max Depth = 24<LI>Call Chain = prvUnlockQueue &rArr; xTaskRemoveFromEventList
</UL>
<BR>[Calls]<UL><LI><a href="#[ee]">&gt;&gt;</a>&nbsp;&nbsp;&nbsp;xTaskRemoveFromEventList
<LI><a href="#[ef]">&gt;&gt;</a>&nbsp;&nbsp;&nbsp;vTaskMissedYield
<LI><a href="#[d0]">&gt;&gt;</a>&nbsp;&nbsp;&nbsp;vPortExitCritical
<LI><a href="#[cd]">&gt;&gt;</a>&nbsp;&nbsp;&nbsp;vPortEnterCritical
</UL>
<BR>[Called By]<UL><LI><a href="#[bf]">&gt;&gt;</a>&nbsp;&nbsp;&nbsp;xQueueGenericReceive
<LI><a href="#[109]">&gt;&gt;</a>&nbsp;&nbsp;&nbsp;xQueueGenericSend
<LI><a href="#[e9]">&gt;&gt;</a>&nbsp;&nbsp;&nbsp;vQueueWaitForMessageRestricted
</UL>

<P><STRONG><a name="[c7]"></a>prvAddCurrentTaskToDelayedList</STRONG> (Thumb, 62 bytes, Stack size 8 bytes, tasks.o(i.prvAddCurrentTaskToDelayedList))
<BR><BR>[Stack]<UL><LI>Max Depth = 16<LI>Call Chain = prvAddCurrentTaskToDelayedList &rArr; vListInsert
</UL>
<BR>[Calls]<UL><LI><a href="#[c8]">&gt;&gt;</a>&nbsp;&nbsp;&nbsp;vListInsert
</UL>
<BR>[Called By]<UL><LI><a href="#[fc]">&gt;&gt;</a>&nbsp;&nbsp;&nbsp;vTaskDelay
<LI><a href="#[fb]">&gt;&gt;</a>&nbsp;&nbsp;&nbsp;vTaskPlaceOnEventListRestricted
<LI><a href="#[fd]">&gt;&gt;</a>&nbsp;&nbsp;&nbsp;vTaskPlaceOnEventList
</UL>

<P><STRONG><a name="[c9]"></a>prvAllocateTCBAndStack</STRONG> (Thumb, 58 bytes, Stack size 16 bytes, tasks.o(i.prvAllocateTCBAndStack))
<BR><BR>[Stack]<UL><LI>Max Depth = 80 + Unknown Stack Size
<LI>Call Chain = prvAllocateTCBAndStack &rArr; pvPortMalloc &rArr; malloc &rArr; __Heap_Full &rArr; __Heap_ProvideMemory &rArr; free
</UL>
<BR>[Calls]<UL><LI><a href="#[cb]">&gt;&gt;</a>&nbsp;&nbsp;&nbsp;vPortFree
<LI><a href="#[ca]">&gt;&gt;</a>&nbsp;&nbsp;&nbsp;pvPortMalloc
<LI><a href="#[71]">&gt;&gt;</a>&nbsp;&nbsp;&nbsp;__aeabi_memset
</UL>
<BR>[Called By]<UL><LI><a href="#[c5]">&gt;&gt;</a>&nbsp;&nbsp;&nbsp;xTaskGenericCreate
</UL>

<P><STRONG><a name="[d1]"></a>prvCheckTasksWaitingTermination</STRONG> (Thumb, 86 bytes, Stack size 16 bytes, tasks.o(i.prvCheckTasksWaitingTermination))
<BR><BR>[Stack]<UL><LI>Max Depth = 72<LI>Call Chain = prvCheckTasksWaitingTermination &rArr; prvDeleteTCB &rArr; vPortFree &rArr; xTaskResumeAll &rArr; xTaskIncrementTick
</UL>
<BR>[Calls]<UL><LI><a href="#[d5]">&gt;&gt;</a>&nbsp;&nbsp;&nbsp;prvDeleteTCB
<LI><a href="#[d3]">&gt;&gt;</a>&nbsp;&nbsp;&nbsp;xTaskResumeAll
<LI><a href="#[d2]">&gt;&gt;</a>&nbsp;&nbsp;&nbsp;vTaskSuspendAll
<LI><a href="#[d0]">&gt;&gt;</a>&nbsp;&nbsp;&nbsp;vPortExitCritical
<LI><a href="#[cd]">&gt;&gt;</a>&nbsp;&nbsp;&nbsp;vPortEnterCritical
<LI><a href="#[d4]">&gt;&gt;</a>&nbsp;&nbsp;&nbsp;uxListRemove
</UL>
<BR>[Called By]<UL><LI><a href="#[46]">&gt;&gt;</a>&nbsp;&nbsp;&nbsp;prvIdleTask
</UL>

<P><STRONG><a name="[d5]"></a>prvDeleteTCB</STRONG> (Thumb, 18 bytes, Stack size 8 bytes, tasks.o(i.prvDeleteTCB))
<BR><BR>[Stack]<UL><LI>Max Depth = 56<LI>Call Chain = prvDeleteTCB &rArr; vPortFree &rArr; xTaskResumeAll &rArr; xTaskIncrementTick
</UL>
<BR>[Calls]<UL><LI><a href="#[cb]">&gt;&gt;</a>&nbsp;&nbsp;&nbsp;vPortFree
</UL>
<BR>[Called By]<UL><LI><a href="#[d1]">&gt;&gt;</a>&nbsp;&nbsp;&nbsp;prvCheckTasksWaitingTermination
</UL>

<P><STRONG><a name="[dc]"></a>prvGetExpectedIdleTime</STRONG> (Thumb, 36 bytes, Stack size 0 bytes, tasks.o(i.prvGetExpectedIdleTime))
<BR><BR>[Called By]<UL><LI><a href="#[46]">&gt;&gt;</a>&nbsp;&nbsp;&nbsp;prvIdleTask
</UL>

<P><STRONG><a name="[46]"></a>prvIdleTask</STRONG> (Thumb, 58 bytes, Stack size 0 bytes, tasks.o(i.prvIdleTask))
<BR><BR>[Stack]<UL><LI>Max Depth = 72<LI>Call Chain = prvIdleTask &rArr; prvCheckTasksWaitingTermination &rArr; prvDeleteTCB &rArr; vPortFree &rArr; xTaskResumeAll &rArr; xTaskIncrementTick
</UL>
<BR>[Calls]<UL><LI><a href="#[dd]">&gt;&gt;</a>&nbsp;&nbsp;&nbsp;vPortSuppressTicksAndSleep
<LI><a href="#[db]">&gt;&gt;</a>&nbsp;&nbsp;&nbsp;vApplicationIdleHook
<LI><a href="#[dc]">&gt;&gt;</a>&nbsp;&nbsp;&nbsp;prvGetExpectedIdleTime
<LI><a href="#[d1]">&gt;&gt;</a>&nbsp;&nbsp;&nbsp;prvCheckTasksWaitingTermination
<LI><a href="#[d3]">&gt;&gt;</a>&nbsp;&nbsp;&nbsp;xTaskResumeAll
<LI><a href="#[d2]">&gt;&gt;</a>&nbsp;&nbsp;&nbsp;vTaskSuspendAll
<LI><a href="#[da]">&gt;&gt;</a>&nbsp;&nbsp;&nbsp;vPortYield
</UL>
<BR>[Address Reference Count : 1]<UL><LI> tasks.o(i.vTaskStartScheduler)
</UL>
<P><STRONG><a name="[de]"></a>prvInitialiseTCBVariables</STRONG> (Thumb, 86 bytes, Stack size 32 bytes, tasks.o(i.prvInitialiseTCBVariables))
<BR><BR>[Stack]<UL><LI>Max Depth = 32<LI>Call Chain = prvInitialiseTCBVariables
</UL>
<BR>[Calls]<UL><LI><a href="#[df]">&gt;&gt;</a>&nbsp;&nbsp;&nbsp;vListInitialiseItem
</UL>
<BR>[Called By]<UL><LI><a href="#[c5]">&gt;&gt;</a>&nbsp;&nbsp;&nbsp;xTaskGenericCreate
</UL>

<P><STRONG><a name="[e0]"></a>prvInitialiseTaskLists</STRONG> (Thumb, 70 bytes, Stack size 8 bytes, tasks.o(i.prvInitialiseTaskLists))
<BR><BR>[Stack]<UL><LI>Max Depth = 8<LI>Call Chain = prvInitialiseTaskLists
</UL>
<BR>[Calls]<UL><LI><a href="#[ce]">&gt;&gt;</a>&nbsp;&nbsp;&nbsp;vListInitialise
</UL>
<BR>[Called By]<UL><LI><a href="#[c5]">&gt;&gt;</a>&nbsp;&nbsp;&nbsp;xTaskGenericCreate
</UL>

<P><STRONG><a name="[10b]"></a>prvResetNextTaskUnblockTime</STRONG> (Thumb, 42 bytes, Stack size 0 bytes, tasks.o(i.prvResetNextTaskUnblockTime))
<BR><BR>[Called By]<UL><LI><a href="#[bc]">&gt;&gt;</a>&nbsp;&nbsp;&nbsp;xTaskIncrementTick
</UL>

<P><STRONG><a name="[cc]"></a>prvCheckForValidListAndQueue</STRONG> (Thumb, 72 bytes, Stack size 8 bytes, timers.o(i.prvCheckForValidListAndQueue))
<BR><BR>[Stack]<UL><LI>Max Depth = 104<LI>Call Chain = prvCheckForValidListAndQueue &rArr; xQueueGenericCreate &rArr; pvPortMalloc &rArr; malloc &rArr; __Heap_Full &rArr; __Heap_ProvideMemory &rArr; free
</UL>
<BR>[Calls]<UL><LI><a href="#[b5]">&gt;&gt;</a>&nbsp;&nbsp;&nbsp;xQueueGenericCreate
<LI><a href="#[d0]">&gt;&gt;</a>&nbsp;&nbsp;&nbsp;vPortExitCritical
<LI><a href="#[cd]">&gt;&gt;</a>&nbsp;&nbsp;&nbsp;vPortEnterCritical
<LI><a href="#[cf]">&gt;&gt;</a>&nbsp;&nbsp;&nbsp;vQueueAddToRegistry
<LI><a href="#[ce]">&gt;&gt;</a>&nbsp;&nbsp;&nbsp;vListInitialise
</UL>
<BR>[Called By]<UL><LI><a href="#[100]">&gt;&gt;</a>&nbsp;&nbsp;&nbsp;xTimerCreateTimerTask
</UL>

<P><STRONG><a name="[ec]"></a>prvGetNextExpireTime</STRONG> (Thumb, 36 bytes, Stack size 0 bytes, timers.o(i.prvGetNextExpireTime))
<BR><BR>[Called By]<UL><LI><a href="#[47]">&gt;&gt;</a>&nbsp;&nbsp;&nbsp;prvTimerTask
</UL>

<P><STRONG><a name="[e1]"></a>prvInsertTimerInActiveList</STRONG> (Thumb, 80 bytes, Stack size 24 bytes, timers.o(i.prvInsertTimerInActiveList))
<BR><BR>[Stack]<UL><LI>Max Depth = 32<LI>Call Chain = prvInsertTimerInActiveList &rArr; vListInsert
</UL>
<BR>[Calls]<UL><LI><a href="#[c8]">&gt;&gt;</a>&nbsp;&nbsp;&nbsp;vListInsert
</UL>
<BR>[Called By]<UL><LI><a href="#[e6]">&gt;&gt;</a>&nbsp;&nbsp;&nbsp;prvProcessReceivedCommands
<LI><a href="#[e4]">&gt;&gt;</a>&nbsp;&nbsp;&nbsp;prvProcessExpiredTimer
</UL>

<P><STRONG><a name="[e4]"></a>prvProcessExpiredTimer</STRONG> (Thumb, 72 bytes, Stack size 24 bytes, timers.o(i.prvProcessExpiredTimer))
<BR><BR>[Stack]<UL><LI>Max Depth = 152<LI>Call Chain = prvProcessExpiredTimer &rArr; xTimerGenericCommand &rArr; xQueueGenericSend &rArr; xTaskResumeAll &rArr; xTaskIncrementTick
</UL>
<BR>[Calls]<UL><LI><a href="#[e5]">&gt;&gt;</a>&nbsp;&nbsp;&nbsp;xTimerGenericCommand
<LI><a href="#[e1]">&gt;&gt;</a>&nbsp;&nbsp;&nbsp;prvInsertTimerInActiveList
<LI><a href="#[d4]">&gt;&gt;</a>&nbsp;&nbsp;&nbsp;uxListRemove
</UL>
<BR>[Called By]<UL><LI><a href="#[e8]">&gt;&gt;</a>&nbsp;&nbsp;&nbsp;prvProcessTimerOrBlockTask
</UL>

<P><STRONG><a name="[e6]"></a>prvProcessReceivedCommands</STRONG> (Thumb, 186 bytes, Stack size 40 bytes, timers.o(i.prvProcessReceivedCommands))
<BR><BR>[Stack]<UL><LI>Max Depth = 216<LI>Call Chain = prvProcessReceivedCommands &rArr; prvSampleTimeNow &rArr; prvSwitchTimerLists &rArr; xTimerGenericCommand &rArr; xQueueGenericSend &rArr; xTaskResumeAll &rArr; xTaskIncrementTick
</UL>
<BR>[Calls]<UL><LI><a href="#[e5]">&gt;&gt;</a>&nbsp;&nbsp;&nbsp;xTimerGenericCommand
<LI><a href="#[bf]">&gt;&gt;</a>&nbsp;&nbsp;&nbsp;xQueueGenericReceive
<LI><a href="#[e7]">&gt;&gt;</a>&nbsp;&nbsp;&nbsp;prvSampleTimeNow
<LI><a href="#[e1]">&gt;&gt;</a>&nbsp;&nbsp;&nbsp;prvInsertTimerInActiveList
<LI><a href="#[cb]">&gt;&gt;</a>&nbsp;&nbsp;&nbsp;vPortFree
<LI><a href="#[d4]">&gt;&gt;</a>&nbsp;&nbsp;&nbsp;uxListRemove
</UL>
<BR>[Called By]<UL><LI><a href="#[47]">&gt;&gt;</a>&nbsp;&nbsp;&nbsp;prvTimerTask
</UL>

<P><STRONG><a name="[e8]"></a>prvProcessTimerOrBlockTask</STRONG> (Thumb, 70 bytes, Stack size 24 bytes, timers.o(i.prvProcessTimerOrBlockTask))
<BR><BR>[Stack]<UL><LI>Max Depth = 200<LI>Call Chain = prvProcessTimerOrBlockTask &rArr; prvSampleTimeNow &rArr; prvSwitchTimerLists &rArr; xTimerGenericCommand &rArr; xQueueGenericSend &rArr; xTaskResumeAll &rArr; xTaskIncrementTick
</UL>
<BR>[Calls]<UL><LI><a href="#[e7]">&gt;&gt;</a>&nbsp;&nbsp;&nbsp;prvSampleTimeNow
<LI><a href="#[e4]">&gt;&gt;</a>&nbsp;&nbsp;&nbsp;prvProcessExpiredTimer
<LI><a href="#[d3]">&gt;&gt;</a>&nbsp;&nbsp;&nbsp;xTaskResumeAll
<LI><a href="#[d2]">&gt;&gt;</a>&nbsp;&nbsp;&nbsp;vTaskSuspendAll
<LI><a href="#[da]">&gt;&gt;</a>&nbsp;&nbsp;&nbsp;vPortYield
<LI><a href="#[e9]">&gt;&gt;</a>&nbsp;&nbsp;&nbsp;vQueueWaitForMessageRestricted
</UL>
<BR>[Called By]<UL><LI><a href="#[47]">&gt;&gt;</a>&nbsp;&nbsp;&nbsp;prvTimerTask
</UL>

<P><STRONG><a name="[e7]"></a>prvSampleTimeNow</STRONG> (Thumb, 40 bytes, Stack size 16 bytes, timers.o(i.prvSampleTimeNow))
<BR><BR>[Stack]<UL><LI>Max Depth = 176<LI>Call Chain = prvSampleTimeNow &rArr; prvSwitchTimerLists &rArr; xTimerGenericCommand &rArr; xQueueGenericSend &rArr; xTaskResumeAll &rArr; xTaskIncrementTick
</UL>
<BR>[Calls]<UL><LI><a href="#[ea]">&gt;&gt;</a>&nbsp;&nbsp;&nbsp;xTaskGetTickCount
<LI><a href="#[eb]">&gt;&gt;</a>&nbsp;&nbsp;&nbsp;prvSwitchTimerLists
</UL>
<BR>[Called By]<UL><LI><a href="#[e8]">&gt;&gt;</a>&nbsp;&nbsp;&nbsp;prvProcessTimerOrBlockTask
<LI><a href="#[e6]">&gt;&gt;</a>&nbsp;&nbsp;&nbsp;prvProcessReceivedCommands
</UL>

<P><STRONG><a name="[eb]"></a>prvSwitchTimerLists</STRONG> (Thumb, 122 bytes, Stack size 32 bytes, timers.o(i.prvSwitchTimerLists))
<BR><BR>[Stack]<UL><LI>Max Depth = 160<LI>Call Chain = prvSwitchTimerLists &rArr; xTimerGenericCommand &rArr; xQueueGenericSend &rArr; xTaskResumeAll &rArr; xTaskIncrementTick
</UL>
<BR>[Calls]<UL><LI><a href="#[e5]">&gt;&gt;</a>&nbsp;&nbsp;&nbsp;xTimerGenericCommand
<LI><a href="#[c8]">&gt;&gt;</a>&nbsp;&nbsp;&nbsp;vListInsert
<LI><a href="#[d4]">&gt;&gt;</a>&nbsp;&nbsp;&nbsp;uxListRemove
</UL>
<BR>[Called By]<UL><LI><a href="#[e7]">&gt;&gt;</a>&nbsp;&nbsp;&nbsp;prvSampleTimeNow
</UL>

<P><STRONG><a name="[47]"></a>prvTimerTask</STRONG> (Thumb, 26 bytes, Stack size 8 bytes, timers.o(i.prvTimerTask))
<BR><BR>[Stack]<UL><LI>Max Depth = 224<LI>Call Chain = prvTimerTask &rArr; prvProcessReceivedCommands &rArr; prvSampleTimeNow &rArr; prvSwitchTimerLists &rArr; xTimerGenericCommand &rArr; xQueueGenericSend &rArr; xTaskResumeAll &rArr; xTaskIncrementTick
</UL>
<BR>[Calls]<UL><LI><a href="#[e8]">&gt;&gt;</a>&nbsp;&nbsp;&nbsp;prvProcessTimerOrBlockTask
<LI><a href="#[e6]">&gt;&gt;</a>&nbsp;&nbsp;&nbsp;prvProcessReceivedCommands
<LI><a href="#[ec]">&gt;&gt;</a>&nbsp;&nbsp;&nbsp;prvGetNextExpireTime
</UL>
<BR>[Address Reference Count : 1]<UL><LI> timers.o(i.xTimerCreateTimerTask)
</UL>
<P><STRONG><a name="[45]"></a>prvTaskExitError</STRONG> (Thumb, 8 bytes, Stack size 0 bytes, port.o(i.prvTaskExitError))
<BR><BR>[Calls]<UL><LI><a href="#[bb]">&gt;&gt;</a>&nbsp;&nbsp;&nbsp;ulPortSetInterruptMask
</UL>
<BR>[Address Reference Count : 1]<UL><LI> port.o(i.pxPortInitialiseStack)
</UL>
<P><STRONG><a name="[9f]"></a>Chip_Clock_GetPLLFreq</STRONG> (Thumb, 14 bytes, Stack size 0 bytes, clock_15xx.o(i.Chip_Clock_GetPLLFreq))
<BR><BR>[Called By]<UL><LI><a href="#[9c]">&gt;&gt;</a>&nbsp;&nbsp;&nbsp;Chip_Clock_GetSystemPLLOutClockRate
</UL>

<P><STRONG><a name="[9e]"></a>Chip_Clock_GetPLLInClockRate</STRONG> (Thumb, 40 bytes, Stack size 0 bytes, clock_15xx.o(i.Chip_Clock_GetPLLInClockRate))
<BR><BR>[Called By]<UL><LI><a href="#[9b]">&gt;&gt;</a>&nbsp;&nbsp;&nbsp;Chip_Clock_GetSystemPLLInClockRate
</UL>

<P><STRONG><a name="[a3]"></a>Chip_Clock_SetMain_B_ClockSource</STRONG> (Thumb, 6 bytes, Stack size 0 bytes, clock_15xx.o(i.Chip_Clock_SetMain_B_ClockSource))
<BR><BR>[Called By]<UL><LI><a href="#[a2]">&gt;&gt;</a>&nbsp;&nbsp;&nbsp;Chip_Clock_SetMainClockSource
</UL>

<P><STRONG><a name="[a7]"></a>Chip_SCT_SetControl</STRONG> (Thumb, 8 bytes, Stack size 0 bytes, sct_pwm_15xx.o(i.Chip_SCT_SetControl))
<BR><BR>[Called By]<UL><LI><a href="#[a6]">&gt;&gt;</a>&nbsp;&nbsp;&nbsp;Chip_SCTPWM_SetRate
</UL>

<P><STRONG><a name="[8b]"></a>Board_LED_Init</STRONG> (Thumb, 68 bytes, Stack size 16 bytes, board.o(i.Board_LED_Init))
<BR><BR>[Stack]<UL><LI>Max Depth = 24<LI>Call Chain = Board_LED_Init &rArr; Chip_GPIO_SetPinState
</UL>
<BR>[Calls]<UL><LI><a href="#[8c]">&gt;&gt;</a>&nbsp;&nbsp;&nbsp;Chip_GPIO_SetPinState
</UL>
<BR>[Called By]<UL><LI><a href="#[89]">&gt;&gt;</a>&nbsp;&nbsp;&nbsp;Board_Init
</UL>

<P><STRONG><a name="[8c]"></a>Chip_GPIO_SetPinState</STRONG> (Thumb, 10 bytes, Stack size 8 bytes, board.o(i.Chip_GPIO_SetPinState))
<BR><BR>[Stack]<UL><LI>Max Depth = 8<LI>Call Chain = Chip_GPIO_SetPinState
</UL>
<BR>[Called By]<UL><LI><a href="#[8b]">&gt;&gt;</a>&nbsp;&nbsp;&nbsp;Board_LED_Init
</UL>

<P><STRONG><a name="[83]"></a>Chip_IOCON_PinMuxSet</STRONG> (Thumb, 12 bytes, Stack size 8 bytes, board.o(i.Chip_IOCON_PinMuxSet))
<BR><BR>[Stack]<UL><LI>Max Depth = 8<LI>Call Chain = Chip_IOCON_PinMuxSet
</UL>
<BR>[Called By]<UL><LI><a href="#[82]">&gt;&gt;</a>&nbsp;&nbsp;&nbsp;Board_Debug_Init
</UL>

<P><STRONG><a name="[84]"></a>Chip_SWM_MovablePortPinAssign</STRONG> (Thumb, 22 bytes, Stack size 16 bytes, board.o(i.Chip_SWM_MovablePortPinAssign))
<BR><BR>[Stack]<UL><LI>Max Depth = 36<LI>Call Chain = Chip_SWM_MovablePortPinAssign &rArr; Chip_SWM_MovablePinAssign
</UL>
<BR>[Calls]<UL><LI><a href="#[95]">&gt;&gt;</a>&nbsp;&nbsp;&nbsp;Chip_SWM_MovablePinAssign
</UL>
<BR>[Called By]<UL><LI><a href="#[82]">&gt;&gt;</a>&nbsp;&nbsp;&nbsp;Board_Debug_Init
</UL>

<P><STRONG><a name="[ad]"></a>Chip_Clock_SetSysClockDiv</STRONG> (Thumb, 6 bytes, Stack size 0 bytes, sysinit_15xx.o(i.Chip_Clock_SetSysClockDiv))
<BR><BR>[Called By]<UL><LI><a href="#[8e]">&gt;&gt;</a>&nbsp;&nbsp;&nbsp;Chip_SetupXtalClocking
</UL>

<P><STRONG><a name="[aa]"></a>Chip_Clock_SetSystemPLLSource</STRONG> (Thumb, 6 bytes, Stack size 0 bytes, sysinit_15xx.o(i.Chip_Clock_SetSystemPLLSource))
<BR><BR>[Called By]<UL><LI><a href="#[8e]">&gt;&gt;</a>&nbsp;&nbsp;&nbsp;Chip_SetupXtalClocking
</UL>

<P><STRONG><a name="[ac]"></a>Chip_Clock_SetupSystemPLL</STRONG> (Thumb, 16 bytes, Stack size 0 bytes, sysinit_15xx.o(i.Chip_Clock_SetupSystemPLL))
<BR><BR>[Called By]<UL><LI><a href="#[8e]">&gt;&gt;</a>&nbsp;&nbsp;&nbsp;Chip_SetupXtalClocking
</UL>

<P><STRONG><a name="[ae]"></a>Chip_FMC_SetFLASHAccess</STRONG> (Thumb, 24 bytes, Stack size 0 bytes, sysinit_15xx.o(i.Chip_FMC_SetFLASHAccess))
<BR><BR>[Called By]<UL><LI><a href="#[8e]">&gt;&gt;</a>&nbsp;&nbsp;&nbsp;Chip_SetupXtalClocking
</UL>

<P><STRONG><a name="[a9]"></a>Chip_SYSCTL_PeriphReset</STRONG> (Thumb, 18 bytes, Stack size 8 bytes, uart_15xx.o(i.Chip_SYSCTL_PeriphReset))
<BR><BR>[Stack]<UL><LI>Max Depth = 8<LI>Call Chain = Chip_SYSCTL_PeriphReset
</UL>
<BR>[Calls]<UL><LI><a href="#[93]">&gt;&gt;</a>&nbsp;&nbsp;&nbsp;Chip_SYSCTL_DeassertPeriphReset
<LI><a href="#[92]">&gt;&gt;</a>&nbsp;&nbsp;&nbsp;Chip_SYSCTL_AssertPeriphReset
</UL>
<BR>[Called By]<UL><LI><a href="#[87]">&gt;&gt;</a>&nbsp;&nbsp;&nbsp;Chip_UART_Init
</UL>

<P><STRONG><a name="[b2]"></a>Chip_UART_GetStatus</STRONG> (Thumb, 6 bytes, Stack size 0 bytes, uart_15xx.o(i.Chip_UART_GetStatus))
<BR><BR>[Called By]<UL><LI><a href="#[b0]">&gt;&gt;</a>&nbsp;&nbsp;&nbsp;Chip_UART_Send
</UL>

<P><STRONG><a name="[b1]"></a>Chip_UART_SendByte</STRONG> (Thumb, 4 bytes, Stack size 0 bytes, uart_15xx.o(i.Chip_UART_SendByte))
<BR><BR>[Called By]<UL><LI><a href="#[b0]">&gt;&gt;</a>&nbsp;&nbsp;&nbsp;Chip_UART_Send
</UL>

<P><STRONG><a name="[af]"></a>getUARTClockID</STRONG> (Thumb, 26 bytes, Stack size 0 bytes, uart_15xx.o(i.getUARTClockID))
<BR><BR>[Called By]<UL><LI><a href="#[87]">&gt;&gt;</a>&nbsp;&nbsp;&nbsp;Chip_UART_Init
</UL>

<P><STRONG><a name="[41]"></a>_printf_input_char</STRONG> (Thumb, 10 bytes, Stack size 0 bytes, _printf_char_common.o(.text))
<BR>[Address Reference Count : 1]<UL><LI> _printf_char_common.o(.text)
</UL><P>
<H3>
Undefined Global Symbols
</H3><HR></body></html>
