Component: ARM Compiler 5.06 update 1 (build 61) Tool: armlink [4d35a8]

==============================================================================

Section Cross References

    freertos_project_main.o(i.main) refers to freertos_project_main.o(i.prvSetupHardware) for prvSetupHardware
    freertos_project_main.o(i.main) refers to motor_control.o(i.pwm_init) for pwm_init
    freertos_project_main.o(i.main) refers to i2c_slave_interrupt.o(i.i2c_setup) for i2c_setup
    freertos_project_main.o(i.main) refers to tasks.o(i.xTaskGenericCreate) for xTaskGenericCreate
    freertos_project_main.o(i.main) refers to noretval__2printf.o(.text) for __2printf
    freertos_project_main.o(i.main) refers to tasks.o(i.vTaskStartScheduler) for vTaskStartScheduler
    freertos_project_main.o(i.main) refers to i2c_slave_interrupt.o(i.i2C_slave_Task) for i2C_slave_Task
    freertos_project_main.o(i.main) refers to motor_control.o(i.pwm_task) for pwm_task
    freertos_project_main.o(i.main) refers to freertos_project_main.o(i.vUARTTask) for vUARTTask
    freertos_project_main.o(i.prvSetupHardware) refers to chip_15xx.o(i.SystemCoreClockUpdate) for SystemCoreClockUpdate
    freertos_project_main.o(i.prvSetupHardware) refers to board.o(i.Board_Init) for Board_Init
    freertos_project_main.o(i.vLEDTask1) refers to tasks.o(i.vTaskDelay) for vTaskDelay
    freertos_project_main.o(i.vLEDTask2) refers to tasks.o(i.vTaskDelay) for vTaskDelay
    freertos_project_main.o(i.vUARTTask) refers to _printf_percent.o(.ARM.Collect$$_printf_percent$$00000000) for _printf_percent
    freertos_project_main.o(i.vUARTTask) refers to _printf_d.o(.ARM.Collect$$_printf_percent$$00000009) for _printf_d
    freertos_project_main.o(i.vUARTTask) refers to _printf_dec.o(.text) for _printf_int_dec
    freertos_project_main.o(i.vUARTTask) refers to noretval__2printf.o(.text) for __2printf
    freertos_project_main.o(i.vUARTTask) refers to tasks.o(i.vTaskDelay) for vTaskDelay
    sysinit_1.o(i.SystemInit) refers to board_sysinit.o(i.Board_SystemInit) for Board_SystemInit
    keil_freertos_startup_lpc15xx.o(STACK) refers (Special) to heapauxi.o(.text) for __use_two_region_memory
    keil_freertos_startup_lpc15xx.o(HEAP) refers (Special) to heapauxi.o(.text) for __use_two_region_memory
    keil_freertos_startup_lpc15xx.o(RESET) refers (Special) to heapauxi.o(.text) for __use_two_region_memory
    keil_freertos_startup_lpc15xx.o(RESET) refers to keil_freertos_startup_lpc15xx.o(STACK) for __initial_sp
    keil_freertos_startup_lpc15xx.o(RESET) refers to keil_freertos_startup_lpc15xx.o(.text) for Reset_Handler
    keil_freertos_startup_lpc15xx.o(RESET) refers to port.o(.emb_text) for SVC_Handler
    keil_freertos_startup_lpc15xx.o(RESET) refers to port.o(i.SysTick_Handler) for SysTick_Handler
    keil_freertos_startup_lpc15xx.o(RESET) refers to sct_capture.o(i.SCT0_IRQHandler) for SCT0_IRQHandler
    keil_freertos_startup_lpc15xx.o(RESET) refers to i2c_slave_interrupt.o(i.I2C0_IRQHandler) for I2C0_IRQHandler
    keil_freertos_startup_lpc15xx.o(.text) refers (Special) to heapauxi.o(.text) for __use_two_region_memory
    keil_freertos_startup_lpc15xx.o(.text) refers to sysinit_1.o(i.SystemInit) for SystemInit
    keil_freertos_startup_lpc15xx.o(.text) refers to __main.o(!!!main) for __main
    keil_freertos_startup_lpc15xx.o(.text) refers to keil_freertos_startup_lpc15xx.o(HEAP) for Heap_Mem
    keil_freertos_startup_lpc15xx.o(.text) refers to keil_freertos_startup_lpc15xx.o(STACK) for Stack_Mem
    sct_capture.o(i.InfraRed_init) refers to _printf_percent.o(.ARM.Collect$$_printf_percent$$00000000) for _printf_percent
    sct_capture.o(i.InfraRed_init) refers to _printf_u.o(.ARM.Collect$$_printf_percent$$0000000A) for _printf_u
    sct_capture.o(i.InfraRed_init) refers to _printf_dec.o(.text) for _printf_int_dec
    sct_capture.o(i.InfraRed_init) refers to clock_15xx.o(i.Chip_Clock_GetSystemClockRate) for Chip_Clock_GetSystemClockRate
    sct_capture.o(i.InfraRed_init) refers to noretval__2printf.o(.text) for __2printf
    sct_capture.o(i.InfraRed_init) refers to queue.o(i.xQueueGenericCreate) for xQueueGenericCreate
    sct_capture.o(i.InfraRed_init) refers to sct_15xx.o(i.Chip_SCT_Init) for Chip_SCT_Init
    sct_capture.o(i.InfraRed_init) refers to sct_capture.o(.data) for irCommandQueue
    sct_capture.o(i.SCT0_IRQHandler) refers to sct_capture.o(i.Chip_SCT_ClearEventFlag) for Chip_SCT_ClearEventFlag
    sct_capture.o(i.SCT0_IRQHandler) refers to queue.o(i.xQueueGenericSendFromISR) for xQueueGenericSendFromISR
    sct_capture.o(i.SCT0_IRQHandler) refers to sct_capture.o(.data) for count
    motor_control.o(i.pwm_init) refers to sct_15xx.o(i.Chip_SCT_Init) for Chip_SCT_Init
    motor_control.o(i.pwm_init) refers to sct_pwm_15xx.o(i.Chip_SCTPWM_SetRate) for Chip_SCTPWM_SetRate
    motor_control.o(i.pwm_init) refers to motor_control.o(i.pwm_setup_pin) for pwm_setup_pin
[...]
    Chip_SCTPWM_PercentageToTicks            0x00001147   Thumb Code    18  motor_control.o(i.Chip_SCTPWM_PercentageToTicks)
    i.Chip_SCTPWM_SetDutyCycle               0x00001158   Section        0  motor_control.o(i.Chip_SCTPWM_SetDutyCycle)
    Chip_SCTPWM_SetDutyCycle                 0x00001159   Thumb Code    14  motor_control.o(i.Chip_SCTPWM_SetDutyCycle)
    i.Chip_SCTPWM_SetOutPin                  0x00001166   Section        0  sct_pwm_15xx.o(i.Chip_SCTPWM_SetOutPin)
    i.Chip_SCTPWM_SetRate                    0x000011bc   Section        0  sct_pwm_15xx.o(i.Chip_SCTPWM_SetRate)
    i.Chip_SCT_ClearEventFlag                0x0000121c   Section        0  sct_capture.o(i.Chip_SCT_ClearEventFlag)
    Chip_SCT_ClearEventFlag                  0x0000121d   Thumb Code    12  sct_capture.o(i.Chip_SCT_ClearEventFlag)
    i.Chip_SCT_Init                          0x00001228   Section        0  sct_15xx.o(i.Chip_SCT_Init)
    i.Chip_SCT_SetControl                    0x00001254   Section        0  sct_pwm_15xx.o(i.Chip_SCT_SetControl)
    Chip_SCT_SetControl                      0x00001255   Thumb Code     8  sct_pwm_15xx.o(i.Chip_SCT_SetControl)
    i.Chip_SWM_EnableFixedPin                0x0000125c   Section        0  swm_15xx.o(i.Chip_SWM_EnableFixedPin)
    i.Chip_SWM_MovablePinAssign              0x0000127c   Section        0  swm_15xx.o(i.Chip_SWM_MovablePinAssign)
    i.Chip_SWM_MovablePortPinAssign          0x000012a4   Section        0  board.o(i.Chip_SWM_MovablePortPinAssign)
    Chip_SWM_MovablePortPinAssign            0x000012a5   Thumb Code    22  board.o(i.Chip_SWM_MovablePortPinAssign)
    i.Chip_SYSCTL_AssertPeriphReset          0x000012bc   Section        0  sysctl_15xx.o(i.Chip_SYSCTL_AssertPeriphReset)
    i.Chip_SYSCTL_DeassertPeriphReset        0x000012e8   Section        0  sysctl_15xx.o(i.Chip_SYSCTL_DeassertPeriphReset)
    i.Chip_SYSCTL_PeriphReset                0x00001314   Section        0  uart_15xx.o(i.Chip_SYSCTL_PeriphReset)
    Chip_SYSCTL_PeriphReset                  0x00001315   Thumb Code    18  uart_15xx.o(i.Chip_SYSCTL_PeriphReset)
    i.Chip_SYSCTL_PowerDown                  0x00001328   Section        0  sysctl_15xx.o(i.Chip_SYSCTL_PowerDown)
    i.Chip_SYSCTL_PowerUp                    0x00001350   Section        0  sysctl_15xx.o(i.Chip_SYSCTL_PowerUp)
    i.Chip_SetupXtalClocking                 0x00001378   Section        0  sysinit_15xx.o(i.Chip_SetupXtalClocking)
    i.Chip_UART_GetStatus                    0x000013dc   Section        0  uart_15xx.o(i.Chip_UART_GetStatus)
    Chip_UART_GetStatus                      0x000013dd   Thumb Code     6  uart_15xx.o(i.Chip_UART_GetStatus)
    i.Chip_UART_Init                         0x000013e4   Section        0  uart_15xx.o(i.Chip_UART_Init)
    i.Chip_UART_Send                         0x00001420   Section        0  uart_15xx.o(i.Chip_UART_Send)
    i.Chip_UART_SendBlocking                 0x00001454   Section        0  uart_15xx.o(i.Chip_UART_SendBlocking)
    i.Chip_UART_SendByte                     0x00001480   Section        0  uart_15xx.o(i.Chip_UART_SendByte)
    Chip_UART_SendByte                       0x00001481   Thumb Code     4  uart_15xx.o(i.Chip_UART_SendByte)
    i.Chip_UART_SetBaud                      0x00001484   Section        0  uart_15xx.o(i.Chip_UART_SetBaud)
    i.I2C0_IRQHandler                        0x0000149c   Section        0  i2c_slave_interrupt.o(i.I2C0_IRQHandler)
    i.InfraRed_init                          0x000014cc   Section        0  sct_capture.o(i.InfraRed_init)
    i.Init_I2C_PinMux                        0x00001664   Section        0  i2c_slave_interrupt.o(i.Init_I2C_PinMux)
    Init_I2C_PinMux                          0x00001665   Thumb Code    40  i2c_slave_interrupt.o(i.Init_I2C_PinMux)
    i.SCT0_IRQHandler                        0x00001690   Section        0  sct_capture.o(i.SCT0_IRQHandler)
    i.SysTick_Handler                        0x000017dc   Section        0  port.o(i.SysTick_Handler)
    i.SystemCoreClockUpdate                  0x000017fc   Section        0  chip_15xx.o(i.SystemCoreClockUpdate)
    i.SystemInit                             0x0000180c   Section        0  sysinit_1.o(i.SystemInit)
    i._is_digit                              0x00001814   Section        0  __printf_wp.o(i._is_digit)
    i._sys_exit                              0x00001822   Section        0  board.o(i._sys_exit)
    i.eTaskConfirmSleepModeStatus            0x00001828   Section        0  tasks.o(i.eTaskConfirmSleepModeStatus)
    i.ferror                                 0x00001848   Section        0  board.o(i.ferror)
    i.fputc                                  0x00001850   Section        0  board.o(i.fputc)
    i.getUARTClockID                         0x00001864   Section        0  uart_15xx.o(i.getUARTClockID)
    getUARTClockID                           0x00001865   Thumb Code    26  uart_15xx.o(i.getUARTClockID)
    i.i2C_slave_Task                         0x00001888   Section        0  i2c_slave_interrupt.o(i.i2C_slave_Task)
    i.i2c_setup                              0x000018d0   Section        0  i2c_slave_interrupt.o(i.i2c_setup)
    i.main                                   0x00001924   Section        0  freertos_project_main.o(i.main)
    i.processSlaveTransferDone               0x000019f4   Section        0  i2c_slave_interrupt.o(i.processSlaveTransferDone)
    processSlaveTransferDone                 0x000019f5   Thumb Code    38  i2c_slave_interrupt.o(i.processSlaveTransferDone)
    i.processSlaveTransferRecv               0x00001a28   Section        0  i2c_slave_interrupt.o(i.processSlaveTransferRecv)
    processSlaveTransferRecv                 0x00001a29   Thumb Code    22  i2c_slave_interrupt.o(i.processSlaveTransferRecv)
    i.processSlaveTransferSend               0x00001a48   Section        0  i2c_slave_interrupt.o(i.processSlaveTransferSend)
    processSlaveTransferSend                 0x00001a49   Thumb Code    24  i2c_slave_interrupt.o(i.processSlaveTransferSend)
    i.processSlaveTransferStart              0x00001a68   Section        0  i2c_slave_interrupt.o(i.processSlaveTransferStart)
    processSlaveTransferStart                0x00001a69   Thumb Code    26  i2c_slave_interrupt.o(i.processSlaveTransferStart)
    i.prvAddCurrentTaskToDelayedList         0x00001a8c   Section        0  tasks.o(i.prvAddCurrentTaskToDelayedList)
    prvAddCurrentTaskToDelayedList           0x00001a8d   Thumb Code    62  tasks.o(i.prvAddCurrentTaskToDelayedList)
    i.prvAllocateTCBAndStack                 0x00001ae0   Section        0  tasks.o(i.prvAllocateTCBAndStack)
    prvAllocateTCBAndStack                   0x00001ae1   Thumb Code    58  tasks.o(i.prvAllocateTCBAndStack)
    i.prvCheckForValidListAndQueue           0x00001b1c   Section        0  timers.o(i.prvCheckForValidListAndQueue)
    prvCheckForValidListAndQueue             0x00001b1d   Thumb Code    72  timers.o(i.prvCheckForValidListAndQueue)
    i.prvCheckTasksWaitingTermination        0x00001b80   Section        0  tasks.o(i.prvCheckTasksWaitingTermination)
    prvCheckTasksWaitingTermination          0x00001b81   Thumb Code    86  tasks.o(i.prvCheckTasksWaitingTermination)
    i.prvCopyDataFromQueue                   0x00001be4   Section        0  queue.o(i.prvCopyDataFromQueue)
    prvCopyDataFromQueue                     0x00001be5   Thumb Code    42  queue.o(i.prvCopyDataFromQueue)
    i.prvCopyDataToQueue                     0x00001c0e   Section        0  queue.o(i.prvCopyDataToQueue)
    prvCopyDataToQueue                       0x00001c0f   Thumb Code   118  queue.o(i.prvCopyDataToQueue)
    i.prvDeleteTCB                           0x00001c84   Section        0  tasks.o(i.prvDeleteTCB)
    prvDeleteTCB                             0x00001c85   Thumb Code    18  tasks.o(i.prvDeleteTCB)
    i.prvGetExpectedIdleTime                 0x00001c98   Section        0  tasks.o(i.prvGetExpectedIdleTime)
    prvGetExpectedIdleTime                   0x00001c99   Thumb Code    36  tasks.o(i.prvGetExpectedIdleTime)
    i.prvGetNextExpireTime                   0x00001ccc   Section        0  timers.o(i.prvGetNextExpireTime)
    prvGetNextExpireTime                     0x00001ccd   Thumb Code    36  timers.o(i.prvGetNextExpireTime)
    i.prvIdleTask                            0x00001cf4   Section        0  tasks.o(i.prvIdleTask)
    prvIdleTask                              0x00001cf5   Thumb Code    58  tasks.o(i.prvIdleTask)
    i.prvInitialiseTCBVariables              0x00001d34   Section        0  tasks.o(i.prvInitialiseTCBVariables)
    prvInitialiseTCBVariables                0x00001d35   Thumb Code    86  tasks.o(i.prvInitialiseTCBVariables)
    i.prvInitialiseTaskLists                 0x00001d8c   Section        0  tasks.o(i.prvInitialiseTaskLists)
    prvInitialiseTaskLists                   0x00001d8d   Thumb Code    70  tasks.o(i.prvInitialiseTaskLists)
    i.prvInsertTimerInActiveList             0x00001df4   Section        0  timers.o(i.prvInsertTimerInActiveList)
    prvInsertTimerInActiveList               0x00001df5   Thumb Code    80  timers.o(i.prvInsertTimerInActiveList)
    i.prvIsQueueEmpty                        0x00001e4c   Section        0  queue.o(i.prvIsQueueEmpty)
    prvIsQueueEmpty                          0x00001e4d   Thumb Code    26  queue.o(i.prvIsQueueEmpty)
    i.prvIsQueueFull                         0x00001e66   Section        0  queue.o(i.prvIsQueueFull)
    prvIsQueueFull                           0x00001e67   Thumb Code    30  queue.o(i.prvIsQueueFull)
    i.prvProcessExpiredTimer                 0x00001e84   Section        0  timers.o(i.prvProcessExpiredTimer)
    prvProcessExpiredTimer                   0x00001e85   Thumb Code    72  timers.o(i.prvProcessExpiredTimer)
    i.prvProcessReceivedCommands             0x00001ed0   Section        0  timers.o(i.prvProcessReceivedCommands)
    prvProcessReceivedCommands               0x00001ed1   Thumb Code   186  timers.o(i.prvProcessReceivedCommands)
    i.prvProcessTimerOrBlockTask             0x00001f90   Section        0  timers.o(i.prvProcessTimerOrBlockTask)
    prvProcessTimerOrBlockTask               0x00001f91   Thumb Code    70  timers.o(i.prvProcessTimerOrBlockTask)
    i.prvResetNextTaskUnblockTime            0x00001fdc   Section        0  tasks.o(i.prvResetNextTaskUnblockTime)
    prvResetNextTaskUnblockTime              0x00001fdd   Thumb Code    42  tasks.o(i.prvResetNextTaskUnblockTime)
    i.prvSampleTimeNow                       0x00002010   Section        0  timers.o(i.prvSampleTimeNow)
    prvSampleTimeNow                         0x00002011   Thumb Code    40  timers.o(i.prvSampleTimeNow)
    i.prvSetupHardware                       0x0000203c   Section        0  freertos_project_main.o(i.prvSetupHardware)
    prvSetupHardware                         0x0000203d   Thumb Code    12  freertos_project_main.o(i.prvSetupHardware)
    i.prvSwitchTimerLists                    0x00002048   Section        0  timers.o(i.prvSwitchTimerLists)
    prvSwitchTimerLists                      0x00002049   Thumb Code   122  timers.o(i.prvSwitchTimerLists)
    i.prvTaskExitError                       0x000020cc   Section        0  port.o(i.prvTaskExitError)
    prvTaskExitError                         0x000020cd   Thumb Code     8  port.o(i.prvTaskExitError)
    i.prvTimerTask                           0x000020d4   Section        0  timers.o(i.prvTimerTask)
    prvTimerTask                             0x000020d5   Thumb Code    26  timers.o(i.prvTimerTask)
    i.prvUnlockQueue                         0x000020ee   Section        0  queue.o(i.prvUnlockQueue)
    prvUnlockQueue                           0x000020ef   Thumb Code   126  queue.o(i.prvUnlockQueue)
    i.pvPortMalloc                           0x0000216c   Section        0  heap_3.o(i.pvPortMalloc)
    i.pwm_init                               0x00002184   Section        0  motor_control.o(i.pwm_init)
    i.pwm_setup_pin                          0x000021f0   Section        0  motor_control.o(i.pwm_setup_pin)
    pwm_setup_pin                            0x000021f1   Thumb Code    32  motor_control.o(i.pwm_setup_pin)
    i.pwm_task                               0x00002210   Section        0  motor_control.o(i.pwm_task)
    i.pxPortInitialiseStack                  0x000022bc   Section        0  port.o(i.pxPortInitialiseStack)
    i.setupI2CMaster                         0x000022dc   Section        0  i2c_slave_interrupt.o(i.setupI2CMaster)
    setupI2CMaster                           0x000022dd   Thumb Code    46  i2c_slave_interrupt.o(i.setupI2CMaster)
    i.setupI2CSlave                          0x00002310   Section        0  i2c_slave_interrupt.o(i.setupI2CSlave)
    setupI2CSlave                            0x00002311   Thumb Code   100  i2c_slave_interrupt.o(i.setupI2CSlave)
    i.speedDecrease                          0x00002378   Section        0  motor_control.o(i.speedDecrease)
    speedDecrease                            0x00002379   Thumb Code    14  motor_control.o(i.speedDecrease)
    i.speedIncrease                          0x00002386   Section        0  motor_control.o(i.speedIncrease)
    speedIncrease                            0x00002387   Thumb Code    16  motor_control.o(i.speedIncrease)
    i.uxListRemove                           0x00002396   Section        0  list.o(i.uxListRemove)
    i.vApplicationIdleHook                   0x000023be   Section        0  freertoscommonhooks.o(i.vApplicationIdleHook)
    i.vListInitialise                        0x000023c2   Section        0  list.o(i.vListInitialise)
    i.vListInitialiseItem                    0x000023dc   Section        0  list.o(i.vListInitialiseItem)
    i.vListInsert                            0x000023e2   Section        0  list.o(i.vListInsert)
    i.vListInsertEnd                         0x00002416   Section        0  list.o(i.vListInsertEnd)
    i.vPortEnterCritical                     0x00002430   Section        0  port.o(i.vPortEnterCritical)
    i.vPortExitCritical                      0x00002450   Section        0  port.o(i.vPortExitCritical)
    i.vPortFree                              0x00002470   Section        0  heap_3.o(i.vPortFree)
    i.vPortSetupTimerInterrupt               0x00002488   Section        0  port.o(i.vPortSetupTimerInterrupt)
    i.vPortSuppressTicksAndSleep             0x000024e4   Section        0  port.o(i.vPortSuppressTicksAndSleep)
    i.vPortYield                             0x00002628   Section        0  port.o(i.vPortYield)
    i.vQueueAddToRegistry                    0x00002640   Section        0  queue.o(i.vQueueAddToRegistry)
    i.vQueueWaitForMessageRestricted         0x0000266c   Section        0  queue.o(i.vQueueWaitForMessageRestricted)
    i.vTaskDelay                             0x000026a8   Section        0  tasks.o(i.vTaskDelay)
    i.vTaskMissedYield                       0x000026e0   Section        0  tasks.o(i.vTaskMissedYield)
    i.vTaskPlaceOnEventList                  0x000026ec   Section        0  tasks.o(i.vTaskPlaceOnEventList)
    i.vTaskPlaceOnEventListRestricted        0x00002734   Section        0  tasks.o(i.vTaskPlaceOnEventListRestricted)
    i.vTaskPriorityDisinherit                0x00002768   Section        0  tasks.o(i.vTaskPriorityDisinherit)
    i.vTaskPriorityInherit                   0x000027c0   Section        0  tasks.o(i.vTaskPriorityInherit)
    i.vTaskSetTimeOutState                   0x0000284c   Section        0  tasks.o(i.vTaskSetTimeOutState)
    i.vTaskStartScheduler                    0x00002864   Section        0  tasks.o(i.vTaskStartScheduler)
    i.vTaskStepTick                          0x000028b8   Section        0  tasks.o(i.vTaskStepTick)
    i.vTaskSuspendAll                        0x000028c8   Section        0  tasks.o(i.vTaskSuspendAll)
    i.vTaskSwitchContext                     0x000028d8   Section        0  tasks.o(i.vTaskSwitchContext)
    i.vUARTTask                              0x00002964   Section        0  freertos_project_main.o(i.vUARTTask)
    vUARTTask                                0x00002965   Thumb Code    34  freertos_project_main.o(i.vUARTTask)
    i.xPortStartScheduler                    0x00002998   Section        0  port.o(i.xPortStartScheduler)
    i.xQueueGenericCreate                    0x000029cc   Section        0  queue.o(i.xQueueGenericCreate)
    i.xQueueGenericReceive                   0x00002a1a   Section        0  queue.o(i.xQueueGenericReceive)
    i.xQueueGenericReset                     0x00002b36   Section        0  queue.o(i.xQueueGenericReset)
    i.xQueueGenericSend                      0x00002ba4   Section        0  queue.o(i.xQueueGenericSend)
    i.xQueueGenericSendFromISR               0x00002c84   Section        0  queue.o(i.xQueueGenericSendFromISR)
    i.xTaskCheckForTimeOut                   0x00002cf0   Section        0  tasks.o(i.xTaskCheckForTimeOut)
    i.xTaskGenericCreate                     0x00002d4c   Section        0  tasks.o(i.xTaskGenericCreate)
    i.xTaskGetCurrentTaskHandle              0x00002e4c   Section        0  tasks.o(i.xTaskGetCurrentTaskHandle)
    i.xTaskGetSchedulerState                 0x00002e58   Section        0  tasks.o(i.xTaskGetSchedulerState)
    i.xTaskGetTickCount                      0x00002e78   Section        0  tasks.o(i.xTaskGetTickCount)
    i.xTaskIncrementTick                     0x00002e90   Section        0  tasks.o(i.xTaskIncrementTick)
    i.xTaskRemoveFromEventList               0x00002fac   Section        0  tasks.o(i.xTaskRemoveFromEventList)
    i.xTaskResumeAll                         0x0000302c   Section        0  tasks.o(i.xTaskResumeAll)
    i.xTimerCreateTimerTask                  0x00003104   Section        0  timers.o(i.xTimerCreateTimerTask)
    i.xTimerGenericCommand                   0x00003144   Section        0  timers.o(i.xTimerGenericCommand)
    .constdata                               0x000031b0   Section       16  i2c_slave_interrupt.o(.constdata)
    i2csCallBacks                            0x000031b0   Data          16  i2c_slave_interrupt.o(.constdata)
    .constdata                               0x000031c0   Section       29  board.o(.constdata)
    ledpins                                  0x000031c8   Data           3  board.o(.constdata)
    ledports                                 0x000031cb   Data           3  board.o(.constdata)
    portButton                               0x000031ce   Data           5  board.o(.constdata)
    pinButton                                0x000031d3   Data           5  board.o(.constdata)
    stateButton                              0x000031d8   Data           5  board.o(.constdata)
    .constdata                               0x000031e0   Section      122  board_sysinit.o(.constdata)
    ioconSetup                               0x000031e0   Data         116  board_sysinit.o(.constdata)
    swmSetup                                 0x00003254   Data           6  board_sysinit.o(.constdata)
    .constdata                               0x0000325a   Section       40  _printf_hex_int.o(.constdata)
    uc_hextab                                0x0000325a   Data          20  _printf_hex_int.o(.constdata)
    lc_hextab                                0x0000326e   Data          20  _printf_hex_int.o(.constdata)
    .constdata                               0x00003282   Section       17  __printf_flags_wp.o(.constdata)
    maptable                                 0x00003282   Data          17  __printf_flags_wp.o(.constdata)
    .data                                    0x02000000   Section       28  sct_capture.o(.data)
    count                                    0x02000004   Data           4  sct_capture.o(.data)
    command                                  0x02000008   Data           4  sct_capture.o(.data)
    lastCapValue                             0x0200000c   Data           4  sct_capture.o(.data)
    rCapValue                                0x02000010   Data           4  sct_capture.o(.data)
    period                                   0x02000014   Data           4  sct_capture.o(.data)
    xHigherPriorityTaskWoken                 0x02000018   Data           4  sct_capture.o(.data)
    .data                                    0x0200001c   Section       16  i2c_slave_interrupt.o(.data)
    curSlave                                 0x0200001c   Data           4  i2c_slave_interrupt.o(.data)
    addrbytes                                0x02000020   Data           4  i2c_slave_interrupt.o(.data)
    xI2cSemaphore                            0x02000024   Data           4  i2c_slave_interrupt.o(.data)
    xHigherPriorityTaskWoken                 0x02000028   Data           4  i2c_slave_interrupt.o(.data)
    .data                                    0x0200002c   Section       56  tasks.o(.data)
    pxDelayedTaskList                        0x02000030   Data           4  tasks.o(.data)
    pxOverflowDelayedTaskList                0x02000034   Data           4  tasks.o(.data)
    uxTasksDeleted                           0x02000038   Data           4  tasks.o(.data)
    uxCurrentNumberOfTasks                   0x0200003c   Data           4  tasks.o(.data)
    xTickCount                               0x02000040   Data           4  tasks.o(.data)
    uxTopReadyPriority                       0x02000044   Data           4  tasks.o(.data)
    xSchedulerRunning                        0x02000048   Data           4  tasks.o(.data)
    uxPendedTicks                            0x0200004c   Data           4  tasks.o(.data)
    xYieldPending                            0x02000050   Data           4  tasks.o(.data)
    xNumOfOverflows                          0x02000054   Data           4  tasks.o(.data)
    uxTaskNumber                             0x02000058   Data           4  tasks.o(.data)
    xNextTaskUnblockTime                     0x0200005c   Data           4  tasks.o(.data)
    uxSchedulerSuspended                     0x02000060   Data           4  tasks.o(.data)
    .data                                    0x02000064   Section       16  timers.o(.data)
    pxCurrentTimerList                       0x02000064   Data           4  timers.o(.data)
    pxOverflowTimerList                      0x02000068   Data           4  timers.o(.data)
    xTimerQueue                              0x0200006c   Data           4  timers.o(.data)
    xLastTime                                0x02000070   Data           4  timers.o(.data)
    .data                                    0x02000074   Section       16  port.o(.data)
    uxCriticalNesting                        0x02000074   Data           4  port.o(.data)
    ulTimerCountsForOneTick                  0x02000078   Data           4  port.o(.data)
    xMaximumPossibleSuppressedTicks          0x0200007c   Data           4  port.o(.data)
    ulStoppedTimerCompensation               0x02000080   Data           4  port.o(.data)
    .data                                    0x02000084   Section        4  chip_15xx.o(.data)
    .data                                    0x02000088   Section       12  board.o(.data)
    .bss                                     0x02000094   Section     1040  i2c_slave_interrupt.o(.bss)
    i2cmXferRec                              0x02000094   Data          16  i2c_slave_interrupt.o(.bss)
    .bss                                     0x020004a4   Section       80  queue.o(.bss)
    .bss                                     0x020004f4   Section      260  tasks.o(.bss)
    pxReadyTasksLists                        0x020004f4   Data         160  tasks.o(.bss)
    xDelayedTaskList1                        0x02000594   Data          20  tasks.o(.bss)
    xDelayedTaskList2                        0x020005a8   Data          20  tasks.o(.bss)
    xPendingReadyList                        0x020005bc   Data          20  tasks.o(.bss)
    xTasksWaitingTermination                 0x020005d0   Data          20  tasks.o(.bss)
    xSuspendedTaskList                       0x020005e4   Data          20  tasks.o(.bss)
    .bss                                     0x020005f8   Section       40  timers.o(.bss)
    xActiveTimerList1                        0x020005f8   Data          20  timers.o(.bss)
    xActiveTimerList2                        0x0200060c   Data          20  timers.o(.bss)
    .bss                                     0x02000620   Section       96  libspace.o(.bss)
    HEAP                                     0x02000680   Section     4096  keil_freertos_startup_lpc15xx.o(HEAP)
    Heap_Mem                                 0x02000680   Data        4096  keil_freertos_startup_lpc15xx.o(HEAP)
    STACK                                    0x02001680   Section     2048  keil_freertos_startup_lpc15xx.o(STACK)
    Stack_Mem                                0x02001680   Data        2048  keil_freertos_startup_lpc15xx.o(STACK)
    __initial_sp                             0x02001e80   Data           0  keil_freertos_startup_lpc15xx.o(STACK)

    Global Symbols

    Symbol Name                              Value     Ov Type        Size  Object(Section)

    BuildAttributes$$THM_ISAv4$P$D$K$B$S$PE$A:L22UL41UL21$X:L11$S22US41US21$IEEE1$IW$USESV6$~STKCKD$USESV7$~SHL$OTIME$ROPI$EBA8$UX$STANDARDLIB$REQ8$PRES8$EABIv2 0x00000000   Number         0  anon$$obj.o ABSOLUTE
    __ARM_use_no_argv                        0x00000000   Number         0  freertos_project_main.o ABSOLUTE
    __Vectors                                0x00000000   Data           4  keil_freertos_startup_lpc15xx.o(RESET)
    _printf_flags                            0x00000000   Number         0  printf_stubs.o ABSOLUTE
    _printf_return_value                     0x00000000   Number         0  printf_stubs.o ABSOLUTE
    _printf_sizespec                         0x00000000   Number         0  printf_stubs.o ABSOLUTE
    _printf_widthprec                        0x00000000   Number         0  printf_stubs.o ABSOLUTE
    __ARM_exceptions_init                     - Undefined Weak Reference
    __alloca_initialize                       - Undefined Weak Reference
    __arm_preinit_                            - Undefined Weak Reference
    __cpp_initialize__aeabi_                  - Undefined Weak Reference
    __cxa_finalize                            - Undefined Weak Reference
    __rt_locale                               - Undefined Weak Reference
    __sigvec_lookup                           - Undefined Weak Reference
    __user_heap_extent                        - Undefined Weak Reference
    _atexit_init                              - Undefined Weak Reference
    _call_atexit_fns                          - Undefined Weak Reference
    _clock_init                               - Undefined Weak Reference
    _fp_trap_init                             - Undefined Weak Reference
    _fp_trap_shutdown                         - Undefined Weak Reference
    _get_lc_collate                           - Undefined Weak Reference
    _get_lc_ctype                             - Undefined Weak Reference
    _get_lc_monetary                          - Undefined Weak Reference
    _get_lc_numeric                           - Undefined Weak Reference
    _get_lc_time                              - Undefined Weak Reference
    _getenv_init                              - Undefined Weak Reference
    _handle_redirection                       - Undefined Weak Reference
    _initio                                   - Undefined Weak Reference
    _mutex_acquire                            - Undefined Weak Reference
    _mutex_free                               - Undefined Weak Reference
    _mutex_release                            - Undefined Weak Reference
    _printf_mbtowc                            - Undefined Weak Reference
    _printf_truncate_signed                   - Undefined Weak Reference
    _printf_truncate_unsigned                 - Undefined Weak Reference
    _rand_init                                - Undefined Weak Reference
    _signal_finish                            - Undefined Weak Reference
    _signal_init                              - Undefined Weak Reference
    _terminateio                              - Undefined Weak Reference
    __main                                   0x000000fd   Thumb Code     8  __main.o(!!!main)
    __scatterload                            0x00000105   Thumb Code     0  __scatter.o(!!!scatter)
    __scatterload_rt2                        0x00000105   Thumb Code    44  __scatter.o(!!!scatter)
    __scatterload_rt2_thumb_only             0x00000105   Thumb Code     0  __scatter.o(!!!scatter)
    __scatterload_null                       0x00000113   Thumb Code     0  __scatter.o(!!!scatter)
    __scatterload_copy                       0x00000139   Thumb Code    26  __scatter_copy.o(!!handler_copy)
    __scatterload_zeroinit                   0x00000155   Thumb Code    28  __scatter_zi.o(!!handler_zi)
    _printf_d                                0x00000171   Thumb Code     0  _printf_d.o(.ARM.Collect$$_printf_percent$$00000009)
    _printf_percent                          0x00000171   Thumb Code     0  _printf_percent.o(.ARM.Collect$$_printf_percent$$00000000)
    _printf_u                                0x00000177   Thumb Code     0  _printf_u.o(.ARM.Collect$$_printf_percent$$0000000A)
    _printf_x                                0x0000017d   Thumb Code     0  _printf_x.o(.ARM.Collect$$_printf_percent$$0000000C)
    _printf_percent_end                      0x00000183   Thumb Code     0  _printf_percent_end.o(.ARM.Collect$$_printf_percent$$00000017)
    __rt_lib_init                            0x00000187   Thumb Code     0  libinit.o(.ARM.Collect$$libinit$$00000000)
    __rt_lib_init_fp_1                       0x00000189   Thumb Code     0  libinit2.o(.ARM.Collect$$libinit$$00000002)
    __rt_lib_init_heap_2                     0x00000189   Thumb Code     0  libinit2.o(.ARM.Collect$$libinit$$00000005)
    __rt_lib_init_preinit_1                  0x00000189   Thumb Code     0  libinit2.o(.ARM.Collect$$libinit$$00000004)
    __rt_lib_init_alloca_1                   0x00000191   Thumb Code     0  libinit2.o(.ARM.Collect$$libinit$$0000002E)
    __rt_lib_init_argv_1                     0x00000191   Thumb Code     0  libinit2.o(.ARM.Collect$$libinit$$0000002C)
    __rt_lib_init_atexit_1                   0x00000191   Thumb Code     0  libinit2.o(.ARM.Collect$$libinit$$0000001B)
    __rt_lib_init_clock_1                    0x00000191   Thumb Code     0  libinit2.o(.ARM.Collect$$libinit$$00000021)
    __rt_lib_init_cpp_1                      0x00000191   Thumb Code     0  libinit2.o(.ARM.Collect$$libinit$$00000032)
    __rt_lib_init_exceptions_1               0x00000191   Thumb Code     0  libinit2.o(.ARM.Collect$$libinit$$00000030)
    __rt_lib_init_fp_trap_1                  0x00000191   Thumb Code     0  libinit2.o(.ARM.Collect$$libinit$$0000001F)
    __rt_lib_init_getenv_1                   0x00000191   Thumb Code     0  libinit2.o(.ARM.Collect$$libinit$$00000023)
    __rt_lib_init_heap_1                     0x00000191   Thumb Code     0  libinit2.o(.ARM.Collect$$libinit$$0000000A)
    __rt_lib_init_lc_collate_1               0x00000191   Thumb Code     0  libinit2.o(.ARM.Collect$$libinit$$00000011)
    __rt_lib_init_lc_ctype_1                 0x00000191   Thumb Code     0  libinit2.o(.ARM.Collect$$libinit$$00000013)
    __rt_lib_init_lc_monetary_1              0x00000191   Thumb Code     0  libinit2.o(.ARM.Collect$$libinit$$00000015)
    __rt_lib_init_lc_numeric_1               0x00000191   Thumb Code     0  libinit2.o(.ARM.Collect$$libinit$$00000017)
    __rt_lib_init_lc_time_1                  0x00000191   Thumb Code     0  libinit2.o(.ARM.Collect$$libinit$$00000019)
    __rt_lib_init_rand_1                     0x00000191   Thumb Code     0  libinit2.o(.ARM.Collect$$libinit$$0000000E)
    __rt_lib_init_return                     0x00000191   Thumb Code     0  libinit2.o(.ARM.Collect$$libinit$$00000033)
    __rt_lib_init_signal_1                   0x00000191   Thumb Code     0  libinit2.o(.ARM.Collect$$libinit$$0000001D)
    __rt_lib_init_stdio_1                    0x00000191   Thumb Code     0  libinit2.o(.ARM.Collect$$libinit$$00000025)
    __rt_lib_init_user_alloc_1               0x00000191   Thumb Code     0  libinit2.o(.ARM.Collect$$libinit$$0000000C)
    __rt_lib_shutdown                        0x00000193   Thumb Code     0  libshutdown.o(.ARM.Collect$$libshutdown$$00000000)
    __rt_lib_shutdown_cpp_1                  0x00000195   Thumb Code     0  libshutdown2.o(.ARM.Collect$$libshutdown$$00000002)
    __rt_lib_shutdown_fp_trap_1              0x00000195   Thumb Code     0  libshutdown2.o(.ARM.Collect$$libshutdown$$00000007)
    __rt_lib_shutdown_heap_1                 0x00000195   Thumb Code     0  libshutdown2.o(.ARM.Collect$$libshutdown$$0000000F)
    __rt_lib_shutdown_return                 0x00000195   Thumb Code     0  libshutdown2.o(.ARM.Collect$$libshutdown$$00000010)
    __rt_lib_shutdown_signal_1               0x00000195   Thumb Code     0  libshutdown2.o(.ARM.Collect$$libshutdown$$0000000A)
    __rt_lib_shutdown_stdio_1                0x00000195   Thumb Code     0  libshutdown2.o(.ARM.Collect$$libshutdown$$00000004)
    __rt_lib_shutdown_user_alloc_1           0x00000195   Thumb Code     0  libshutdown2.o(.ARM.Collect$$libshutdown$$0000000C)
    __rt_entry                               0x00000197   Thumb Code     0  __rtentry.o(.ARM.Collect$$rtentry$$00000000)
    __rt_entry_presh_1                       0x00000197   Thumb Code     0  __rtentry2.o(.ARM.Collect$$rtentry$$00000002)
    __rt_entry_sh                            0x00000197   Thumb Code     0  __rtentry4.o(.ARM.Collect$$rtentry$$00000004)
    __rt_entry_li                            0x0000019d   Thumb Code     0  __rtentry2.o(.ARM.Collect$$rtentry$$0000000A)
    __rt_entry_postsh_1                      0x0000019d   Thumb Code     0  __rtentry2.o(.ARM.Collect$$rtentry$$00000009)
    __rt_entry_main                          0x000001a1   Thumb Code     0  __rtentry2.o(.ARM.Collect$$rtentry$$0000000D)
    __rt_entry_postli_1                      0x000001a1   Thumb Code     0  __rtentry2.o(.ARM.Collect$$rtentry$$0000000C)
    __rt_exit                                0x000001a9   Thumb Code     0  rtexit.o(.ARM.Collect$$rtexit$$00000000)
    __rt_exit_ls                             0x000001ab   Thumb Code     0  rtexit2.o(.ARM.Collect$$rtexit$$00000003)
    __rt_exit_prels_1                        0x000001ab   Thumb Code     0  rtexit2.o(.ARM.Collect$$rtexit$$00000002)
    __rt_exit_exit                           0x000001af   Thumb Code     0  rtexit2.o(.ARM.Collect$$rtexit$$00000004)
    SVC_Handler                              0x000001b5   Thumb Code    32  port.o(.emb_text)
    __asm___6_port_c_39a90d8d__prvStartFirstTask 0x000001d9   Thumb Code    24  port.o(.emb_text)
    PendSV_Handler                           0x000001f5   Thumb Code    64  port.o(.emb_text)
    ulPortSetInterruptMask                   0x00000239   Thumb Code    14  port.o(.emb_text)
    vPortClearInterruptMask                  0x00000247   Thumb Code     6  port.o(.emb_text)
    vPortGetIPSR                             0x0000024d   Thumb Code     6  port.o(.emb_text)
    Reset_Handler                            0x00000255   Thumb Code     8  keil_freertos_startup_lpc15xx.o(.text)
    _maybe_terminate_alloc                   0x00000255   Thumb Code     0  maybetermalloc1.o(.emb_text)
    NMI_Handler                              0x0000025d   Thumb Code     2  keil_freertos_startup_lpc15xx.o(.text)
    HardFault_Handler                        0x0000025f   Thumb Code     2  keil_freertos_startup_lpc15xx.o(.text)
    Reserved_IRQHandler                      0x00000267   Thumb Code     2  keil_freertos_startup_lpc15xx.o(.text)
    ACMP0_IRQHandler                         0x00000269   Thumb Code     0  keil_freertos_startup_lpc15xx.o(.text)
    ACMP1_IRQHandler                         0x00000269   Thumb Code     0  keil_freertos_startup_lpc15xx.o(.text)
    ACMP2_IRQHandler                         0x00000269   Thumb Code     0  keil_freertos_startup_lpc15xx.o(.text)
    ACMP3_IRQHandler                         0x00000269   Thumb Code     0  keil_freertos_startup_lpc15xx.o(.text)
    ADC0A_IRQHandler                         0x00000269   Thumb Code     0  keil_freertos_startup_lpc15xx.o(.text)
    ADC0B_IRQHandler                         0x00000269   Thumb Code     0  keil_freertos_startup_lpc15xx.o(.text)
    ADC0_OVR_IRQHandler                      0x00000269   Thumb Code     0  keil_freertos_startup_lpc15xx.o(.text)
    ADC0_THCMP_IRQHandler                    0x00000269   Thumb Code     0  keil_freertos_startup_lpc15xx.o(.text)
    ADC1A_IRQHandler                         0x00000269   Thumb Code     0  keil_freertos_startup_lpc15xx.o(.text)
    ADC1B_IRQHandler                         0x00000269   Thumb Code     0  keil_freertos_startup_lpc15xx.o(.text)
    ADC1_OVR_IRQHandler                      0x00000269   Thumb Code     0  keil_freertos_startup_lpc15xx.o(.text)
    ADC1_THCMP_IRQHandler                    0x00000269   Thumb Code     0  keil_freertos_startup_lpc15xx.o(.text)
    BOD_IRQHandler                           0x00000269   Thumb Code     0  keil_freertos_startup_lpc15xx.o(.text)
    CAN_IRQHandler                           0x00000269   Thumb Code     0  keil_freertos_startup_lpc15xx.o(.text)
    DAC_IRQHandler                           0x00000269   Thumb Code     0  keil_freertos_startup_lpc15xx.o(.text)
    DMA_IRQHandler                           0x00000269   Thumb Code     0  keil_freertos_startup_lpc15xx.o(.text)
    EEPROM_IRQHandler                        0x00000269   Thumb Code     0  keil_freertos_startup_lpc15xx.o(.text)
    FMC_IRQHandler                           0x00000269   Thumb Code     0  keil_freertos_startup_lpc15xx.o(.text)
    GINT0_IRQHandler                         0x00000269   Thumb Code     0  keil_freertos_startup_lpc15xx.o(.text)
    GINT1_IRQHandler                         0x00000269   Thumb Code     0  keil_freertos_startup_lpc15xx.o(.text)
    MRT_IRQHandler                           0x00000269   Thumb Code     0  keil_freertos_startup_lpc15xx.o(.text)
    PIN_INT0_IRQHandler                      0x00000269   Thumb Code     0  keil_freertos_startup_lpc15xx.o(.text)
    PIN_INT1_IRQHandler                      0x00000269   Thumb Code     0  keil_freertos_startup_lpc15xx.o(.text)
    PIN_INT2_IRQHandler                      0x00000269   Thumb Code     0  keil_freertos_startup_lpc15xx.o(.text)
    PIN_INT3_IRQHandler                      0x00000269   Thumb Code     0  keil_freertos_startup_lpc15xx.o(.text)
    PIN_INT4_IRQHandler                      0x00000269   Thumb Code     0  keil_freertos_startup_lpc15xx.o(.text)
    PIN_INT5_IRQHandler                      0x00000269   Thumb Code     0  keil_freertos_startup_lpc15xx.o(.text)
    PIN_INT6_IRQHandler                      0x00000269   Thumb Code     0  keil_freertos_startup_lpc15xx.o(.text)
    PIN_INT7_IRQHandler                      0x00000269   Thumb Code     0  keil_freertos_startup_lpc15xx.o(.text)
    QEI_IRQHandler                           0x00000269   Thumb Code     0  keil_freertos_startup_lpc15xx.o(.text)
    RIT_IRQHandler                           0x00000269   Thumb Code     0  keil_freertos_startup_lpc15xx.o(.text)
    RTC_ALARM_IRQHandler                     0x00000269   Thumb Code     0  keil_freertos_startup_lpc15xx.o(.text)
    RTC_WAKE_IRQHandler                      0x00000269   Thumb Code     0  keil_freertos_startup_lpc15xx.o(.text)
    SCT1_IRQHandler                          0x00000269   Thumb Code     0  keil_freertos_startup_lpc15xx.o(.text)
    SCT2_IRQHandler                          0x00000269   Thumb Code     0  keil_freertos_startup_lpc15xx.o(.text)
    SCT3_IRQHandler                          0x00000269   Thumb Code     0  keil_freertos_startup_lpc15xx.o(.text)
    SPI0_IRQHandler                          0x00000269   Thumb Code     0  keil_freertos_startup_lpc15xx.o(.text)
    SPI1_IRQHandler                          0x00000269   Thumb Code     0  keil_freertos_startup_lpc15xx.o(.text)
    UART0_IRQHandler                         0x00000269   Thumb Code     0  keil_freertos_startup_lpc15xx.o(.text)
    UART1_IRQHandler                         0x00000269   Thumb Code     0  keil_freertos_startup_lpc15xx.o(.text)
    UART2_IRQHandler                         0x00000269   Thumb Code     0  keil_freertos_startup_lpc15xx.o(.text)
    USBWakeup_IRQHandler                     0x00000269   Thumb Code     0  keil_freertos_startup_lpc15xx.o(.text)
    USB_FIQHandler                           0x00000269   Thumb Code     0  keil_freertos_startup_lpc15xx.o(.text)
    USB_IRQHandler                           0x00000269   Thumb Code     0  keil_freertos_startup_lpc15xx.o(.text)
    WDT_IRQHandler                           0x00000269   Thumb Code     0  keil_freertos_startup_lpc15xx.o(.text)
    __user_initial_stackheap                 0x0000026d   Thumb Code     0  keil_freertos_startup_lpc15xx.o(.text)
    malloc                                   0x00000291   Thumb Code    94  h1_alloc.o(.text)
    free                                     0x000002ef   Thumb Code    78  h1_free.o(.text)
    __aeabi_uldivmod                         0x0000033d   Thumb Code     0  lludivv7m.o(.text)
    _ll_udiv                                 0x0000033d   Thumb Code   238  lludivv7m.o(.text)
    __2printf                                0x0000042d   Thumb Code    20  noretval__2printf.o(.text)
    _printf_int_dec                          0x00000445   Thumb Code   104  _printf_dec.o(.text)
    _printf_int_hex                          0x000004bd   Thumb Code    84  _printf_hex_int.o(.text)
    _printf_longlong_hex                     0x000004bd   Thumb Code     0  _printf_hex_int.o(.text)
    __printf                                 0x00000515   Thumb Code   308  __printf_flags_wp.o(.text)
    __aeabi_memcpy                           0x0000064d   Thumb Code     0  rt_memcpy_v6.o(.text)
    __rt_memcpy                              0x0000064d   Thumb Code   138  rt_memcpy_v6.o(.text)
    _memcpy_lastbytes                        0x000006b3   Thumb Code     0  rt_memcpy_v6.o(.text)
    __aeabi_memset                           0x000006d7   Thumb Code    16  aeabi_memset.o(.text)
    __use_two_region_memory                  0x000006e7   Thumb Code     2  heapauxi.o(.text)
    __rt_heap_escrow                         0x000006e9   Thumb Code     2  heapauxi.o(.text)
    __rt_heap_expand                         0x000006eb   Thumb Code     2  heapauxi.o(.text)
    __rt_heap_descriptor                     0x000006ed   Thumb Code     8  rt_heap_descriptor_intlibspace.o(.text)
    __use_no_heap                            0x000006f5   Thumb Code     2  hguard.o(.text)
    __heap$guard                             0x000006f7   Thumb Code     2  hguard.o(.text)
    _terminate_user_alloc                    0x000006f9   Thumb Code     2  init_alloc.o(.text)
    _init_user_alloc                         0x000006fb   Thumb Code     2  init_alloc.o(.text)
    __Heap_Full                              0x000006fd   Thumb Code    34  init_alloc.o(.text)
    __Heap_Broken                            0x0000071f   Thumb Code     6  init_alloc.o(.text)
    _init_alloc                              0x00000725   Thumb Code    94  init_alloc.o(.text)
    __Heap_Initialize                        0x00000783   Thumb Code    10  h1_init.o(.text)
    __Heap_DescSize                          0x0000078d   Thumb Code     4  h1_init.o(.text)
    _printf_int_common                       0x00000791   Thumb Code   178  _printf_intcommon.o(.text)
    _printf_char_file                        0x00000845   Thumb Code    32  _printf_char_file.o(.text)
    __aeabi_memcpy4                          0x00000869   Thumb Code     0  rt_memcpy_w.o(.text)
    __aeabi_memcpy8                          0x00000869   Thumb Code     0  rt_memcpy_w.o(.text)
    __rt_memcpy_w                            0x00000869   Thumb Code   100  rt_memcpy_w.o(.text)
    _memcpy_lastbytes_aligned                0x000008b1   Thumb Code     0  rt_memcpy_w.o(.text)
    __aeabi_memclr                           0x000008cd   Thumb Code     0  rt_memclr.o(.text)
    __rt_memclr                              0x000008cd   Thumb Code    68  rt_memclr.o(.text)
    _memset                                  0x000008d1   Thumb Code     0  rt_memclr.o(.text)
    __user_libspace                          0x00000911   Thumb Code     8  libspace.o(.text)
    __user_perproc_libspace                  0x00000911   Thumb Code     0  libspace.o(.text)
    __user_perthread_libspace                0x00000911   Thumb Code     0  libspace.o(.text)
    __Heap_ProvideMemory                     0x00000919   Thumb Code    52  h1_extend.o(.text)
    _printf_char_common                      0x00000957   Thumb Code    32  _printf_char_common.o(.text)
    __rt_SIGRTMEM                            0x0000097d   Thumb Code    14  defsig_rtmem_outer.o(.text)
    __aeabi_memclr4                          0x0000098b   Thumb Code     0  rt_memclr_w.o(.text)
    __aeabi_memclr8                          0x0000098b   Thumb Code     0  rt_memclr_w.o(.text)
    __rt_memclr_w                            0x0000098b   Thumb Code    78  rt_memclr_w.o(.text)
    _memset_w                                0x0000098f   Thumb Code     0  rt_memclr_w.o(.text)
    __I$use$semihosting                      0x000009d9   Thumb Code     0  use_no_semi.o(.text)
    __use_no_semihosting_swi                 0x000009d9   Thumb Code     2  use_no_semi.o(.text)
    __semihosting_library_function           0x000009db   Thumb Code     0  indicate_semi.o(.text)
    __user_setup_stackheap                   0x000009db   Thumb Code    74  sys_stackheap_outer.o(.text)
    exit                                     0x00000a25   Thumb Code    18  exit.o(.text)
    __sig_exit                               0x00000a37   Thumb Code    10  defsig_exit.o(.text)
    __rt_SIGRTMEM_inner                      0x00000a41   Thumb Code    22  defsig_rtmem_inner.o(.text)
    __default_signal_display                 0x00000a91   Thumb Code    50  defsig_general.o(.text)
    _ttywrch                                 0x00000ac3   Thumb Code    14  sys_wrch.o(.text)
    Board_Debug_Init                         0x00000ad1   Thumb Code   126  board.o(i.Board_Debug_Init)
    Board_Init                               0x00000b59   Thumb Code    20  board.o(i.Board_Init)
    Board_LED_Toggle                         0x00000bb9   Thumb Code    30  board.o(i.Board_LED_Toggle)
    Board_SetupClocking                      0x00000be1   Thumb Code    66  board_sysinit.o(i.Board_SetupClocking)
    Board_SetupMuxing                        0x00000c2d   Thumb Code    90  board_sysinit.o(i.Board_SetupMuxing)
    Board_SystemInit                         0x00000c95   Thumb Code    18  board_sysinit.o(i.Board_SystemInit)
    Board_UARTPutChar                        0x00000cad   Thumb Code    14  board.o(i.Board_UARTPutChar)
    Chip_Clock_DisablePeriphClock            0x00000cc1   Thumb Code    50  clock_15xx.o(i.Chip_Clock_DisablePeriphClock)
    Chip_Clock_EnablePeriphClock             0x00000cf9   Thumb Code    50  clock_15xx.o(i.Chip_Clock_EnablePeriphClock)
    Chip_Clock_GetMainClockRate              0x00000d31   Thumb Code    24  clock_15xx.o(i.Chip_Clock_GetMainClockRate)
    Chip_Clock_GetMain_A_ClockRate           0x00000d4d   Thumb Code    56  clock_15xx.o(i.Chip_Clock_GetMain_A_ClockRate)
    Chip_Clock_GetMain_B_ClockRate           0x00000d95   Thumb Code    68  clock_15xx.o(i.Chip_Clock_GetMain_B_ClockRate)
    Chip_Clock_GetSystemClockRate            0x00000e21   Thumb Code    16  clock_15xx.o(i.Chip_Clock_GetSystemClockRate)
    Chip_Clock_GetSystemPLLInClockRate       0x00000e35   Thumb Code    12  clock_15xx.o(i.Chip_Clock_GetSystemPLLInClockRate)
    Chip_Clock_GetSystemPLLOutClockRate      0x00000e45   Thumb Code    20  clock_15xx.o(i.Chip_Clock_GetSystemPLLOutClockRate)
    Chip_Clock_GetUARTBaseClockRate          0x00000e5d   Thumb Code    94  clock_15xx.o(i.Chip_Clock_GetUARTBaseClockRate)
    Chip_Clock_SetMainClockSource            0x00000ec1   Thumb Code    36  clock_15xx.o(i.Chip_Clock_SetMainClockSource)
    Chip_Clock_SetUARTBaseClockRate          0x00000f0d   Thumb Code   108  clock_15xx.o(i.Chip_Clock_SetUARTBaseClockRate)
    Chip_GPIO_Init                           0x00000fb1   Thumb Code    46  gpio_15xx.o(i.Chip_GPIO_Init)
    Chip_I2CM_SetBusSpeed                    0x00000fe9   Thumb Code    56  i2cm_15xx.o(i.Chip_I2CM_SetBusSpeed)
    Chip_I2CS_XferHandler                    0x00001045   Thumb Code   158  i2cs_15xx.o(i.Chip_I2CS_XferHandler)
    Chip_I2C_Init                            0x000010e3   Thumb Code    28  i2c_common_15xx.o(i.Chip_I2C_Init)
    Chip_IOCON_SetPinMuxing                  0x00001117   Thumb Code    48  iocon_15xx.o(i.Chip_IOCON_SetPinMuxing)
    Chip_SCTPWM_SetOutPin                    0x00001167   Thumb Code    84  sct_pwm_15xx.o(i.Chip_SCTPWM_SetOutPin)
    Chip_SCTPWM_SetRate                      0x000011bd   Thumb Code    90  sct_pwm_15xx.o(i.Chip_SCTPWM_SetRate)
    Chip_SCT_Init                            0x00001229   Thumb Code    44  sct_15xx.o(i.Chip_SCT_Init)
    Chip_SWM_EnableFixedPin                  0x0000125d   Thumb Code    28  swm_15xx.o(i.Chip_SWM_EnableFixedPin)
    Chip_SWM_MovablePinAssign                0x0000127d   Thumb Code    36  swm_15xx.o(i.Chip_SWM_MovablePinAssign)
    Chip_SYSCTL_AssertPeriphReset            0x000012bd   Thumb Code    40  sysctl_15xx.o(i.Chip_SYSCTL_AssertPeriphReset)
    Chip_SYSCTL_DeassertPeriphReset          0x000012e9   Thumb Code    40  sysctl_15xx.o(i.Chip_SYSCTL_DeassertPeriphReset)
    Chip_SYSCTL_PowerDown                    0x00001329   Thumb Code    26  sysctl_15xx.o(i.Chip_SYSCTL_PowerDown)
    Chip_SYSCTL_PowerUp                      0x00001351   Thumb Code    26  sysctl_15xx.o(i.Chip_SYSCTL_PowerUp)
    Chip_SetupXtalClocking                   0x00001379   Thumb Code    96  sysinit_15xx.o(i.Chip_SetupXtalClocking)
    Chip_UART_Init                           0x000013e5   Thumb Code    52  uart_15xx.o(i.Chip_UART_Init)
    Chip_UART_Send                           0x00001421   Thumb Code    52  uart_15xx.o(i.Chip_UART_Send)
    Chip_UART_SendBlocking                   0x00001455   Thumb Code    44  uart_15xx.o(i.Chip_UART_SendBlocking)
    Chip_UART_SetBaud                        0x00001485   Thumb Code    22  uart_15xx.o(i.Chip_UART_SetBaud)
    I2C0_IRQHandler                          0x0000149d   Thumb Code    38  i2c_slave_interrupt.o(i.I2C0_IRQHandler)
    InfraRed_init                            0x000014cd   Thumb Code   298  sct_capture.o(i.InfraRed_init)
    SCT0_IRQHandler                          0x00001691   Thumb Code   296  sct_capture.o(i.SCT0_IRQHandler)
    SysTick_Handler                          0x000017dd   Thumb Code    28  port.o(i.SysTick_Handler)
    SystemCoreClockUpdate                    0x000017fd   Thumb Code    12  chip_15xx.o(i.SystemCoreClockUpdate)
    SystemInit                               0x0000180d   Thumb Code     8  sysinit_1.o(i.SystemInit)
    _is_digit                                0x00001815   Thumb Code    14  __printf_wp.o(i._is_digit)
    _sys_exit                                0x00001823   Thumb Code     6  board.o(i._sys_exit)
    eTaskConfirmSleepModeStatus              0x00001829   Thumb Code    22  tasks.o(i.eTaskConfirmSleepModeStatus)
    ferror                                   0x00001849   Thumb Code     8  board.o(i.ferror)
    fputc                                    0x00001851   Thumb Code    20  board.o(i.fputc)
    i2C_slave_Task                           0x00001889   Thumb Code    32  i2c_slave_interrupt.o(i.i2C_slave_Task)
    i2c_setup                                0x000018d1   Thumb Code    56  i2c_slave_interrupt.o(i.i2c_setup)
    main                                     0x00001925   Thumb Code   138  freertos_project_main.o(i.main)
    pvPortMalloc                             0x0000216d   Thumb Code    24  heap_3.o(i.pvPortMalloc)
    pwm_init                                 0x00002185   Thumb Code    98  motor_control.o(i.pwm_init)
    pwm_task                                 0x00002211   Thumb Code   136  motor_control.o(i.pwm_task)
    pxPortInitialiseStack                    0x000022bd   Thumb Code    26  port.o(i.pxPortInitialiseStack)
    uxListRemove                             0x00002397   Thumb Code    40  list.o(i.uxListRemove)
    vApplicationIdleHook                     0x000023bf   Thumb Code     4  freertoscommonhooks.o(i.vApplicationIdleHook)
    vListInitialise                          0x000023c3   Thumb Code    26  list.o(i.vListInitialise)
    vListInitialiseItem                      0x000023dd   Thumb Code     6  list.o(i.vListInitialiseItem)
    vListInsert                              0x000023e3   Thumb Code    52  list.o(i.vListInsert)
    vListInsertEnd                           0x00002417   Thumb Code    24  list.o(i.vListInsertEnd)
    vPortEnterCritical                       0x00002431   Thumb Code    26  port.o(i.vPortEnterCritical)
    vPortExitCritical                        0x00002451   Thumb Code    26  port.o(i.vPortExitCritical)
    vPortFree                                0x00002471   Thumb Code    22  heap_3.o(i.vPortFree)
    vPortSetupTimerInterrupt                 0x00002489   Thumb Code    76  port.o(i.vPortSetupTimerInterrupt)
    vPortSuppressTicksAndSleep               0x000024e5   Thumb Code   312  port.o(i.vPortSuppressTicksAndSleep)
    vPortYield                               0x00002629   Thumb Code    18  port.o(i.vPortYield)
    vQueueAddToRegistry                      0x00002641   Thumb Code    38  queue.o(i.vQueueAddToRegistry)
    vQueueWaitForMessageRestricted           0x0000266d   Thumb Code    58  queue.o(i.vQueueWaitForMessageRestricted)
    vTaskDelay                               0x000026a9   Thumb Code    48  tasks.o(i.vTaskDelay)
    vTaskMissedYield                         0x000026e1   Thumb Code     8  tasks.o(i.vTaskMissedYield)
    vTaskPlaceOnEventList                    0x000026ed   Thumb Code    60  tasks.o(i.vTaskPlaceOnEventList)
    vTaskPlaceOnEventListRestricted          0x00002735   Thumb Code    42  tasks.o(i.vTaskPlaceOnEventListRestricted)
    vTaskPriorityDisinherit                  0x00002769   Thumb Code    78  tasks.o(i.vTaskPriorityDisinherit)
    vTaskPriorityInherit                     0x000027c1   Thumb Code   128  tasks.o(i.vTaskPriorityInherit)
    vTaskSetTimeOutState                     0x0000284d   Thumb Code    14  tasks.o(i.vTaskSetTimeOutState)
    vTaskStartScheduler                      0x00002865   Thumb Code    64  tasks.o(i.vTaskStartScheduler)
    vTaskStepTick                            0x000028b9   Thumb Code    12  tasks.o(i.vTaskStepTick)
    vTaskSuspendAll                          0x000028c9   Thumb Code    12  tasks.o(i.vTaskSuspendAll)
    vTaskSwitchContext                       0x000028d9   Thumb Code   118  tasks.o(i.vTaskSwitchContext)
    xPortStartScheduler                      0x00002999   Thumb Code    42  port.o(i.xPortStartScheduler)
    xQueueGenericCreate                      0x000029cd   Thumb Code    78  queue.o(i.xQueueGenericCreate)
    xQueueGenericReceive                     0x00002a1b   Thumb Code   284  queue.o(i.xQueueGenericReceive)
    xQueueGenericReset                       0x00002b37   Thumb Code   110  queue.o(i.xQueueGenericReset)
    xQueueGenericSend                        0x00002ba5   Thumb Code   224  queue.o(i.xQueueGenericSend)
    xQueueGenericSendFromISR                 0x00002c85   Thumb Code   106  queue.o(i.xQueueGenericSendFromISR)
    xTaskCheckForTimeOut                     0x00002cf1   Thumb Code    84  tasks.o(i.xTaskCheckForTimeOut)
    xTaskGenericCreate                       0x00002d4d   Thumb Code   230  tasks.o(i.xTaskGenericCreate)
    xTaskGetCurrentTaskHandle                0x00002e4d   Thumb Code     6  tasks.o(i.xTaskGetCurrentTaskHandle)
    xTaskGetSchedulerState                   0x00002e59   Thumb Code    24  tasks.o(i.xTaskGetSchedulerState)
    xTaskGetTickCount                        0x00002e79   Thumb Code    18  tasks.o(i.xTaskGetTickCount)
    xTaskIncrementTick                       0x00002e91   Thumb Code   240  tasks.o(i.xTaskIncrementTick)
    xTaskRemoveFromEventList                 0x00002fad   Thumb Code   102  tasks.o(i.xTaskRemoveFromEventList)
    xTaskResumeAll                           0x0000302d   Thumb Code   184  tasks.o(i.xTaskResumeAll)
    xTimerCreateTimerTask                    0x00003105   Thumb Code    46  timers.o(i.xTimerCreateTimerTask)
    xTimerGenericCommand                     0x00003145   Thumb Code   102  timers.o(i.xTimerGenericCommand)
    OscRateIn                                0x000031c0   Data           4  board.o(.constdata)
    RTCOscRateIn                             0x000031c4   Data           4  board.o(.constdata)
    Region$$Table$$Base                      0x00003294   Number         0  anon$$obj.o(Region$$Table)
    Region$$Table$$Limit                     0x000032b4   Number         0  anon$$obj.o(Region$$Table)
    irCommandQueue                           0x02000000   Data           4  sct_capture.o(.data)
    pxCurrentTCB                             0x0200002c   Data           4  tasks.o(.data)
    SystemCoreClock                          0x02000084   Data           4  chip_15xx.o(.data)
    __stdout                                 0x02000088   Data           4  board.o(.data)
    __stdin                                  0x0200008c   Data           4  board.o(.data)
    __stderr                                 0x02000090   Data           4  board.o(.data)
    txWorkBuff                               0x020000a4   Data         512  i2c_slave_interrupt.o(.bss)
    rxWorkBuff                               0x020002a4   Data         512  i2c_slave_interrupt.o(.bss)
    xQueueRegistry                           0x020004a4   Data          80  queue.o(.bss)
    __libspace_start                         0x02000620   Data          96  libspace.o(.bss)
    __temporary_stack_top$libspace           0x02000680   Data           0  libspace.o(.bss)



==============================================================================

Memory Map of the image

  Image Entry point : 0x000000fd

  Load Region LR_IROM1 (Base: 0x00000000, Size: 0x00003348, Max: 0x00040000, ABSOLUTE)

    Execution Region ER_IROM1 (Base: 0x00000000, Size: 0x000032b4, Max: 0x00040000, ABSOLUTE)

    Base Addr    Size         Type   Attr      Idx    E Section Name        Object

    0x00000000   0x000000fc   Data   RO          270    RESET               keil_freertos_startup_lpc15xx.o
    0x000000fc   0x00000008   Code   RO         3195  * !!!main             c_w.l(__main.o)
    0x00000104   0x00000034   Code   RO         3421    !!!scatter          c_w.l(__scatter.o)
    0x00000138   0x0000001a   Code   RO         3423    !!handler_copy      c_w.l(__scatter_copy.o)
    0x00000152   0x00000002   PAD
    0x00000154   0x0000001c   Code   RO         3425    !!handler_zi        c_w.l(__scatter_zi.o)
    0x00000170   0x00000000   Code   RO         3188    .ARM.Collect$$_printf_percent$$00000000  c_w.l(_printf_percent.o)
    0x00000170   0x00000006   Code   RO         3186    .ARM.Collect$$_printf_percent$$00000009  c_w.l(_printf_d.o)
    0x00000176   0x00000006   Code   RO         3187    .ARM.Collect$$_printf_percent$$0000000A  c_w.l(_printf_u.o)
    0x0000017c   0x00000006   Code   RO         3185    .ARM.Collect$$_printf_percent$$0000000C  c_w.l(_printf_x.o)
    0x00000182   0x00000004   Code   RO         3235    .ARM.Collect$$_printf_percent$$00000017  c_w.l(_printf_percent_end.o)
    0x00000186   0x00000002   Code   RO         3362    .ARM.Collect$$libinit$$00000000  c_w.l(libinit.o)
    0x00000188   0x00000000   Code   RO         3243    .ARM.Collect$$libinit$$00000002  c_w.l(libinit2.o)
    0x00000188   0x00000000   Code   RO         3245    .ARM.Collect$$libinit$$00000004  c_w.l(libinit2.o)
    0x00000188   0x00000008   Code   RO         3246    .ARM.Collect$$libinit$$00000005  c_w.l(libinit2.o)
    0x00000190   0x00000000   Code   RO         3248    .ARM.Collect$$libinit$$0000000A  c_w.l(libinit2.o)
    0x00000190   0x00000000   Code   RO         3250    .ARM.Collect$$libinit$$0000000C  c_w.l(libinit2.o)
    0x00000190   0x00000000   Code   RO         3252    .ARM.Collect$$libinit$$0000000E  c_w.l(libinit2.o)
    0x00000190   0x00000000   Code   RO         3255    .ARM.Collect$$libinit$$00000011  c_w.l(libinit2.o)
    0x00000190   0x00000000   Code   RO         3257    .ARM.Collect$$libinit$$00000013  c_w.l(libinit2.o)
    0x00000190   0x00000000   Code   RO         3259    .ARM.Collect$$libinit$$00000015  c_w.l(libinit2.o)
    0x00000190   0x00000000   Code   RO         3261    .ARM.Collect$$libinit$$00000017  c_w.l(libinit2.o)
    0x00000190   0x00000000   Code   RO         3263    .ARM.Collect$$libinit$$00000019  c_w.l(libinit2.o)
    0x00000190   0x00000000   Code   RO         3265    .ARM.Collect$$libinit$$0000001B  c_w.l(libinit2.o)
    0x00000190   0x00000000   Code   RO         3267    .ARM.Collect$$libinit$$0000001D  c_w.l(libinit2.o)
    0x00000190   0x00000000   Code   RO         3269    .ARM.Collect$$libinit$$0000001F  c_w.l(libinit2.o)
    0x00000190   0x00000000   Code   RO         3271    .ARM.Collect$$libinit$$00000021  c_w.l(libinit2.o)
    0x00000190   0x00000000   Code   RO         3273    .ARM.Collect$$libinit$$00000023  c_w.l(libinit2.o)
    0x00000190   0x00000000   Code   RO         3275    .ARM.Collect$$libinit$$00000025  c_w.l(libinit2.o)
    0x00000190   0x00000000   Code   RO         3279    .ARM.Collect$$libinit$$0000002C  c_w.l(libinit2.o)
    0x00000190   0x00000000   Code   RO         3281    .ARM.Collect$$libinit$$0000002E  c_w.l(libinit2.o)
    0x00000190   0x00000000   Code   RO         3283    .ARM.Collect$$libinit$$00000030  c_w.l(libinit2.o)
    0x00000190   0x00000000   Code   RO         3285    .ARM.Collect$$libinit$$00000032  c_w.l(libinit2.o)
    0x00000190   0x00000002   Code   RO         3286    .ARM.Collect$$libinit$$00000033  c_w.l(libinit2.o)
    0x00000192   0x00000002   Code   RO         3418    .ARM.Collect$$libshutdown$$00000000  c_w.l(libshutdown.o)
    0x00000194   0x00000000   Code   RO         3376    .ARM.Collect$$libshutdown$$00000002  c_w.l(libshutdown2.o)
    0x00000194   0x00000000   Code   RO         3378    .ARM.Collect$$libshutdown$$00000004  c_w.l(libshutdown2.o)
    0x00000194   0x00000000   Code   RO         3381    .ARM.Collect$$libshutdown$$00000007  c_w.l(libshutdown2.o)
    0x00000194   0x00000000   Code   RO         3384    .ARM.Collect$$libshutdown$$0000000A  c_w.l(libshutdown2.o)
    0x00000194   0x00000000   Code   RO         3386    .ARM.Collect$$libshutdown$$0000000C  c_w.l(libshutdown2.o)
    0x00000194   0x00000000   Code   RO         3389    .ARM.Collect$$libshutdown$$0000000F  c_w.l(libshutdown2.o)
    0x00000194   0x00000002   Code   RO         3390    .ARM.Collect$$libshutdown$$00000010  c_w.l(libshutdown2.o)
    0x00000196   0x00000000   Code   RO         3199    .ARM.Collect$$rtentry$$00000000  c_w.l(__rtentry.o)
    0x00000196   0x00000000   Code   RO         3293    .ARM.Collect$$rtentry$$00000002  c_w.l(__rtentry2.o)
    0x00000196   0x00000006   Code   RO         3305    .ARM.Collect$$rtentry$$00000004  c_w.l(__rtentry4.o)
    0x0000019c   0x00000000   Code   RO         3295    .ARM.Collect$$rtentry$$00000009  c_w.l(__rtentry2.o)
    0x0000019c   0x00000004   Code   RO         3296    .ARM.Collect$$rtentry$$0000000A  c_w.l(__rtentry2.o)
    0x000001a0   0x00000000   Code   RO         3298    .ARM.Collect$$rtentry$$0000000C  c_w.l(__rtentry2.o)
    0x000001a0   0x00000008   Code   RO         3299    .ARM.Collect$$rtentry$$0000000D  c_w.l(__rtentry2.o)
    0x000001a8   0x00000002   Code   RO         3363    .ARM.Collect$$rtexit$$00000000  c_w.l(rtexit.o)
    0x000001aa   0x00000000   Code   RO         3394    .ARM.Collect$$rtexit$$00000002  c_w.l(rtexit2.o)
    0x000001aa   0x00000004   Code   RO         3395    .ARM.Collect$$rtexit$$00000003  c_w.l(rtexit2.o)
    0x000001ae   0x00000006   Code   RO         3396    .ARM.Collect$$rtexit$$00000004  c_w.l(rtexit2.o)
    0x000001b4   0x0000009e   Code   RO         1414    .emb_text           port.o
    0x00000252   0x00000002   PAD
    0x00000254   0x00000000   Code   RO         3311    .emb_text           c_w.l(maybetermalloc1.o)
    0x00000254   0x0000003c   Code   RO          271    .text               keil_freertos_startup_lpc15xx.o
    0x00000290   0x0000005e   Code   RO         3071    .text               c_w.l(h1_alloc.o)
    0x000002ee   0x0000004e   Code   RO         3073    .text               c_w.l(h1_free.o)
    0x0000033c   0x000000ee   Code   RO         3129    .text               c_w.l(lludivv7m.o)
    0x0000042a   0x00000002   PAD
    0x0000042c   0x00000018   Code   RO         3133    .text               c_w.l(noretval__2printf.o)
    0x00000444   0x00000078   Code   RO         3141    .text               c_w.l(_printf_dec.o)
    0x000004bc   0x00000058   Code   RO         3146    .text               c_w.l(_printf_hex_int.o)
    0x00000514   0x00000138   Code   RO         3176    .text               c_w.l(__printf_flags_wp.o)
    0x0000064c   0x0000008a   Code   RO         3189    .text               c_w.l(rt_memcpy_v6.o)
    0x000006d6   0x00000010   Code   RO         3191    .text               c_w.l(aeabi_memset.o)
    0x000006e6   0x00000006   Code   RO         3193    .text               c_w.l(heapauxi.o)
    0x000006ec   0x00000008   Code   RO         3207    .text               c_w.l(rt_heap_descriptor_intlibspace.o)
    0x000006f4   0x00000004   Code   RO         3209    .text               c_w.l(hguard.o)
    0x000006f8   0x0000008a   Code   RO         3211    .text               c_w.l(init_alloc.o)
    0x00000782   0x0000000e   Code   RO         3215    .text               c_w.l(h1_init.o)
    0x00000790   0x000000b2   Code   RO         3229    .text               c_w.l(_printf_intcommon.o)
    0x00000842   0x00000002   PAD
    0x00000844   0x00000024   Code   RO         3233    .text               c_w.l(_printf_char_file.o)
    0x00000868   0x00000064   Code   RO         3236    .text               c_w.l(rt_memcpy_w.o)
    0x000008cc   0x00000044   Code   RO         3238    .text               c_w.l(rt_memclr.o)
    0x00000910   0x00000008   Code   RO         3289    .text               c_w.l(libspace.o)
    0x00000918   0x00000034   Code   RO         3313    .text               c_w.l(h1_extend.o)
    0x0000094c   0x00000030   Code   RO         3317    .text               c_w.l(_printf_char_common.o)
    0x0000097c   0x0000000e   Code   RO         3319    .text               c_w.l(defsig_rtmem_outer.o)
    0x0000098a   0x0000004e   Code   RO         3323    .text               c_w.l(rt_memclr_w.o)
    0x000009d8   0x00000002   Code   RO         3332    .text               c_w.l(use_no_semi.o)
    0x000009da   0x00000000   Code   RO         3334    .text               c_w.l(indicate_semi.o)
    0x000009da   0x0000004a   Code   RO         3335    .text               c_w.l(sys_stackheap_outer.o)
    0x00000a24   0x00000012   Code   RO         3343    .text               c_w.l(exit.o)
    0x00000a36   0x0000000a   Code   RO         3345    .text               c_w.l(defsig_exit.o)
    0x00000a40   0x00000050   Code   RO         3351    .text               c_w.l(defsig_rtmem_inner.o)
    0x00000a90   0x00000032   Code   RO         3371    .text               c_w.l(defsig_general.o)
    0x00000ac2   0x0000000e   Code   RO         3391    .text               c_w.l(sys_wrch.o)
    0x00000ad0   0x00000088   Code   RO         2324    i.Board_Debug_Init  board_nxp_lpcxpresso_1549.lib(board.o)
    0x00000b58   0x00000014   Code   RO         2325    i.Board_Init        board_nxp_lpcxpresso_1549.lib(board.o)
    0x00000b6c   0x0000004c   Code   RO         2327    i.Board_LED_Init    board_nxp_lpcxpresso_1549.lib(board.o)
    0x00000bb8   0x00000028   Code   RO         2330    i.Board_LED_Toggle  board_nxp_lpcxpresso_1549.lib(board.o)
    0x00000be0   0x0000004c   Code   RO         2615    i.Board_SetupClocking  board_nxp_lpcxpresso_1549.lib(board_sysinit.o)
    0x00000c2c   0x00000068   Code   RO         2616    i.Board_SetupMuxing  board_nxp_lpcxpresso_1549.lib(board_sysinit.o)
    0x00000c94   0x00000018   Code   RO         2617    i.Board_SystemInit  board_nxp_lpcxpresso_1549.lib(board_sysinit.o)
    0x00000cac   0x00000014   Code   RO         2332    i.Board_UARTPutChar  board_nxp_lpcxpresso_1549.lib(board.o)
    0x00000cc0   0x00000038   Code   RO         1585    i.Chip_Clock_DisablePeriphClock  chip_15xx_lib.lib(clock_15xx.o)
    0x00000cf8   0x00000038   Code   RO         1586    i.Chip_Clock_EnablePeriphClock  chip_15xx_lib.lib(clock_15xx.o)
    0x00000d30   0x0000001c   Code   RO         1588    i.Chip_Clock_GetMainClockRate  chip_15xx_lib.lib(clock_15xx.o)
    0x00000d4c   0x00000048   Code   RO         1590    i.Chip_Clock_GetMain_A_ClockRate  chip_15xx_lib.lib(clock_15xx.o)
    0x00000d94   0x0000004c   Code   RO         1591    i.Chip_Clock_GetMain_B_ClockRate  chip_15xx_lib.lib(clock_15xx.o)
    0x00000de0   0x0000000e   Code   RO         1592    i.Chip_Clock_GetPLLFreq  chip_15xx_lib.lib(clock_15xx.o)
    0x00000dee   0x00000002   PAD
    0x00000df0   0x00000030   Code   RO         1593    i.Chip_Clock_GetPLLInClockRate  chip_15xx_lib.lib(clock_15xx.o)
    0x00000e20   0x00000014   Code   RO         1597    i.Chip_Clock_GetSystemClockRate  chip_15xx_lib.lib(clock_15xx.o)
    0x00000e34   0x00000010   Code   RO         1598    i.Chip_Clock_GetSystemPLLInClockRate  chip_15xx_lib.lib(clock_15xx.o)
    0x00000e44   0x00000018   Code   RO         1599    i.Chip_Clock_GetSystemPLLOutClockRate  chip_15xx_lib.lib(clock_15xx.o)
    0x00000e5c   0x00000064   Code   RO         1600    i.Chip_Clock_GetUARTBaseClockRate  chip_15xx_lib.lib(clock_15xx.o)
    0x00000ec0   0x00000028   Code   RO         1604    i.Chip_Clock_SetMainClockSource  chip_15xx_lib.lib(clock_15xx.o)
    0x00000ee8   0x0000000c   Code   RO         1605    i.Chip_Clock_SetMain_B_ClockSource  chip_15xx_lib.lib(clock_15xx.o)
    0x00000ef4   0x0000000c   Code   RO         2816    i.Chip_Clock_SetSysClockDiv  chip_15xx_lib.lib(sysinit_15xx.o)
    0x00000f00   0x0000000c   Code   RO         2817    i.Chip_Clock_SetSystemPLLSource  chip_15xx_lib.lib(sysinit_15xx.o)
    0x00000f0c   0x00000070   Code   RO         1607    i.Chip_Clock_SetUARTBaseClockRate  chip_15xx_lib.lib(clock_15xx.o)
    0x00000f7c   0x00000014   Code   RO         2818    i.Chip_Clock_SetupSystemPLL  chip_15xx_lib.lib(sysinit_15xx.o)
    0x00000f90   0x00000020   Code   RO         2819    i.Chip_FMC_SetFLASHAccess  chip_15xx_lib.lib(sysinit_15xx.o)
    0x00000fb0   0x0000002e   Code   RO         2733    i.Chip_GPIO_Init    chip_15xx_lib.lib(gpio_15xx.o)
    0x00000fde   0x0000000a   Code   RO         2335    i.Chip_GPIO_SetPinState  board_nxp_lpcxpresso_1549.lib(board.o)
    0x00000fe8   0x00000038   Code   RO         2108    i.Chip_I2CM_SetBusSpeed  chip_15xx_lib.lib(i2cm_15xx.o)
    0x00001020   0x00000016   Code   RO          400    i.Chip_I2CS_EnableSlaveAddr  i2c_slave_interrupt.o
    0x00001036   0x0000000e   Code   RO          401    i.Chip_I2CS_SetSlaveAddr  i2c_slave_interrupt.o
    0x00001044   0x0000009e   Code   RO         2202    i.Chip_I2CS_XferHandler  chip_15xx_lib.lib(i2cs_15xx.o)
    0x000010e2   0x0000001c   Code   RO         2173    i.Chip_I2C_Init     chip_15xx_lib.lib(i2c_common_15xx.o)
    0x000010fe   0x0000000c   Code   RO          402    i.Chip_IOCON_PinMuxSet  i2c_slave_interrupt.o
    0x0000110a   0x0000000c   Code   RO         2336    i.Chip_IOCON_PinMuxSet  board_nxp_lpcxpresso_1549.lib(board.o)
    0x00001116   0x00000030   Code   RO         2789    i.Chip_IOCON_SetPinMuxing  chip_15xx_lib.lib(iocon_15xx.o)
    0x00001146   0x00000012   Code   RO          335    i.Chip_SCTPWM_PercentageToTicks  motor_control.o
    0x00001158   0x0000000e   Code   RO          336    i.Chip_SCTPWM_SetDutyCycle  motor_control.o
    0x00001166   0x00000054   Code   RO         2283    i.Chip_SCTPWM_SetOutPin  chip_15xx_lib.lib(sct_pwm_15xx.o)
    0x000011ba   0x00000002   PAD
    0x000011bc   0x00000060   Code   RO         2284    i.Chip_SCTPWM_SetRate  chip_15xx_lib.lib(sct_pwm_15xx.o)
    0x0000121c   0x0000000c   Code   RO          278    i.Chip_SCT_ClearEventFlag  sct_capture.o
    0x00001228   0x0000002c   Code   RO         2236    i.Chip_SCT_Init     chip_15xx_lib.lib(sct_15xx.o)
    0x00001254   0x00000008   Code   RO         2285    i.Chip_SCT_SetControl  chip_15xx_lib.lib(sct_pwm_15xx.o)
    0x0000125c   0x00000020   Code   RO         1877    i.Chip_SWM_EnableFixedPin  chip_15xx_lib.lib(swm_15xx.o)
    0x0000127c   0x00000028   Code   RO         1880    i.Chip_SWM_MovablePinAssign  chip_15xx_lib.lib(swm_15xx.o)
    0x000012a4   0x00000016   Code   RO         2337    i.Chip_SWM_MovablePortPinAssign  board_nxp_lpcxpresso_1549.lib(board.o)
    0x000012ba   0x00000002   PAD
    0x000012bc   0x0000002c   Code   RO         2675    i.Chip_SYSCTL_AssertPeriphReset  chip_15xx_lib.lib(sysctl_15xx.o)
    0x000012e8   0x0000002c   Code   RO         2676    i.Chip_SYSCTL_DeassertPeriphReset  chip_15xx_lib.lib(sysctl_15xx.o)
    0x00001314   0x00000012   Code   RO         2878    i.Chip_SYSCTL_PeriphReset  chip_15xx_lib.lib(uart_15xx.o)
    0x00001326   0x00000002   PAD
    0x00001328   0x00000028   Code   RO         2678    i.Chip_SYSCTL_PowerDown  chip_15xx_lib.lib(sysctl_15xx.o)
    0x00001350   0x00000028   Code   RO         2679    i.Chip_SYSCTL_PowerUp  chip_15xx_lib.lib(sysctl_15xx.o)
    0x00001378   0x00000064   Code   RO         2821    i.Chip_SetupXtalClocking  chip_15xx_lib.lib(sysinit_15xx.o)
    0x000013dc   0x00000006   Code   RO         2880    i.Chip_UART_GetStatus  chip_15xx_lib.lib(uart_15xx.o)
    0x000013e2   0x00000002   PAD
    0x000013e4   0x0000003c   Code   RO         2882    i.Chip_UART_Init    chip_15xx_lib.lib(uart_15xx.o)
    0x00001420   0x00000034   Code   RO         2888    i.Chip_UART_Send    chip_15xx_lib.lib(uart_15xx.o)
    0x00001454   0x0000002c   Code   RO         2889    i.Chip_UART_SendBlocking  chip_15xx_lib.lib(uart_15xx.o)
    0x00001480   0x00000004   Code   RO         2890    i.Chip_UART_SendByte  chip_15xx_lib.lib(uart_15xx.o)
    0x00001484   0x00000016   Code   RO         2892    i.Chip_UART_SetBaud  chip_15xx_lib.lib(uart_15xx.o)
    0x0000149a   0x00000002   PAD
    0x0000149c   0x00000030   Code   RO          403    i.I2C0_IRQHandler   i2c_slave_interrupt.o
    0x000014cc   0x00000198   Code   RO          279    i.InfraRed_init     sct_capture.o
    0x00001664   0x0000002c   Code   RO          404    i.Init_I2C_PinMux   i2c_slave_interrupt.o
    0x00001690   0x0000014c   Code   RO          280    i.SCT0_IRQHandler   sct_capture.o
    0x000017dc   0x00000020   Code   RO         1415    i.SysTick_Handler   port.o
    0x000017fc   0x00000010   Code   RO         1928    i.SystemCoreClockUpdate  chip_15xx_lib.lib(chip_15xx.o)
    0x0000180c   0x00000008   Code   RO          247    i.SystemInit        sysinit_1.o
    0x00001814   0x0000000e   Code   RO         3174    i._is_digit         c_w.l(__printf_wp.o)
    0x00001822   0x00000006   Code   RO         2339    i._sys_exit         board_nxp_lpcxpresso_1549.lib(board.o)
    0x00001828   0x00000020   Code   RO         1005    i.eTaskConfirmSleepModeStatus  tasks.o
    0x00001848   0x00000008   Code   RO         2341    i.ferror            board_nxp_lpcxpresso_1549.lib(board.o)
    0x00001850   0x00000014   Code   RO         2343    i.fputc             board_nxp_lpcxpresso_1549.lib(board.o)
    0x00001864   0x00000024   Code   RO         2895    i.getUARTClockID    chip_15xx_lib.lib(uart_15xx.o)
    0x00001888   0x00000048   Code   RO          407    i.i2C_slave_Task    i2c_slave_interrupt.o
    0x000018d0   0x00000054   Code   RO          408    i.i2c_setup         i2c_slave_interrupt.o
    0x00001924   0x000000d0   Code   RO            4    i.main              freertos_project_main.o
    0x000019f4   0x00000034   Code   RO          409    i.processSlaveTransferDone  i2c_slave_interrupt.o
    0x00001a28   0x00000020   Code   RO          410    i.processSlaveTransferRecv  i2c_slave_interrupt.o
    0x00001a48   0x00000020   Code   RO          411    i.processSlaveTransferSend  i2c_slave_interrupt.o
    0x00001a68   0x00000024   Code   RO          412    i.processSlaveTransferStart  i2c_slave_interrupt.o
    0x00001a8c   0x00000054   Code   RO         1006    i.prvAddCurrentTaskToDelayedList  tasks.o
    0x00001ae0   0x0000003a   Code   RO         1007    i.prvAllocateTCBAndStack  tasks.o
    0x00001b1a   0x00000002   PAD
    0x00001b1c   0x00000064   Code   RO         1313    i.prvCheckForValidListAndQueue  timers.o
    0x00001b80   0x00000064   Code   RO         1008    i.prvCheckTasksWaitingTermination  tasks.o
    0x00001be4   0x0000002a   Code   RO          818    i.prvCopyDataFromQueue  queue.o
    0x00001c0e   0x00000076   Code   RO          819    i.prvCopyDataToQueue  queue.o
    0x00001c84   0x00000012   Code   RO         1009    i.prvDeleteTCB      tasks.o
    0x00001c96   0x00000002   PAD
    0x00001c98   0x00000034   Code   RO         1010    i.prvGetExpectedIdleTime  tasks.o
    0x00001ccc   0x00000028   Code   RO         1314    i.prvGetNextExpireTime  timers.o
    0x00001cf4   0x00000040   Code   RO         1011    i.prvIdleTask       tasks.o
    0x00001d34   0x00000056   Code   RO         1012    i.prvInitialiseTCBVariables  tasks.o
    0x00001d8a   0x00000002   PAD
    0x00001d8c   0x00000068   Code   RO         1013    i.prvInitialiseTaskLists  tasks.o
    0x00001df4   0x00000058   Code   RO         1315    i.prvInsertTimerInActiveList  timers.o
    0x00001e4c   0x0000001a   Code   RO          820    i.prvIsQueueEmpty   queue.o
    0x00001e66   0x0000001e   Code   RO          821    i.prvIsQueueFull    queue.o
    0x00001e84   0x0000004c   Code   RO         1316    i.prvProcessExpiredTimer  timers.o
    0x00001ed0   0x000000c0   Code   RO         1317    i.prvProcessReceivedCommands  timers.o
    0x00001f90   0x0000004c   Code   RO         1318    i.prvProcessTimerOrBlockTask  timers.o
    0x00001fdc   0x00000034   Code   RO         1015    i.prvResetNextTaskUnblockTime  tasks.o
    0x00002010   0x0000002c   Code   RO         1319    i.prvSampleTimeNow  timers.o
    0x0000203c   0x0000000c   Code   RO            5    i.prvSetupHardware  freertos_project_main.o
    0x00002048   0x00000084   Code   RO         1320    i.prvSwitchTimerLists  timers.o
    0x000020cc   0x00000008   Code   RO         1416    i.prvTaskExitError  port.o
    0x000020d4   0x0000001a   Code   RO         1321    i.prvTimerTask      timers.o
    0x000020ee   0x0000007e   Code   RO          822    i.prvUnlockQueue    queue.o
    0x0000216c   0x00000018   Code   RO         1504    i.pvPortMalloc      heap_3.o
    0x00002184   0x0000006c   Code   RO          337    i.pwm_init          motor_control.o
    0x000021f0   0x00000020   Code   RO          338    i.pwm_setup_pin     motor_control.o
    0x00002210   0x000000ac   Code   RO          339    i.pwm_task          motor_control.o
    0x000022bc   0x00000020   Code   RO         1417    i.pxPortInitialiseStack  port.o
    0x000022dc   0x00000034   Code   RO          413    i.setupI2CMaster    i2c_slave_interrupt.o
    0x00002310   0x00000068   Code   RO          414    i.setupI2CSlave     i2c_slave_interrupt.o
    0x00002378   0x0000000e   Code   RO          340    i.speedDecrease     motor_control.o
    0x00002386   0x00000010   Code   RO          341    i.speedIncrease     motor_control.o
    0x00002396   0x00000028   Code   RO          739    i.uxListRemove      list.o
    0x000023be   0x00000004   Code   RO         1535    i.vApplicationIdleHook  freertoscommonhooks.o
    0x000023c2   0x0000001a   Code   RO          740    i.vListInitialise   list.o
    0x000023dc   0x00000006   Code   RO          741    i.vListInitialiseItem  list.o
    0x000023e2   0x00000034   Code   RO          742    i.vListInsert       list.o
    0x00002416   0x00000018   Code   RO          743    i.vListInsertEnd    list.o
    0x0000242e   0x00000002   PAD
    0x00002430   0x00000020   Code   RO         1419    i.vPortEnterCritical  port.o
    0x00002450   0x00000020   Code   RO         1420    i.vPortExitCritical  port.o
    0x00002470   0x00000016   Code   RO         1505    i.vPortFree         heap_3.o
    0x00002486   0x00000002   PAD
    0x00002488   0x0000005c   Code   RO         1421    i.vPortSetupTimerInterrupt  port.o
    0x000024e4   0x00000144   Code   RO         1422    i.vPortSuppressTicksAndSleep  port.o
    0x00002628   0x00000018   Code   RO         1423    i.vPortYield        port.o
    0x00002640   0x0000002c   Code   RO          828    i.vQueueAddToRegistry  queue.o
    0x0000266c   0x0000003a   Code   RO          832    i.vQueueWaitForMessageRestricted  queue.o
    0x000026a6   0x00000002   PAD
    0x000026a8   0x00000038   Code   RO         1024    i.vTaskDelay        tasks.o
    0x000026e0   0x0000000c   Code   RO         1028    i.vTaskMissedYield  tasks.o
    0x000026ec   0x00000048   Code   RO         1029    i.vTaskPlaceOnEventList  tasks.o
    0x00002734   0x00000034   Code   RO         1030    i.vTaskPlaceOnEventListRestricted  tasks.o
    0x00002768   0x00000058   Code   RO         1032    i.vTaskPriorityDisinherit  tasks.o
    0x000027c0   0x0000008c   Code   RO         1033    i.vTaskPriorityInherit  tasks.o
    0x0000284c   0x00000018   Code   RO         1037    i.vTaskSetTimeOutState  tasks.o
    0x00002864   0x00000054   Code   RO         1038    i.vTaskStartScheduler  tasks.o
    0x000028b8   0x00000010   Code   RO         1039    i.vTaskStepTick     tasks.o
    0x000028c8   0x00000010   Code   RO         1041    i.vTaskSuspendAll   tasks.o
    0x000028d8   0x0000008c   Code   RO         1042    i.vTaskSwitchContext  tasks.o
    0x00002964   0x00000034   Code   RO            8    i.vUARTTask         freertos_project_main.o
    0x00002998   0x00000034   Code   RO         1424    i.xPortStartScheduler  port.o
    0x000029cc   0x0000004e   Code   RO          835    i.xQueueGenericCreate  queue.o
    0x00002a1a   0x0000011c   Code   RO          836    i.xQueueGenericReceive  queue.o
    0x00002b36   0x0000006e   Code   RO          837    i.xQueueGenericReset  queue.o
    0x00002ba4   0x000000e0   Code   RO          838    i.xQueueGenericSend  queue.o
    0x00002c84   0x0000006a   Code   RO          839    i.xQueueGenericSendFromISR  queue.o
    0x00002cee   0x00000002   PAD
    0x00002cf0   0x0000005c   Code   RO         1043    i.xTaskCheckForTimeOut  tasks.o
    0x00002d4c   0x00000100   Code   RO         1044    i.xTaskGenericCreate  tasks.o
    0x00002e4c   0x0000000c   Code   RO         1045    i.xTaskGetCurrentTaskHandle  tasks.o
    0x00002e58   0x00000020   Code   RO         1046    i.xTaskGetSchedulerState  tasks.o
    0x00002e78   0x00000018   Code   RO         1047    i.xTaskGetTickCount  tasks.o
    0x00002e90   0x0000011c   Code   RO         1049    i.xTaskIncrementTick  tasks.o
    0x00002fac   0x00000080   Code   RO         1050    i.xTaskRemoveFromEventList  tasks.o
    0x0000302c   0x000000d8   Code   RO         1052    i.xTaskResumeAll    tasks.o
    0x00003104   0x00000040   Code   RO         1324    i.xTimerCreateTimerTask  timers.o
    0x00003144   0x0000006c   Code   RO         1325    i.xTimerGenericCommand  timers.o
    0x000031b0   0x00000010   Data   RO          416    .constdata          i2c_slave_interrupt.o
    0x000031c0   0x0000001d   Data   RO         2344    .constdata          board_nxp_lpcxpresso_1549.lib(board.o)
    0x000031dd   0x00000003   PAD
    0x000031e0   0x0000007a   Data   RO         2618    .constdata          board_nxp_lpcxpresso_1549.lib(board_sysinit.o)
    0x0000325a   0x00000028   Data   RO         3147    .constdata          c_w.l(_printf_hex_int.o)
    0x00003282   0x00000011   Data   RO         3177    .constdata          c_w.l(__printf_flags_wp.o)
    0x00003293   0x00000001   PAD
    0x00003294   0x00000020   Data   RO         3419    Region$$Table       anon$$obj.o


    Execution Region RW_IRAM1 (Base: 0x02000000, Size: 0x00001e80, Max: 0x00009000, ABSOLUTE)

    Base Addr    Size         Type   Attr      Idx    E Section Name        Object

    0x02000000   0x0000001c   Data   RW          281    .data               sct_capture.o
    0x0200001c   0x00000010   Data   RW          417    .data               i2c_slave_interrupt.o
    0x0200002c   0x00000038   Data   RW         1055    .data               tasks.o
    0x02000064   0x00000010   Data   RW         1328    .data               timers.o
    0x02000074   0x00000010   Data   RW         1425    .data               port.o
    0x02000084   0x00000004   Data   RW         1929    .data               chip_15xx_lib.lib(chip_15xx.o)
    0x02000088   0x0000000c   Data   RW         2345    .data               board_nxp_lpcxpresso_1549.lib(board.o)
    0x02000094   0x00000410   Zero   RW          415    .bss                i2c_slave_interrupt.o
    0x020004a4   0x00000050   Zero   RW          846    .bss                queue.o
    0x020004f4   0x00000104   Zero   RW         1054    .bss                tasks.o
    0x020005f8   0x00000028   Zero   RW         1327    .bss                timers.o
    0x02000620   0x00000060   Zero   RW         3290    .bss                c_w.l(libspace.o)
    0x02000680   0x00001000   Zero   RW          269    HEAP                keil_freertos_startup_lpc15xx.o
    0x02001680   0x00000800   Zero   RW          268    STACK               keil_freertos_startup_lpc15xx.o


==============================================================================

Image component sizes


      Code (inc. data)   RO Data    RW Data    ZI Data      Debug   Object Name

       272         88          0          0          0      19567   freertos_project_main.o
         4          0          0          0          0        483   freertoscommonhooks.o
        46          0          0          0          0       1207   heap_3.o
       604        134         16         16       1040      37990   i2c_slave_interrupt.o
        60         28        252          0       6144        680   keil_freertos_startup_lpc15xx.o
       148          0          0          0          0       4682   list.o
         0          0          0          0          0       2448   mainsd.o
       374         46          0          0          0       8170   motor_control.o
       786         78          0         16          0       8330   port.o
      1246          6          0          0         80      10961   queue.o
       752        146          0         28          0      35130   sct_capture.o
         8          0          0          0          0        413   sysinit_1.o
      2394        384          0         56        260      21126   tasks.o
       946        104          0         16         40       8619   timers.o

    ----------------------------------------------------------------------
      7656       1014        300        132       7564     159806   Object Totals
         0          0         32          0          0          0   (incl. Generated)
        16          0          0          0          0          0   (incl. Padding)

    ----------------------------------------------------------------------

      Code (inc. data)   RO Data    RW Data    ZI Data      Debug   Library Member Name

       370         34         29         12          0      18041   board.o
       204         30        122          0          0      15437   board_sysinit.o
         8          0          0          0          0         68   __main.o
       312          4         17          0          0         92   __printf_flags_wp.o
        14          0          0          0          0         68   __printf_wp.o
         0          0          0          0          0          0   __rtentry.o
        12          0          0          0          0          0   __rtentry2.o
         6          0          0          0          0          0   __rtentry4.o
        52          8          0          0          0          0   __scatter.o
        26          0          0          0          0          0   __scatter_copy.o
        28          0          0          0          0          0   __scatter_zi.o
        48          6          0          0          0         96   _printf_char_common.o
        36          4          0          0          0         80   _printf_char_file.o
         6          0          0          0          0          0   _printf_d.o
       120         16          0          0          0         92   _printf_dec.o
        88          4         40          0          0         88   _printf_hex_int.o
       178          0          0          0          0         88   _printf_intcommon.o
         0          0          0          0          0          0   _printf_percent.o
         4          0          0          0          0          0   _printf_percent_end.o
         6          0          0          0          0          0   _printf_u.o
         6          0          0          0          0          0   _printf_x.o
        16          0          0          0          0         68   aeabi_memset.o
        10          0          0          0          0         68   defsig_exit.o
        50          0          0          0          0         88   defsig_general.o
        80         58          0          0          0         76   defsig_rtmem_inner.o
        14          0          0          0          0         80   defsig_rtmem_outer.o
        18          0          0          0          0         80   exit.o
        94          0          0          0          0         80   h1_alloc.o
        52          0          0          0          0         68   h1_extend.o
        78          0          0          0          0         80   h1_free.o
        14          0          0          0          0         84   h1_init.o
         6          0          0          0          0        152   heapauxi.o
         4          0          0          0          0        136   hguard.o
         0          0          0          0          0          0   indicate_semi.o
       138          0          0          0          0        168   init_alloc.o
         2          0          0          0          0          0   libinit.o
        10          0          0          0          0          0   libinit2.o
         2          0          0          0          0          0   libshutdown.o
         2          0          0          0          0          0   libshutdown2.o
         8          4          0          0         96         68   libspace.o
       238          0          0          0          0        100   lludivv7m.o
         0          0          0          0          0          0   maybetermalloc1.o
        24          4          0          0          0         84   noretval__2printf.o
         8          4          0          0          0         68   rt_heap_descriptor_intlibspace.o
        68          0          0          0          0         68   rt_memclr.o
        78          0          0          0          0         80   rt_memclr_w.o
       138          0          0          0          0         68   rt_memcpy_v6.o
       100          0          0          0          0         80   rt_memcpy_w.o
         2          0          0          0          0          0   rtexit.o
        10          0          0          0          0          0   rtexit2.o
        74          0          0          0          0         80   sys_stackheap_outer.o
        14          0          0          0          0         76   sys_wrch.o
         2          0          0          0          0         68   use_no_semi.o
        16          4          0          4          0       7654   chip_15xx.o
       674         80          0          0          0      19294   clock_15xx.o
        46          0          0          0          0       2881   gpio_15xx.o
        28          0          0          0          0        568   i2c_common_15xx.o
        56          0          0          0          0       5656   i2cm_15xx.o
       158          0          0          0          0       6752   i2cs_15xx.o
        48          0          0          0          0       2158   iocon_15xx.o
        44          0          0          0          0       4156   sct_15xx.o
       188          6          0          0          0       6194   sct_pwm_15xx.o
        72          8          0          0          0       1082   swm_15xx.o
       168         36          0          0          0       8952   sysctl_15xx.o
       176         28          0          0          0      13453   sysinit_15xx.o
       242         18          0          0          0      11251   uart_15xx.o

    ----------------------------------------------------------------------
      4812        356        212         16         96     126269   Library Totals
        18          0          4          0          0          0   (incl. Padding)

    ----------------------------------------------------------------------

      Code (inc. data)   RO Data    RW Data    ZI Data      Debug   Library Name

       574         64        151         12          0      33478   board_nxp_lpcxpresso_1549.lib
      2304        112         57          0         96       2740   c_w.l
      1916        180          0          4          0      90051   chip_15xx_lib.lib

    ----------------------------------------------------------------------
      4812        356        212         16         96     126269   Library Totals

    ----------------------------------------------------------------------

==============================================================================


      Code (inc. data)   RO Data    RW Data    ZI Data      Debug   

     12468       1370        512        148       7660     276815   Grand Totals
     12468       1370        512        148       7660     276815   ELF Image Totals
     12468       1370        512        148          0          0   ROM Totals

==============================================================================

    Total RO  Size (Code + RO Data)                12980 (  12.68kB)
    Total RW  Size (RW Data + ZI Data)              7808 (   7.63kB)
    Total ROM Size (Code + RO Data + RW Data)      13128 (  12.82kB)

==============================================================================

